D/AlarmManager(  885):  whichBatch = 4
D/AlarmManager(  885):  whichBatch = -2
D/AlarmManager(  885):  whichBatch = -1
D/AlarmManager(  885):  whichBatch = -1
D/AlarmManager(  885):  whichBatch = -1
D/AlarmManager(  885):  whichBatch = -1
D/AlarmManager(  885):  whichBatch = -1
D/AlarmManager(  885):  whichBatch = -2
D/AlarmManager(  885):  whichBatch = 7
D/AlarmManager(  885):  whichBatch = 7
D/AlarmManager(  885):  whichBatch = 7
D/AlarmManager(  885):  whichBatch = 10
D/AlarmManager(  885):  whichBatch = -2
D/AlarmManager(  885):  whichBatch = 12
D/AlarmManager(  885):  whichBatch = 12
D/AlarmManager(  885):  whichBatch = 12
D/AlarmManager(  885):  whichBatch = 12
D/AlarmManager(  885):  whichBatch = -2
D/AlarmManager(  885):  whichBatch = -2
D/AlarmManager(  885):  whichBatch = -1
D/AlarmManager(  885):  whichBatch = -1
D/AlarmManager(  885):  whichBatch = -1
D/AlarmManager(  885):  whichBatch = -2
D/AlarmManager(  885):  whichBatch = 15
D/AlarmManager(  885):  whichBatch = 16
D/AlarmManager(  885):  whichBatch = 16
D/AlarmManager(  885):  whichBatch = 16
D/AlarmManager(  885):  whichBatch = 16
D/AlarmManager(  885):  whichBatch = 16
D/AlarmManager(  885):  whichBatch = 18
D/AlarmManager(  885):  whichBatch = 18
D/AlarmManager(  885):  whichBatch = -1
D/AlarmManager(  885):  whichBatch = -1
D/AlarmManager(  885):  whichBatch = -2
D/AlarmManager(  885):  whichBatch = 19
D/AlarmManager(  885):  whichBatch = 19
D/AlarmManager(  885):  whichBatch = 19
D/AlarmManager(  885):  whichBatch = 19
D/AlarmManager(  885):  whichBatch = 19
D/AlarmManager(  885):  whichBatch = -1
D/AlarmManager(  885):  whichBatch = -1
D/AlarmManager(  885):  whichBatch = -2
D/AlarmManager(  885):  whichBatch = 23
D/AlarmManager(  885):  whichBatch = 23
D/AlarmManager(  885):  whichBatch = -2
D/AlarmManager(  885):  whichBatch = 25
D/AlarmManager(  885):  whichBatch = -2
D/AlarmManager(  885):  whichBatch = 26
D/AlarmManager(  885):  whichBatch = 26
D/AlarmManager(  885):  whichBatch = -2
D/AlarmManager(  885):  whichBatch = -1
D/AlarmManager(  885):  whichBatch = -2
D/AlarmManager(  885):  whichBatch = 28
D/AlarmManager(  885):  whichBatch = 28
D/AlarmManager(  885):  whichBatch = 28
D/AlarmManager(  885):  whichBatch = 28
D/AlarmManager(  885):  whichBatch = -2
D/AlarmManager(  885):  whichBatch = 30
D/AlarmManager(  885):  whichBatch = -2
D/AlarmManager(  885):  whichBatch = 31
D/AlarmManager(  885):  whichBatch = -2
D/AlarmManager(  885):  whichBatch = 32
D/AlarmManager(  885):  whichBatch = 32
D/AlarmManager(  885):  whichBatch = 32
D/AlarmManager(  885):  whichBatch = 32
D/AlarmManager(  885):  whichBatch = -2
D/AlarmManager(  885):  whichBatch = -2
D/AlarmManager(  885):  whichBatch = -2
D/AlarmManager(  885):  whichBatch = -1
D/AlarmManager(  885):  whichBatch = -2
D/AlarmManager(  885):  whichBatch = 36
D/AlarmManager(  885):  whichBatch = 36
D/AlarmManager(  885):  whichBatch = 36
D/AlarmManager(  885):  whichBatch = 36
D/AlarmManager(  885):  whichBatch = 37
D/AlarmManager(  885):  whichBatch = 37
D/AlarmManager(  885):  whichBatch = 37
D/AlarmManager(  885):  whichBatch = 37
D/AlarmManager(  885):  whichBatch = 37
D/AlarmManager(  885):  whichBatch = 37
D/AlarmManager(  885):  whichBatch = 37
D/AlarmManager(  885):  whichBatch = -1
D/AlarmManager(  885):  whichBatch = -2
D/AlarmManager(  885):  whichBatch = 38
D/AlarmManager(  885):  whichBatch = -2
D/AlarmManager(  885):  whichBatch = -2
D/AlarmManager(  885):  whichBatch = 41
D/AlarmManager(  885):  whichBatch = 41
D/AlarmManager(  885):  whichBatch = 41
D/AlarmManager(  885):  whichBatch = 41
D/AlarmManager(  885):  whichBatch = 41
D/AlarmManager(  885):  whichBatch = -1
D/AlarmManager(  885):  whichBatch = -1
D/AlarmManager(  885):  whichBatch = -2
D/AlarmManager(  885):  whichBatch = -1
D/AlarmManager(  885):  whichBatch = -1
D/AlarmManager(  885):  whichBatch = -1
D/AlarmManager(  885):  whichBatch = -2
D/AlarmManager(  885):  whichBatch = 48
D/AlarmManager(  885):  whichBatch = 48
D/AlarmManager(  885):  whichBatch = 48
D/AlarmManager(  885):  whichBatch = -2
D/AlarmManager(  885):  whichBatch = -1
D/AlarmManager(  885):  whichBatch = -1
D/AlarmManager(  885):  whichBatch = -2
D/AlarmManager(  885):  whichBatch = 50
D/AlarmManager(  885):  whichBatch = 50
D/AlarmManager(  885):  whichBatch = 50
D/AlarmManager(  885):  whichBatch = 51
D/AlarmManager(  885):  whichBatch = -2
D/AlarmManager(  885):  whichBatch = 53
D/AlarmManager(  885):  whichBatch = -2
D/AlarmManager(  885):  whichBatch = -2
D/AlarmManager(  885):  whichBatch = -2
D/AlarmManager(  885):  whichBatch = -2
D/AlarmManager(  885):  whichBatch = 57
D/AlarmManager(  885):  whichBatch = 57
D/AlarmManager(  885):  whichBatch = 57
D/AlarmManager(  885):  whichBatch = -2
D/AlarmManager(  885):  whichBatch = 58
D/AlarmManager(  885):  whichBatch = -2
D/AlarmManager(  885):  whichBatch = -2
D/AlarmManager(  885):  whichBatch = 60
D/AlarmManager(  885):  whichBatch = -2
D/AlarmManager(  885):  whichBatch = 61
D/AlarmManager(  885):  whichBatch = 61
D/AlarmManager(  885):  whichBatch = 61
D/AlarmManager(  885):  whichBatch = 61
D/AlarmManager(  885):  whichBatch = -1
D/AlarmManager(  885):  whichBatch = -2
D/AlarmManager(  885):  whichBatch = 63
D/AlarmManager(  885):  whichBatch = -1
D/AlarmManager(  885):  whichBatch = -1
D/AlarmManager(  885):  whichBatch = -2
D/AlarmManager(  885):  whichBatch = 66
D/AlarmManager(  885):  whichBatch = 66
D/AlarmManager(  885):  whichBatch = 66
D/AlarmManager(  885):  whichBatch = 66
D/AlarmManager(  885):  whichBatch = 66
D/AlarmManager(  885):  whichBatch = 66
D/AlarmManager(  885):  whichBatch = 66
D/AlarmManager(  885):  whichBatch = 66
D/AlarmManager(  885):  whichBatch = 66
D/AlarmManager(  885):  whichBatch = 66
D/AlarmManager(  885):  whichBatch = -2
W/ContextImpl(23118): Failed to ensure directory: /storage/ext_sd/Android/data/com.cleanmaster.mguard/files
W/ContextImpl(23118): Failed to ensure directory: /storage/ext_sd/Android/data/com.cleanmaster.mguard/files
W/ContextImpl(23118): Failed to ensure directory: /storage/ext_sd/Android/data/com.cleanmaster.mguard/files
D/NetworkController( 1243): [Strength][0][SubId:1][GSM] SignalStrength: 16 41 -120 -160 -6 0 -1 99 2147483647 2147483647 2147483647 2147483647 gsm|lte 1 -320 -15 -1 gsm|lte
D/PhoneInterfaceManager( 1612): [PhoneIntfMgr] getDataNetworkType=15
D/PhoneInterfaceManager( 1612): [PhoneIntfMgr] getDataNetworkType=15
D/SignalClusterView( 1243): vpn: GONE
D/SignalClusterView( 1243): wifi=G,stat_sys_wifi_signal_connected_0 air=G,stat_sys_signal_flightmode data[0]=V,stat_sys_data_connected_h sig[0]=V,cdma_stat_sys_s1_5signal_5 data[1]=G,(null) sig[1]=V,cdma_stat_sys_s2_5signal_5
D/SignalClusterView( 1243): vpn: GONE
D/SignalClusterView( 1243): wifi=G,stat_sys_wifi_signal_connected_0 air=G,stat_sys_signal_flightmode data[0]=V,stat_sys_data_connected_h sig[0]=V,cdma_stat_sys_s1_5signal_5 data[1]=G,(null) sig[1]=V,cdma_stat_sys_s2_5signal_5
D/PerfServiceManager(  885): [PerfService] notifyFrameUpdate - bDuringTouchBoost:false 
I/BufferQueueProducer(  341): [StatusBar](this:0x559b6300e0,id:8,api:1,p:1243,c:341) queueBuffer: fps=0.89 dur=3386.76 max=2500.44 min=31.59
E/WifiStateMachine(  885):  ScanModeState (when=0 what=131152 arg1=4405 arg2=1) !CMD_SET_COUNTRY_CODE 4405 1 lk
E/WifiStateMachine(  885):  DriverStartedState (when=-1ms what=131152 arg1=4405 arg2=1) !CMD_SET_COUNTRY_CODE 4405 1 lk
E/WifiStateMachine(  885): set country code lk
D/WifiP2pService(  885): P2pDisabledState P2P.SET_COUNTRY_CODE{ when=-1ms what=143376 obj=LK target=com.android.internal.util.StateMachine$SmHandler obj=LK }
D/WifiP2pService(  885): DefaultState P2P.SET_COUNTRY_CODE{ when=-1ms what=143376 obj=LK target=com.android.internal.util.StateMachine$SmHandler obj=LK }
D/NetworkController( 1243): [SrvState][0][SubId:1][GSM] 0 0 voice home data home Etisalat Etisalat 41303 Etisalat Etisalat 41303  UMTS UMTS CSS not supported -1 -1 RoamInd=-1 DefRoamInd=-1 EmergOnly=false Ril Voice Regist state: 1 Ril Data Regist state: 1 mProprietaryDataRadioTechnology: 0 mCdmaNetWorkMode: 0EriInd= -1EriMode= -1RadioPowerSv: false EmergOnly=false PhoneType: 0 IMSRegState: -1
D/PhoneInterfaceManager( 1612): [PhoneIntfMgr] getDataNetworkType=3
D/PhoneInterfaceManager( 1612): [PhoneIntfMgr] getDataNetworkType=3
D/SignalClusterView( 1243): vpn: GONE
D/SignalClusterView( 1243): wifi=G,stat_sys_wifi_signal_connected_0 air=G,stat_sys_signal_flightmode data[0]=V,stat_sys_data_connected_h sig[0]=V,cdma_stat_sys_s1_5signal_5 data[1]=G,(null) sig[1]=V,cdma_stat_sys_s2_5signal_5
D/SignalClusterView( 1243): vpn: GONE
D/SignalClusterView( 1243): wifi=G,stat_sys_wifi_signal_connected_0 air=G,stat_sys_signal_flightmode data[0]=V,stat_sys_data_connected_h sig[0]=V,cdma_stat_sys_s1_5signal_5 data[1]=G,(null) sig[1]=V,cdma_stat_sys_s2_5signal_5
I/QuickSettingAirplane( 1243): receiveLoc(STATE_IN_SERVICE,STATE_IN_SERVICE)
I/QuickSettingAirplane( 1243): isAllRadioOff:STATE_IN_SERVICE/STATE_IN_SERVICE
I/QuickSettingAirplane( 1243): getActualState:STATE_AIRPLANE_OFF airplaneOn:false radioAllOff:false
D/WifiStateMachine(  885): onReceive, action:android.intent.action.SERVICE_STATE
D/WifiStateMachine(  885): mReceiver: ACTION_SERVICE_STATE_CHANGED
D/WifiStateMachine(  885): ServiceState: 0 :41303
D/ConnectivityManager.CallbackHandler( 1243): CM callback handler got msg 524290
I/SecurityController( 1243): onAvailable(149,[ Transports: CELLULAR Capabilities: SUPL&DUN&INTERNET&NOT_RESTRICTED&TRUSTED&NOT_VPN LinkUpBandwidth>=384Kbps LinkDnBandwidth>=384Kbps Specifier: <1>])
D/ConnectivityManager.CallbackHandler(11194): CM callback handler got msg 524290
D/ConnectivityManager.CallbackHandler(11194): CM callback handler got msg 524290
D/ConnectivityManager.CallbackHandler( 1243): CM callback handler got msg 524294
D/ConnectivityManager.CallbackHandler(11194): CM callback handler got msg 524294
D/ConnectivityManager.CallbackHandler(11194): CM callback handler got msg 524294
D/ConnectivityManager.CallbackHandler( 5500): CM callback handler got msg 524290
D/ConnectivityManager.CallbackHandler(18796): CM callback handler got msg 524290
D/ConnectivityManager.CallbackHandler(22486): CM callback handler got msg 524290
D/ConnectivityManager.CallbackHandler( 5929): CM callback handler got msg 524290
D/ConnectivityManager.CallbackHandler( 5500): CM callback handler got msg 524294
D/NetworkController( 1243): [DataConnect][0][SubId:1][GSM] CONNECTED,UMTS
D/ConnectivityManager.CallbackHandler(23118): CM callback handler got msg 524290
D/FlexNetRA( 6822): ActionA>android.intent.action.SERVICE_STATE
W/ContextImpl(23118): Failed to ensure directory: /storage/ext_sd/Android/data/com.cleanmaster.mguard/files
D/ConnectivityManager.CallbackHandler( 2561): CM callback handler got msg 524290
D/ConnectivityManager.CallbackHandler(23118): CM callback handler got msg 524290
D/ConnectivityManager.CallbackHandler(18796): CM callback handler got msg 524294
W/CustomizationManager( 6866): htcmobiledata reader is null,return default reader
W/SystemReader( 6866): Cannot find OmaCPSupportList, use default value instead
D/ActivityThread( 6866): SVC-Calling onStartCommand: com.htc.mobiledata.MobileDataService@3f2bbbe0, flags=0, startId=1
D/PhoneInterfaceManager( 1612): [PhoneIntfMgr] getDataNetworkType=3
D/ConnectivityManager.CallbackHandler( 2561): CM callback handler got msg 524294
D/GsmCellLocation( 1612): fillInNotifierBundle:Bundle[{cid=103040, lac=3001, psc=-1, type=1}]
D/ConnectivityManager.CallbackHandler(22486): CM callback handler got msg 524290
D/ConnectivityManager.CallbackHandler( 5929): CM callback handler got msg 524294
D/PhoneInterfaceManager( 1612): [PhoneIntfMgr] getDataNetworkType=3
D/ConnectivityManager.CallbackHandler(23118): CM callback handler got msg 524294
E/CellLocation( 1735): create GsmCellLocation
I/PhoneUtils( 1612): ============== debugSubIds getSlotIdFromIntent() slotId: 0
I/PhoneUtils( 1612): ============== debugSubIds getSlotIdFromIntent() slotId: 0
D/ActivityThread( 6866): SVC-Calling onStartCommand: com.htc.mobiledata.MobileDataService@3f2bbbe0, flags=0, startId=2
D/AutoSetting( 5108): receiver - intent: android.intent.action.SERVICE_STATE
D/ConnectivityManager.CallbackHandler(23118): CM callback handler got msg 524294
D/ConnectivityManager.CallbackHandler(22486): CM callback handler got msg 524294
D/PhoneInterfaceManager( 1612): [PhoneIntfMgr] getDataNetworkType=3
D/SignalClusterView( 1243): vpn: GONE
D/SignalClusterView( 1243): wifi=G,stat_sys_wifi_signal_connected_0 air=G,stat_sys_signal_flightmode data[0]=V,cdma_sys_data_connected_3g sig[0]=V,cdma_stat_sys_s1_5signal_5 data[1]=G,(null) sig[1]=V,cdma_stat_sys_s2_5signal_5
D/SignalClusterView( 1243): vpn: GONE
D/SignalClusterView( 1243): wifi=G,stat_sys_wifi_signal_connected_0 air=G,stat_sys_signal_flightmode data[0]=V,cdma_sys_data_connected_3g sig[0]=V,cdma_stat_sys_s1_5signal_5 data[1]=G,(null) sig[1]=V,cdma_stat_sys_s2_5signal_5
D/HtcNLPSwitchReceiver( 5108): onReceive(): android.intent.action.SERVICE_STATE
D/PhoneInterfaceManager( 1612): [PhoneIntfMgr] getDataNetworkType=3
D/ConnectivityManager.CallbackHandler(22486): CM callback handler got msg 524294
D/ActivityThread( 6866): SVC-Calling onStartCommand: com.htc.mobiledata.MobileDataService@3f2bbbe0, flags=0, startId=3
W/Settings( 5108): Setting device_provisioned has moved from android.provider.Settings.System to android.provider.Settings.Global, returning read-only value.
D/GsmCellLocation( 1612): fillInNotifierBundle:Bundle[{cid=103040, lac=3001, psc=-1, type=1}]
E/CellLocation(18796): create GsmCellLocation
D/NetworkController( 1243): [Strength][1][SubId:2][GSM] SignalStrength: 22 99 -120 -160 -120 0 -1 99 2147483647 2147483647 2147483647 2147483647 gsm|lte -274 1 1 -1 gsm|lte
D/PhoneInterfaceManager( 1612): [PhoneIntfMgr] getDataNetworkType=3
D/PhoneApp( 1612): updateServiceState isDataRoaming: false
E/VoLteGlobals( 1612): No VoLteGlobals here!
D/ActivityThread( 6822): SVC-Calling onStartCommand: com.htc.flexnet.FlexNetService@5a753c3, flags=0, startId=1
V/FlexNetS( 6822): onStartCommand(1) { when=-1ms what=0 arg2=1 obj=Intent { act=ACTION_CAMPNETWORK_NOT_IN_SERVICE_OR_ROAMING cmp=com.htc.flexnet/.FlexNetService } target=com.htc.flexnet.j obj=Intent { act=ACTION_CAMPNETWORK_NOT_IN_SERVICE_OR_ROAMING cmp=com.htc.flexnet/.FlexNetService } }
D/ConnectivityManager.CallbackHandler( 1243): CM callback handler got msg 524295
D/MPlugin ( 6822): createInstance(): Begin = 155003074
D/MPlugin ( 6822): create Instance (two parameters) with : com.mediatek.common.telephony.IOnlyOwnerSimSupport
D/MPlugin ( 6822): Clazz exists on mapping table : false
E/MPlugin ( 6822): Unsupported class: com.mediatek.common.telephony.IOnlyOwnerSimSupport
D/MPlugin ( 6822): createInstance(): End = 155003074
D/ConnectivityManager.CallbackHandler(11194): CM callback handler got msg 524295
D/ConnectivityManager.CallbackHandler(23118): CM callback handler got msg 524295
D/ConnectivityManager.CallbackHandler(11194): CM callback handler got msg 524295
D/PhoneInterfaceManager( 1612): [PhoneIntfMgr] getAllCellInfo: info = [CellInfoWcdma:{mRegistered=YES mTimeStampType=oem_ril mTimeStamp=329929181000000ns CellIdentityWcdma:{ mMcc=413 mMnc=3 mLac=3001 mCid=103040 mPsc=288} CellSignalStrengthWcdma: ss=36 ber=41}, CellInfoWcdma:{mRegistered=NO mTimeStampType=oem_ril mTimeStamp=329929181000000ns CellIdentityWcdma:{ mMcc=413 mMnc=3 mLac=3001 mCid=103040 mPsc=288} CellSignalStrengthWcdma: ss=36 ber=41}, CellInfoWcdma:{mRegistered=NO mTimeStampType=oem_ril mTimeStamp=329929181000000ns CellIdentityWcdma:{ mMcc=413 mMnc=3 mLac=3001 mCid=103041 mPsc=296} CellSignalStrengthWcdma: ss=18 ber=6}, CellInfoWcdma:{mRegistered=NO mTimeStampType=oem_ril mTimeStamp=329929181000000ns CellIdentityWcdma:{ mMcc=413 mMnc=3 mLac=3001 mCid=103037 mPsc=288} CellSignalStrengthWcdma: ss=34 ber=42}]
D/ConnectivityManager.CallbackHandler(22486): CM callback handler got msg 524295
D/FlexNetS( 6822): registerStateListener
D/PhoneInterfaceManager( 1612): [PhoneIntfMgr] getDataNetworkType=3
D/ConnectivityManager.CallbackHandler(22486): CM callback handler got msg 524295
D/SignalClusterView( 1243): vpn: GONE
D/FlexNetS( 6822): getServiceState:0
D/ConnectivityManager.CallbackHandler( 5500): CM callback handler got msg 524295
D/SignalClusterView( 1243): wifi=G,stat_sys_wifi_signal_connected_0 air=G,stat_sys_signal_flightmode data[0]=V,cdma_sys_data_connected_3g sig[0]=V,cdma_stat_sys_s1_5signal_5 data[1]=G,(null) sig[1]=V,cdma_stat_sys_s2_5signal_5
D/SignalClusterView( 1243): vpn: GONE
D/SignalClusterView( 1243): wifi=G,stat_sys_wifi_signal_connected_0 air=G,stat_sys_signal_flightmode data[0]=V,cdma_sys_data_connected_3g sig[0]=V,cdma_stat_sys_s1_5signal_5 data[1]=G,(null) sig[1]=V,cdma_stat_sys_s2_5signal_5
D/ConnectivityManager.CallbackHandler( 5929): CM callback handler got msg 524295
D/ConnectivityManager.CallbackHandler(18796): CM callback handler got msg 524295
D/ConnectivityManager.CallbackHandler( 2561): CM callback handler got msg 524295
D/ConnectivityManager.CallbackHandler(23118): CM callback handler got msg 524295
D/PhoneInterfaceManager( 1612): [PhoneIntfMgr] getAllCellInfo: info = [CellInfoWcdma:{mRegistered=YES mTimeStampType=oem_ril mTimeStamp=329929181000000ns CellIdentityWcdma:{ mMcc=413 mMnc=3 mLac=3001 mCid=103040 mPsc=288} CellSignalStrengthWcdma: ss=36 ber=41}, CellInfoWcdma:{mRegistered=NO mTimeStampType=oem_ril mTimeStamp=329929181000000ns CellIdentityWcdma:{ mMcc=413 mMnc=3 mLac=3001 mCid=103040 mPsc=288} CellSignalStrengthWcdma: ss=36 ber=41}, CellInfoWcdma:{mRegistered=NO mTimeStampType=oem_ril mTimeStamp=329929181000000ns CellIdentityWcdma:{ mMcc=413 mMnc=3 mLac=3001 mCid=103041 mPsc=296} CellSignalStrengthWcdma: ss=18 ber=6}, CellInfoWcdma:{mRegistered=NO mTimeStampType=oem_ril mTimeStamp=329929181000000ns CellIdentityWcdma:{ mMcc=413 mMnc=3 mLac=3001 mCid=103037 mPsc=288} CellSignalStrengthWcdma: ss=34 ber=42}]
D/PhoneInterfaceManager( 1612): [PhoneIntfMgr] getAllCellInfo: info = [CellInfoGsm:{mRegistered=YES mTimeStampType=oem_ril mTimeStamp=329929207000000ns CellIdentityGsm:{ mMcc=413 mMnc=1 mLac=63430 mCid=2098} CellSignalStrengthGsm: ss=42 ber=99}, CellInfoGsm:{mRegistered=NO mTimeStampType=oem_ril mTimeStamp=329929207000000ns CellIdentityGsm:{ mMcc=413 mMnc=1 mLac=63420 mCid=131} CellSignalStrengthGsm: ss=31 ber=99}, CellInfoGsm:{mRegistered=NO mTimeStampType=oem_ril mTimeStamp=329929207000000ns CellIdentityGsm:{ mMcc=413 mMnc=1 mLac=63420 mCid=136} CellSignalStrengthGsm: ss=29 ber=99}, CellInfoGsm:{mRegistered=NO mTimeStampType=oem_ril mTimeStamp=329929207000000ns CellIdentityGsm:{ mMcc=413 mMnc=1 mLac=63420 mCid=132} CellSignalStrengthGsm: ss=22 ber=99}, CellInfoGsm:{mRegistered=NO mTimeStampType=oem_ril mTimeStamp=329929207000000ns CellIdentityGsm:{ mMcc=413 mMnc=1 mLac=63430 mCid=2097} CellSignalStrengthGsm: ss=16 ber=99}, CellInfoGsm:{mRegistered=NO mTimeStampType=oem_ril mTimeStamp=329929207000000ns CellIdentityGsm:{ mMcc=413 mMnc=1 mLac=63420 mCid=133} CellSignalStrengthGsm: ss=16 ber=99}, CellInfoGsm:{mRegistered=NO mTimeStampType=oem_ril mTimeStamp=329929207000000ns CellIdentityGsm:{ mMcc=413 mMnc=1 mLac=63430 mCid=2096} CellSignalStrengthGsm: ss=13 ber=99}]
D/PhoneInterfaceManager( 1612): [PhoneIntfMgr] getAllCellInfo: info = [CellInfoGsm:{mRegistered=YES mTimeStampType=oem_ril mTimeStamp=329929207000000ns CellIdentityGsm:{ mMcc=413 mMnc=1 mLac=63430 mCid=2098} CellSignalStrengthGsm: ss=42 ber=99}, CellInfoGsm:{mRegistered=NO mTimeStampType=oem_ril mTimeStamp=329929207000000ns CellIdentityGsm:{ mMcc=413 mMnc=1 mLac=63420 mCid=131} CellSignalStrengthGsm: ss=31 ber=99}, CellInfoGsm:{mRegistered=NO mTimeStampType=oem_ril mTimeStamp=329929207000000ns CellIdentityGsm:{ mMcc=413 mMnc=1 mLac=63420 mCid=136} CellSignalStrengthGsm: ss=29 ber=99}, CellInfoGsm:{mRegistered=NO mTimeStampType=oem_ril mTimeStamp=329929207000000ns CellIdentityGsm:{ mMcc=413 mMnc=1 mLac=63420 mCid=132} CellSignalStrengthGsm: ss=22 ber=99}, CellInfoGsm:{mRegistered=NO mTimeStampType=oem_ril mTimeStamp=329929207000000ns CellIdentityGsm:{ mMcc=413 mMnc=1 mLac=63430 mCid=2097} CellSignalStrengthGsm: ss=16 ber=99}, CellInfoGsm:{mRegistered=NO mTimeStampType=oem_ril mTimeStamp=329929207000000ns CellIdentityGsm:{ mMcc=413 mMnc=1 mLac=63420 mCid=133} CellSignalStrengthGsm: ss=16 ber=99}, CellInfoGsm:{mRegistered=NO mTimeStampType=oem_ril mTimeStamp=329929207000000ns CellIdentityGsm:{ mMcc=413 mMnc=1 mLac=63430 mCid=2096} CellSignalStrengthGsm: ss=13 ber=99}]
D/HtcNLPSwitchReceiver( 5108): onReceive(): AutoNavi NLP package not installed!
D/FlexNetS( 6822): unregisterStateListener
I/AutoSettingApp( 6365): receiver - onReceive() isHSPMigrate is false
D/HtcNLPSwitchReceiver( 6365): onReceive() isHSPMigrate is false
D/FlexNetRA( 6822): ActionA>android.intent.action.ANY_DATA_STATE
D/PhoneInterfaceManager( 1612): [PhoneIntfMgr] getDataNetworkType=3
D/MdScPhnSt( 6866): [be0.1.]  listen, callback 1 2 (remain 1 2) tmrbb8
D/PhoneInterfaceManager( 1612): [PhoneIntfMgr] getDataNetworkType=3
D/FlexNetS( 6822): updateSvcAllowedInSettings:false
W/ContextImpl(23118): Failed to ensure directory: /storage/ext_sd/Android/data/com.cleanmaster.mguard/files
W/CustomizationManager( 6866): htcmobiledata reader is null,return default reader
W/SystemReader( 6866): Cannot find OmaCPSupportList, use default value instead
W/CustomizationManager( 6866): htcmobiledata reader is null,return default reader
W/SystemReader( 6866): Cannot find OmaCPSupportList, use default value instead
D/MdScDataSum( 6866): [be0.2.] summary 148:p2 ignore
D/TelephonyManager( 6866): getDataEnabled: retVal=true
W/ContextImpl(23118): Failed to ensure directory: /storage/ext_sd/Android/data/com.cleanmaster.mguard/files
W/ContextImpl(23118): Failed to ensure directory: /storage/ext_sd/Android/data/com.cleanmaster.mguard/files
W/ContextImpl(23118): Failed to ensure directory: /storage/ext_sd/Android/data/com.cleanmaster.mguard/files
W/ContextImpl(23118): Failed to ensure directory: /storage/ext_sd/Android/data/com.cleanmaster.mguard/files
W/ContextImpl(23118): Failed to ensure directory: /storage/ext_sd/Android/data/com.cleanmaster.mguard/files
W/ContextImpl(23118): Failed to ensure directory: /storage/ext_sd/Android/data/com.cleanmaster.mguard/files
W/ContextImpl(23118): Failed to ensure directory: /storage/ext_sd/Android/data/com.cleanmaster.mguard/files
W/SQLiteCursor( 5929): Close cursor android.database.sqlite.SQLiteCursor@1295a316 on metric twice or more
W/SQLiteCursor( 5929): Close cursor android.database.sqlite.SQLiteCursor@3a6b5497 on telemetry twice or more
W/ContextImpl(23118): Failed to ensure directory: /storage/ext_sd/Android/data/com.cleanmaster.mguard/files
D/NetworkController( 1243): [Strength][0][SubId:1][GSM] SignalStrength: 17 40 -120 -160 -2 0 -1 99 2147483647 2147483647 2147483647 2147483647 gsm|lte 1 -318 -17 -1 gsm|lte
D/PhoneInterfaceManager( 1612): [PhoneIntfMgr] getDataNetworkType=3
D/PhoneInterfaceManager( 1612): [PhoneIntfMgr] getDataNetworkType=3
D/SignalClusterView( 1243): vpn: GONE
D/SignalClusterView( 1243): wifi=G,stat_sys_wifi_signal_connected_0 air=G,stat_sys_signal_flightmode data[0]=V,cdma_sys_data_connected_3g sig[0]=V,cdma_stat_sys_s1_5signal_5 data[1]=G,(null) sig[1]=V,cdma_stat_sys_s2_5signal_5
D/SignalClusterView( 1243): vpn: GONE
D/SignalClusterView( 1243): wifi=G,stat_sys_wifi_signal_connected_0 air=G,stat_sys_signal_flightmode data[0]=V,cdma_sys_data_connected_3g sig[0]=V,cdma_stat_sys_s1_5signal_5 data[1]=G,(null) sig[1]=V,cdma_stat_sys_s2_5signal_5
D/PerfServiceManager(  885): [PerfService] notifyFrameUpdate - bDuringTouchBoost:false 
I/BufferQueueProducer(  341): [StatusBar](this:0x559b6300e0,id:8,api:1,p:1243,c:341) queueBuffer: fps=1.52 dur=2625.81 max=2283.78 min=35.54
W/ContextImpl(23118): Failed to ensure directory: /storage/ext_sd/Android/data/com.cleanmaster.mguard/files
W/ContextImpl(23118): Failed to ensure directory: /storage/ext_sd/Android/data/com.cleanmaster.mguard/files
W/ContextImpl(23118): Failed to ensure directory: /storage/ext_sd/Android/data/com.cleanmaster.mguard/files
W/ContextImpl(23118): Failed to ensure directory: /storage/ext_sd/Android/data/com.cleanmaster.mguard/files
W/ContextImpl(23118): Failed to ensure directory: /storage/ext_sd/Android/data/com.cleanmaster.mguard/files
E/memtrack_graphic(  885): open dir: /d/ion/clients/.
W/ContextImpl(23118): Failed to ensure directory: /storage/ext_sd/Android/data/com.cleanmaster.mguard/files
W/ContextImpl(23118): Failed to ensure directory: /storage/ext_sd/Android/data/com.cleanmaster.mguard/files
W/ContextImpl(23118): Failed to ensure directory: /storage/ext_sd/Android/data/com.cleanmaster.mguard/files
W/ContextImpl(23118): Failed to ensure directory: /storage/ext_sd/Android/data/com.cleanmaster.mguard/files
W/ContextImpl(23118): Failed to ensure directory: /storage/ext_sd/Android/data/com.cleanmaster.mguard/files
W/ContextImpl(23118): Failed to ensure directory: /storage/ext_sd/Android/data/com.cleanmaster.mguard/files
D/NetworkController( 1243): [Strength][0][SubId:1][GSM] SignalStrength: 17 42 -120 -160 -2 0 -1 99 2147483647 2147483647 2147483647 2147483647 gsm|lte 1 -315 -14 -1 gsm|lte
D/PhoneInterfaceManager( 1612): [PhoneIntfMgr] getDataNetworkType=3
D/PhoneInterfaceManager( 1612): [PhoneIntfMgr] getDataNetworkType=3
D/SignalClusterView( 1243): vpn: GONE
D/SignalClusterView( 1243): wifi=G,stat_sys_wifi_signal_connected_0 air=G,stat_sys_signal_flightmode data[0]=V,cdma_sys_data_connected_3g sig[0]=V,cdma_stat_sys_s1_5signal_5 data[1]=G,(null) sig[1]=V,cdma_stat_sys_s2_5signal_5
D/SignalClusterView( 1243): vpn: GONE
D/SignalClusterView( 1243): wifi=G,stat_sys_wifi_signal_connected_0 air=G,stat_sys_signal_flightmode data[0]=V,cdma_sys_data_connected_3g sig[0]=V,cdma_stat_sys_s1_5signal_5 data[1]=G,(null) sig[1]=V,cdma_stat_sys_s2_5signal_5
D/PerfServiceManager(  885): [PerfService] notifyFrameUpdate - bDuringTouchBoost:false 
I/BufferQueueProducer(  341): [StatusBar](this:0x559b6300e0,id:8,api:1,p:1243,c:341) queueBuffer: fps=0.39 dur=2560.99 max=2560.99 min=2560.99
W/ContextImpl(23118): Failed to ensure directory: /storage/ext_sd/Android/data/com.cleanmaster.mguard/files
W/ContextImpl(23118): Failed to ensure directory: /storage/ext_sd/Android/data/com.cleanmaster.mguard/files
W/ContextImpl(23118): Failed to ensure directory: /storage/ext_sd/Android/data/com.cleanmaster.mguard/files
W/ContextImpl(23118): Failed to ensure directory: /storage/ext_sd/Android/data/com.cleanmaster.mguard/files
D/NetworkController( 1243): [Strength][1][SubId:2][GSM] SignalStrength: 21 99 -120 -160 -120 0 -1 99 2147483647 2147483647 2147483647 2147483647 gsm|lte -277 1 1 -1 gsm|lte
D/PhoneInterfaceManager( 1612): [PhoneIntfMgr] getDataNetworkType=3
D/PhoneInterfaceManager( 1612): [PhoneIntfMgr] getDataNetworkType=3
D/SignalClusterView( 1243): vpn: GONE
D/SignalClusterView( 1243): wifi=G,stat_sys_wifi_signal_connected_0 air=G,stat_sys_signal_flightmode data[0]=V,cdma_sys_data_connected_3g sig[0]=V,cdma_stat_sys_s1_5signal_5 data[1]=G,(null) sig[1]=V,cdma_stat_sys_s2_5signal_5
D/SignalClusterView( 1243): vpn: GONE
D/SignalClusterView( 1243): wifi=G,stat_sys_wifi_signal_connected_0 air=G,stat_sys_signal_flightmode data[0]=V,cdma_sys_data_connected_3g sig[0]=V,cdma_stat_sys_s1_5signal_5 data[1]=G,(null) sig[1]=V,cdma_stat_sys_s2_5signal_5
D/PerfServiceManager(  885): [PerfService] notifyFrameUpdate - bDuringTouchBoost:false 
W/ContextImpl(23118): Failed to ensure directory: /storage/ext_sd/Android/data/com.cleanmaster.mguard/files
W/ContextImpl(23118): Failed to ensure directory: /storage/ext_sd/Android/data/com.cleanmaster.mguard/files
W/ContextImpl(23118): Failed to ensure directory: /storage/ext_sd/Android/data/com.cleanmaster.mguard/files
W/ContextImpl(23118): Failed to ensure directory: /storage/ext_sd/Android/data/com.cleanmaster.mguard/files
W/ContextImpl(23118): Failed to ensure directory: /storage/ext_sd/Android/data/com.cleanmaster.mguard/files
D/BatteryService(  885): mBatteryVoltage=4357, batteryLevel=50
D/UsbnetService(  885): BroadcastReceiver::onReceive+
D/UsbnetService(  885): onReceive BATTERY_CHANGED
D/UsbnetService(  885):  --> pluggedType = 2, mPluggedType = 0, mScreenOff = false
D/UsbnetService(  885): BroadcastReceiver::onReceive-
D/DotMatrix( 1376): [EventService] reorderCurrEventType, mCurrentEventType = 26, version:2.1
D/DotMatrix( 1376): [EventService] reorderCurrEventType, mCurrentEventType = 26, version:2.1
D/DotMatrix( 1376): [EventService] checkEventUpdateCondition, bCheckCondition:false, mCoverOn:false,mbIsUserInForeground:true,mbIsDeviceSupportDotView:true
I/IntentController( 1243): receive(android.intent.action.BATTERY_CHANGED,2,false)
D/screensaver(23118): android.intent.action.BATTERY_CHANGED
I/screensaver(23118): status Full,level=100,scale=100,v=4357,USB
E/screensaver(23118): Fully charged (100%)
W/ContextImpl(23118): Failed to ensure directory: /storage/ext_sd/Android/data/com.cleanmaster.mguard/files
I/QuickSettingPowerSaver( 1243): updateEnabledState:(false,false,false)
I/QuickSettingPowerSaverEX( 1243): batteryLevelChanged:true
I/QuickSettingPowerSaverEX( 1243): updateEnabledState:(false,false,false)
I/BatteryController( 1243): status:5 level:100 unsupport:false plugged:true
I/FlashlightController( 1243): batteryLevelChange:100
D/PerfServiceManager(  885): [PerfService] notifyFrameUpdate - bDuringTouchBoost:false 
I/BufferQueueProducer(  341): [StatusBar](this:0x559b6300e0,id:8,api:1,p:1243,c:341) queueBuffer: fps=0.88 dur=2282.34 max=1369.63 min=912.71
D/NetworkController( 1243): [Strength][0][SubId:1][GSM] SignalStrength: 17 42 -120 -160 -2 0 -1 99 2147483647 2147483647 2147483647 2147483647 gsm|lte 1 -318 -14 -1 gsm|lte
D/PhoneInterfaceManager( 1612): [PhoneIntfMgr] getDataNetworkType=3
D/PhoneInterfaceManager( 1612): [PhoneIntfMgr] getDataNetworkType=3
D/SignalClusterView( 1243): vpn: GONE
D/SignalClusterView( 1243): wifi=G,stat_sys_wifi_signal_connected_0 air=G,stat_sys_signal_flightmode data[0]=V,cdma_sys_data_connected_3g sig[0]=V,cdma_stat_sys_s1_5signal_5 data[1]=G,(null) sig[1]=V,cdma_stat_sys_s2_5signal_5
D/SignalClusterView( 1243): vpn: GONE
D/SignalClusterView( 1243): wifi=G,stat_sys_wifi_signal_connected_0 air=G,stat_sys_signal_flightmode data[0]=V,cdma_sys_data_connected_3g sig[0]=V,cdma_stat_sys_s1_5signal_5 data[1]=G,(null) sig[1]=V,cdma_stat_sys_s2_5signal_5
W/ContextImpl(23118): Failed to ensure directory: /storage/ext_sd/Android/data/com.cleanmaster.mguard/files
W/ContextImpl(23118): Failed to ensure directory: /storage/ext_sd/Android/data/com.cleanmaster.mguard/files
W/ContextImpl(23118): Failed to ensure directory: /storage/ext_sd/Android/data/com.cleanmaster.mguard/files
W/ContextImpl(23118): Failed to ensure directory: /storage/ext_sd/Android/data/com.cleanmaster.mguard/files
W/ContextImpl(23118): Failed to ensure directory: /storage/ext_sd/Android/data/com.cleanmaster.mguard/files
W/ContextImpl(23118): Failed to ensure directory: /storage/ext_sd/Android/data/com.cleanmaster.mguard/files
W/ContextImpl(23118): Failed to ensure directory: /storage/ext_sd/Android/data/com.cleanmaster.mguard/files
W/ContextImpl(23118): Failed to ensure directory: /storage/ext_sd/Android/data/com.cleanmaster.mguard/files
D/ActivityThread( 2561): SVC-Calling onStartCommand: com.evernote.android.job.gcm.PlatformGcmService@908e6e6, flags=0, startId=1
D/AlarmManager(  885):  whichBatch = 17
I/System  ( 2561): exec(sh @ com.analyticsutils.core.util.k.a:39)
W/ContextImpl(23118): Failed to ensure directory: /storage/ext_sd/Android/data/com.cleanmaster.mguard/files
D/AlarmManager(  885):  whichBatch = -1
D/AlarmManager(  885):  whichBatch = -2
D/AlarmManager(  885):  whichBatch = 0
D/AlarmManager(  885):  whichBatch = 1
D/AlarmManager(  885):  whichBatch = 1
D/AlarmManager(  885):  whichBatch = -2
D/AlarmManager(  885):  whichBatch = 2
D/AlarmManager(  885):  whichBatch = -2
D/AlarmManager(  885):  whichBatch = -2
D/AlarmManager(  885):  whichBatch = 4
D/AlarmManager(  885):  whichBatch = 4
D/AlarmManager(  885):  whichBatch = -2
D/AlarmManager(  885):  whichBatch = -1
D/AlarmManager(  885):  whichBatch = -1
D/AlarmManager(  885):  whichBatch = -1
D/AlarmManager(  885):  whichBatch = -1
D/AlarmManager(  885):  whichBatch = -1
D/AlarmManager(  885):  whichBatch = -2
D/AlarmManager(  885):  whichBatch = 7
D/AlarmManager(  885):  whichBatch = 7
D/AlarmManager(  885):  whichBatch = 7
D/AlarmManager(  885):  whichBatch = 10
D/AlarmManager(  885):  whichBatch = -2
D/AlarmManager(  885):  whichBatch = 12
D/AlarmManager(  885):  whichBatch = 12
D/AlarmManager(  885):  whichBatch = 12
D/AlarmManager(  885):  whichBatch = 12
D/AlarmManager(  885):  whichBatch = -2
D/AlarmManager(  885):  whichBatch = -2
D/AlarmManager(  885):  whichBatch = -1
D/AlarmManager(  885):  whichBatch = -1
D/AlarmManager(  885):  whichBatch = -1
D/AlarmManager(  885):  whichBatch = -2
D/AlarmManager(  885):  whichBatch = 15
D/AlarmManager(  885):  whichBatch = 16
D/AlarmManager(  885):  whichBatch = 16
D/AlarmManager(  885):  whichBatch = 16
D/AlarmManager(  885):  whichBatch = 16
D/AlarmManager(  885):  whichBatch = 16
D/AlarmManager(  885):  whichBatch = 18
D/AlarmManager(  885):  whichBatch = 18
D/AlarmManager(  885):  whichBatch = -1
D/AlarmManager(  885):  whichBatch = -1
D/AlarmManager(  885):  whichBatch = -2
D/AlarmManager(  885):  whichBatch = 19
D/AlarmManager(  885):  whichBatch = 19
D/AlarmManager(  885):  whichBatch = 19
D/AlarmManager(  885):  whichBatch = 19
D/AlarmManager(  885):  whichBatch = 19
D/AlarmManager(  885):  whichBatch = -1
D/AlarmManager(  885):  whichBatch = -1
D/AlarmManager(  885):  whichBatch = -2
D/AlarmManager(  885):  whichBatch = 23
D/AlarmManager(  885):  whichBatch = 23
D/AlarmManager(  885):  whichBatch = -2
D/AlarmManager(  885):  whichBatch = 25
D/AlarmManager(  885):  whichBatch = -2
D/AlarmManager(  885):  whichBatch = 26
D/AlarmManager(  885):  whichBatch = 26
D/AlarmManager(  885):  whichBatch = -2
D/AlarmManager(  885):  whichBatch = -1
D/AlarmManager(  885):  whichBatch = -2
D/AlarmManager(  885):  whichBatch = 28
D/AlarmManager(  885):  whichBatch = 28
D/AlarmManager(  885):  whichBatch = 28
D/AlarmManager(  885):  whichBatch = 28
D/AlarmManager(  885):  whichBatch = -2
D/AlarmManager(  885):  whichBatch = 30
D/AlarmManager(  885):  whichBatch = -2
D/AlarmManager(  885):  whichBatch = 31
D/AlarmManager(  885):  whichBatch = -2
D/AlarmManager(  885):  whichBatch = 32
D/AlarmManager(  885):  whichBatch = 32
D/AlarmManager(  885):  whichBatch = 32
D/AlarmManager(  885):  whichBatch = 32
D/AlarmManager(  885):  whichBatch = -2
D/AlarmManager(  885):  whichBatch = -2
D/AlarmManager(  885):  whichBatch = -2
D/AlarmManager(  885):  whichBatch = -1
D/AlarmManager(  885):  whichBatch = -2
D/AlarmManager(  885):  whichBatch = 36
D/AlarmManager(  885):  whichBatch = 36
D/AlarmManager(  885):  whichBatch = 36
D/AlarmManager(  885):  whichBatch = 36
D/AlarmManager(  885):  whichBatch = 37
D/AlarmManager(  885):  whichBatch = 37
D/AlarmManager(  885):  whichBatch = 37
D/AlarmManager(  885):  whichBatch = 37
D/AlarmManager(  885):  whichBatch = 37
D/AlarmManager(  885):  whichBatch = 37
D/AlarmManager(  885):  whichBatch = 37
D/AlarmManager(  885):  whichBatch = -1
D/AlarmManager(  885):  whichBatch = -2
D/AlarmManager(  885):  whichBatch = 38
D/AlarmManager(  885):  whichBatch = -2
D/AlarmManager(  885):  whichBatch = -1
D/AlarmManager(  885):  whichBatch = -1
D/AlarmManager(  885):  whichBatch = -2
D/AlarmManager(  885):  whichBatch = 41
D/AlarmManager(  885):  whichBatch = 41
D/AlarmManager(  885):  whichBatch = 41
D/AlarmManager(  885):  whichBatch = -2
D/AlarmManager(  885):  whichBatch = 42
D/AlarmManager(  885):  whichBatch = -2
D/AlarmManager(  885):  whichBatch = -1
D/AlarmManager(  885):  whichBatch = -1
D/AlarmManager(  885):  whichBatch = -1
D/AlarmManager(  885):  whichBatch = -2
D/AlarmManager(  885):  whichBatch = 49
D/AlarmManager(  885):  whichBatch = 49
D/AlarmManager(  885):  whichBatch = 49
D/AlarmManager(  885):  whichBatch = -2
D/AlarmManager(  885):  whichBatch = -1
D/AlarmManager(  885):  whichBatch = -1
D/AlarmManager(  885):  whichBatch = -2
D/AlarmManager(  885):  whichBatch = 51
D/AlarmManager(  885):  whichBatch = 51
D/AlarmManager(  885):  whichBatch = 51
D/AlarmManager(  885):  whichBatch = 52
D/AlarmManager(  885):  whichBatch = -2
D/AlarmManager(  885):  whichBatch = 54
D/AlarmManager(  885):  whichBatch = -2
D/AlarmManager(  885):  whichBatch = -2
D/AlarmManager(  885):  whichBatch = -2
D/AlarmManager(  885):  whichBatch = -2
D/AlarmManager(  885):  whichBatch = 58
D/AlarmManager(  885):  whichBatch = 58
D/AlarmManager(  885):  whichBatch = 58
W/ContextImpl(23118): Failed to ensure directory: /storage/ext_sd/Android/data/com.cleanmaster.mguard/files
D/AlarmManager(  885):  whichBatch = -2
D/AlarmManager(  885):  whichBatch = 59
D/AlarmManager(  885):  whichBatch = -2
D/AlarmManager(  885):  whichBatch = -2
D/AlarmManager(  885):  whichBatch = 61
D/AlarmManager(  885):  whichBatch = -2
D/AlarmManager(  885):  whichBatch = 62
D/AlarmManager(  885):  whichBatch = 62
D/AlarmManager(  885):  whichBatch = 62
D/AlarmManager(  885):  whichBatch = 62
D/AlarmManager(  885):  whichBatch = -1
D/AlarmManager(  885):  whichBatch = -2
D/AlarmManager(  885):  whichBatch = 64
D/AlarmManager(  885):  whichBatch = -1
D/AlarmManager(  885):  whichBatch = -1
D/AlarmManager(  885):  whichBatch = -2
D/AlarmManager(  885):  whichBatch = 67
D/AlarmManager(  885):  whichBatch = 67
D/AlarmManager(  885):  whichBatch = 67
D/AlarmManager(  885):  whichBatch = 67
D/AlarmManager(  885):  whichBatch = 67
D/AlarmManager(  885):  whichBatch = 67
D/AlarmManager(  885):  whichBatch = 67
D/AlarmManager(  885):  whichBatch = 67
D/AlarmManager(  885):  whichBatch = 67
D/AlarmManager(  885):  whichBatch = 67
D/AlarmManager(  885):  whichBatch = -2
W/ContextImpl(23118): Failed to ensure directory: /storage/ext_sd/Android/data/com.cleanmaster.mguard/files
W/ContextImpl(23118): Failed to ensure directory: /storage/ext_sd/Android/data/com.cleanmaster.mguard/files
W/ContextImpl(23118): Failed to ensure directory: /storage/ext_sd/Android/data/com.cleanmaster.mguard/files
W/ContextImpl(23118): Failed to ensure directory: /storage/ext_sd/Android/data/com.cleanmaster.mguard/files
W/ContextImpl(23118): Failed to ensure directory: /storage/ext_sd/Android/data/com.cleanmaster.mguard/files
W/ContextImpl(23118): Failed to ensure directory: /storage/ext_sd/Android/data/com.cleanmaster.mguard/files
W/ContextImpl(23118): Failed to ensure directory: /storage/ext_sd/Android/data/com.cleanmaster.mguard/files
W/ContextImpl(23118): Failed to ensure directory: /storage/ext_sd/Android/data/com.cleanmaster.mguard/files
W/ContextImpl(23118): Failed to ensure directory: /storage/ext_sd/Android/data/com.cleanmaster.mguard/files
W/ContextImpl(23118): Failed to ensure directory: /storage/ext_sd/Android/data/com.cleanmaster.mguard/files
W/ContextImpl(23118): Failed to ensure directory: /storage/ext_sd/Android/data/com.cleanmaster.mguard/files
W/ContextImpl(23118): Failed to ensure directory: /storage/ext_sd/Android/data/com.cleanmaster.mguard/files
D/NetworkController( 1243): [Strength][0][SubId:1][GSM] SignalStrength: 16 42 -120 -160 -2 0 -1 99 2147483647 2147483647 2147483647 2147483647 gsm|lte 1 -320 -14 -1 gsm|lte
D/PhoneInterfaceManager( 1612): [PhoneIntfMgr] getDataNetworkType=3
D/PhoneInterfaceManager( 1612): [PhoneIntfMgr] getDataNetworkType=3
D/SignalClusterView( 1243): vpn: GONE
D/SignalClusterView( 1243): wifi=G,stat_sys_wifi_signal_connected_0 air=G,stat_sys_signal_flightmode data[0]=V,cdma_sys_data_connected_3g sig[0]=V,cdma_stat_sys_s1_5signal_5 data[1]=G,(null) sig[1]=V,cdma_stat_sys_s2_5signal_5
D/SignalClusterView( 1243): vpn: GONE
D/SignalClusterView( 1243): wifi=G,stat_sys_wifi_signal_connected_0 air=G,stat_sys_signal_flightmode data[0]=V,cdma_sys_data_connected_3g sig[0]=V,cdma_stat_sys_s1_5signal_5 data[1]=G,(null) sig[1]=V,cdma_stat_sys_s2_5signal_5
D/PerfServiceManager(  885): [PerfService] notifyFrameUpdate - bDuringTouchBoost:false 
I/BufferQueueProducer(  341): [StatusBar](this:0x559b6300e0,id:8,api:1,p:1243,c:341) queueBuffer: fps=0.37 dur=5363.80 max=5122.14 min=241.66
W/ContextImpl(23118): Failed to ensure directory: /storage/ext_sd/Android/data/com.cleanmaster.mguard/files
W/ContextImpl(23118): Failed to ensure directory: /storage/ext_sd/Android/data/com.cleanmaster.mguard/files
W/ContextImpl(23118): Failed to ensure directory: /storage/ext_sd/Android/data/com.cleanmaster.mguard/files
W/ContextImpl(23118): Failed to ensure directory: /storage/ext_sd/Android/data/com.cleanmaster.mguard/files
W/ContextImpl(23118): Failed to ensure directory: /storage/ext_sd/Android/data/com.cleanmaster.mguard/files
W/ContextImpl(23118): Failed to ensure directory: /storage/ext_sd/Android/data/com.cleanmaster.mguard/files
W/ContextImpl(23118): Failed to ensure directory: /storage/ext_sd/Android/data/com.cleanmaster.mguard/files
W/ContextImpl(23118): Failed to ensure directory: /storage/ext_sd/Android/data/com.cleanmaster.mguard/files
W/ContextImpl(23118): Failed to ensure directory: /storage/ext_sd/Android/data/com.cleanmaster.mguard/files
W/ContextImpl(23118): Failed to ensure directory: /storage/ext_sd/Android/data/com.cleanmaster.mguard/files
W/ContextImpl(23118): Failed to ensure directory: /storage/ext_sd/Android/data/com.cleanmaster.mguard/files
D/NetworkController( 1243): [Strength][1][SubId:2][GSM] SignalStrength: 20 99 -120 -160 -120 0 -1 99 2147483647 2147483647 2147483647 2147483647 gsm|lte -285 1 1 -1 gsm|lte
D/PhoneInterfaceManager( 1612): [PhoneIntfMgr] getDataNetworkType=3
D/PhoneInterfaceManager( 1612): [PhoneIntfMgr] getDataNetworkType=3
D/SignalClusterView( 1243): vpn: GONE
D/SignalClusterView( 1243): wifi=G,stat_sys_wifi_signal_connected_0 air=G,stat_sys_signal_flightmode data[0]=V,cdma_sys_data_connected_3g sig[0]=V,cdma_stat_sys_s1_5signal_5 data[1]=G,(null) sig[1]=V,cdma_stat_sys_s2_5signal_5
D/SignalClusterView( 1243): vpn: GONE
D/SignalClusterView( 1243): wifi=G,stat_sys_wifi_signal_connected_0 air=G,stat_sys_signal_flightmode data[0]=V,cdma_sys_data_connected_3g sig[0]=V,cdma_stat_sys_s1_5signal_5 data[1]=G,(null) sig[1]=V,cdma_stat_sys_s2_5signal_5
D/PerfServiceManager(  885): [PerfService] notifyFrameUpdate - bDuringTouchBoost:false 
I/BufferQueueProducer(  341): [StatusBar](this:0x559b6300e0,id:8,api:1,p:1243,c:341) queueBuffer: fps=0.37 dur=2687.78 max=2687.78 min=2687.78
W/ContextImpl(23118): Failed to ensure directory: /storage/ext_sd/Android/data/com.cleanmaster.mguard/files
W/ContextImpl(23118): Failed to ensure directory: /storage/ext_sd/Android/data/com.cleanmaster.mguard/files
W/ContextImpl(23118): Failed to ensure directory: /storage/ext_sd/Android/data/com.cleanmaster.mguard/files
W/ContextImpl(23118): Failed to ensure directory: /storage/ext_sd/Android/data/com.cleanmaster.mguard/files
W/ContextImpl(23118): Failed to ensure directory: /storage/ext_sd/Android/data/com.cleanmaster.mguard/files
W/ContextImpl(23118): Failed to ensure directory: /storage/ext_sd/Android/data/com.cleanmaster.mguard/files
W/ContextImpl(23118): Failed to ensure directory: /storage/ext_sd/Android/data/com.cleanmaster.mguard/files
D/AlarmManager(  885):  whichBatch = -1
I/ClockController( 1243): schedule update now=1511324160060 next=59940
I/Clock   ( 1243): updateClock:9:46 am Asia/Colombo
I/Clock   ( 1243): updateClock:9:46 am Asia/Colombo
I/Clock   ( 1243): updateClock:9:46 Asia/Colombo
I/ClockController( 1243): broadcast time tick sync:6
D/PerfServiceManager(  885): [PerfService] notifyFrameUpdate - bDuringTouchBoost:false 
I/BufferQueueProducer(  341): [StatusBar](this:0x559b6300e0,id:8,api:1,p:1243,c:341) queueBuffer: fps=0.60 dur=1664.51 max=1664.51 min=1664.51
D/LockPatternUtils(  885): s=true ,L=true ,q=true ,v=false
D/FeatureProxyBase(  885): FeatureProxyBase class constructor
D/FeatureProxyBase(  885): getService(), serviceName = multiwindow_service_v1
E/memtrack_graphic(  885): open dir: /d/ion/clients/.
W/ResourceType( 1634): For resource 0x7f0206bd, entry index(1725) is beyond type entryCount(66)
W/ResourceType( 1634): Failure getting entry for 0x7f0206bd (t=1 e=1725) (error -75)
D/PerfServiceManager(  885): [PerfService] notifyFrameUpdate - bDuringTouchBoost:false 
I/BufferQueueProducer(  341): [com.htc.launcher/com.htc.launcher.Launcher](this:0x559b692180,id:8161,api:1,p:1634,c:341) queueBuffer: fps=0.78 dur=59075.72 max=58260.79 min=6.52
E/memtrack_graphic(  885): open dir: /d/ion/clients/.
W/ContextImpl(23118): Failed to ensure directory: /storage/ext_sd/Android/data/com.cleanmaster.mguard/files
E/memtrack_graphic(  885): open dir: /d/ion/clients/.
D/BatteryService(  885): mBatteryVoltage=4356, batteryLevel=50
D/DotMatrix( 1376): [EventService] reorderCurrEventType, mCurrentEventType = 26, version:2.1
D/DotMatrix( 1376): [EventService] reorderCurrEventType, mCurrentEventType = 26, version:2.1
D/DotMatrix( 1376): [EventService] checkEventUpdateCondition, bCheckCondition:false, mCoverOn:false,mbIsUserInForeground:true,mbIsDeviceSupportDotView:true
I/IntentController( 1243): receive(android.intent.action.BATTERY_CHANGED,2,false)
D/UsbnetService(  885): BroadcastReceiver::onReceive+
D/UsbnetService(  885): onReceive BATTERY_CHANGED
D/UsbnetService(  885):  --> pluggedType = 2, mPluggedType = 0, mScreenOff = false
D/UsbnetService(  885): BroadcastReceiver::onReceive-
D/screensaver(23118): android.intent.action.BATTERY_CHANGED
I/screensaver(23118): status Full,level=100,scale=100,v=4356,USB
E/screensaver(23118): Fully charged (100%)
E/memtrack_graphic(  885): open dir: /d/ion/clients/.
I/QuickSettingPowerSaver( 1243): updateEnabledState:(false,false,false)
I/QuickSettingPowerSaverEX( 1243): batteryLevelChanged:true
I/QuickSettingPowerSaverEX( 1243): updateEnabledState:(false,false,false)
I/BatteryController( 1243): status:5 level:100 unsupport:false plugged:true
I/FlashlightController( 1243): batteryLevelChange:100
E/memtrack_graphic(  885): open dir: /d/ion/clients/.
W/ContextImpl(23118): Failed to ensure directory: /storage/ext_sd/Android/data/com.cleanmaster.mguard/files
D/PerfServiceManager(  885): [PerfService] notifyFrameUpdate - bDuringTouchBoost:false 
W/ContextImpl(23118): Failed to ensure directory: /storage/ext_sd/Android/data/com.cleanmaster.mguard/files
D/NetworkController( 1243): [Strength][0][SubId:1][GSM] SignalStrength: 16 41 -120 -160 -2 0 -1 99 2147483647 2147483647 2147483647 2147483647 gsm|lte 1 -322 -15 -1 gsm|lte
D/PhoneInterfaceManager( 1612): [PhoneIntfMgr] getDataNetworkType=3
D/PhoneInterfaceManager( 1612): [PhoneIntfMgr] getDataNetworkType=3
D/SignalClusterView( 1243): vpn: GONE
D/SignalClusterView( 1243): wifi=G,stat_sys_wifi_signal_connected_0 air=G,stat_sys_signal_flightmode data[0]=V,cdma_sys_data_connected_3g sig[0]=V,cdma_stat_sys_s1_5signal_5 data[1]=G,(null) sig[1]=V,cdma_stat_sys_s2_5signal_5
D/SignalClusterView( 1243): vpn: GONE
D/SignalClusterView( 1243): wifi=G,stat_sys_wifi_signal_connected_0 air=G,stat_sys_signal_flightmode data[0]=V,cdma_sys_data_connected_3g sig[0]=V,cdma_stat_sys_s1_5signal_5 data[1]=G,(null) sig[1]=V,cdma_stat_sys_s2_5signal_5
D/PerfServiceManager(  885): [PerfService] notifyFrameUpdate - bDuringTouchBoost:false 
W/ContextImpl(23118): Failed to ensure directory: /storage/ext_sd/Android/data/com.cleanmaster.mguard/files
D/PerfServiceManager(  885): [PerfService] notifyFrameUpdate - bDuringTouchBoost:false 
I/BufferQueueProducer(  341): [com.htc.launcher/com.htc.launcher.Launcher](this:0x559b692180,id:8161,api:1,p:1634,c:341) queueBuffer: fps=56.56 dur=1007.79 max=24.07 min=9.35
W/ContextImpl(23118): Failed to ensure directory: /storage/ext_sd/Android/data/com.cleanmaster.mguard/files
D/PerfServiceManager(  885): [PerfService] notifyFrameUpdate - bDuringTouchBoost:false 
W/ContextImpl(23118): Failed to ensure directory: /storage/ext_sd/Android/data/com.cleanmaster.mguard/files
W/ContextImpl(23118): Failed to ensure directory: /storage/ext_sd/Android/data/com.cleanmaster.mguard/files
D/PerfServiceManager(  885): [PerfService] notifyFrameUpdate - bDuringTouchBoost:false 
W/ContextImpl(23118): Failed to ensure directory: /storage/ext_sd/Android/data/com.cleanmaster.mguard/files
W/ContextImpl(23118): Failed to ensure directory: /storage/ext_sd/Android/data/com.cleanmaster.mguard/files
W/ContextImpl(23118): Failed to ensure directory: /storage/ext_sd/Android/data/com.cleanmaster.mguard/files
W/ContextImpl(23118): Failed to ensure directory: /storage/ext_sd/Android/data/com.cleanmaster.mguard/files
W/ContextImpl(23118): Failed to ensure directory: /storage/ext_sd/Android/data/com.cleanmaster.mguard/files
D/ActivityThread( 2561): SVC-Calling onStartCommand: com.evernote.android.job.gcm.PlatformGcmService@3119ed04, flags=0, startId=1
I/System  ( 2561): exec(sh @ com.analyticsutils.core.util.k.a:39)
D/AlarmManager(  885):  whichBatch = 18
W/ContextImpl(23118): Failed to ensure directory: /storage/ext_sd/Android/data/com.cleanmaster.mguard/files
D/AlarmManager(  885):  whichBatch = -2
D/AlarmManager(  885):  whichBatch = 0
D/AlarmManager(  885):  whichBatch = 0
D/AlarmManager(  885):  whichBatch = 0
D/AlarmManager(  885):  whichBatch = -1
D/AlarmManager(  885):  whichBatch = -2
D/AlarmManager(  885):  whichBatch = 2
D/AlarmManager(  885):  whichBatch = -2
D/AlarmManager(  885):  whichBatch = 3
D/AlarmManager(  885):  whichBatch = 3
D/AlarmManager(  885):  whichBatch = 3
D/AlarmManager(  885):  whichBatch = -2
D/AlarmManager(  885):  whichBatch = -1
D/AlarmManager(  885):  whichBatch = -1
D/AlarmManager(  885):  whichBatch = -1
D/AlarmManager(  885):  whichBatch = -1
D/AlarmManager(  885):  whichBatch = -1
D/AlarmManager(  885):  whichBatch = -2
D/AlarmManager(  885):  whichBatch = 6
D/AlarmManager(  885):  whichBatch = 6
D/AlarmManager(  885):  whichBatch = 6
D/AlarmManager(  885):  whichBatch = 9
D/AlarmManager(  885):  whichBatch = -2
