D/AlarmManager(  885):  whichBatch = 11
D/AlarmManager(  885):  whichBatch = 11
D/AlarmManager(  885):  whichBatch = 11
D/AlarmManager(  885):  whichBatch = 11
D/AlarmManager(  885):  whichBatch = -2
D/AlarmManager(  885):  whichBatch = -2
D/AlarmManager(  885):  whichBatch = -1
D/AlarmManager(  885):  whichBatch = -1
D/AlarmManager(  885):  whichBatch = -1
D/AlarmManager(  885):  whichBatch = -2
D/AlarmManager(  885):  whichBatch = 14
D/AlarmManager(  885):  whichBatch = 15
D/AlarmManager(  885):  whichBatch = 15
D/AlarmManager(  885):  whichBatch = 15
D/AlarmManager(  885):  whichBatch = 15
D/AlarmManager(  885):  whichBatch = 15
D/AlarmManager(  885):  whichBatch = 17
D/AlarmManager(  885):  whichBatch = 17
D/AlarmManager(  885):  whichBatch = -1
D/AlarmManager(  885):  whichBatch = -1
D/AlarmManager(  885):  whichBatch = -2
D/AlarmManager(  885):  whichBatch = 18
D/AlarmManager(  885):  whichBatch = 18
D/AlarmManager(  885):  whichBatch = 19
D/AlarmManager(  885):  whichBatch = 19
D/AlarmManager(  885):  whichBatch = 19
D/AlarmManager(  885):  whichBatch = -1
D/AlarmManager(  885):  whichBatch = -1
D/AlarmManager(  885):  whichBatch = -2
D/AlarmManager(  885):  whichBatch = 22
D/AlarmManager(  885):  whichBatch = 22
D/AlarmManager(  885):  whichBatch = -2
D/AlarmManager(  885):  whichBatch = 24
D/AlarmManager(  885):  whichBatch = -2
D/AlarmManager(  885):  whichBatch = 25
D/AlarmManager(  885):  whichBatch = 25
D/AlarmManager(  885):  whichBatch = -2
D/AlarmManager(  885):  whichBatch = -1
D/AlarmManager(  885):  whichBatch = -2
D/AlarmManager(  885):  whichBatch = 27
D/AlarmManager(  885):  whichBatch = 27
D/AlarmManager(  885):  whichBatch = 27
D/AlarmManager(  885):  whichBatch = 27
D/AlarmManager(  885):  whichBatch = -2
D/AlarmManager(  885):  whichBatch = 29
D/AlarmManager(  885):  whichBatch = -2
D/AlarmManager(  885):  whichBatch = 30
D/AlarmManager(  885):  whichBatch = -2
D/AlarmManager(  885):  whichBatch = 31
D/AlarmManager(  885):  whichBatch = 31
D/AlarmManager(  885):  whichBatch = 31
D/AlarmManager(  885):  whichBatch = 31
D/AlarmManager(  885):  whichBatch = -2
D/AlarmManager(  885):  whichBatch = -2
D/AlarmManager(  885):  whichBatch = -2
D/AlarmManager(  885):  whichBatch = -1
D/AlarmManager(  885):  whichBatch = -2
D/AlarmManager(  885):  whichBatch = 35
D/AlarmManager(  885):  whichBatch = 35
D/AlarmManager(  885):  whichBatch = 35
D/AlarmManager(  885):  whichBatch = 35
D/AlarmManager(  885):  whichBatch = 36
D/AlarmManager(  885):  whichBatch = 36
D/AlarmManager(  885):  whichBatch = 36
D/AlarmManager(  885):  whichBatch = 36
D/AlarmManager(  885):  whichBatch = 36
D/AlarmManager(  885):  whichBatch = 36
D/AlarmManager(  885):  whichBatch = 36
D/AlarmManager(  885):  whichBatch = -1
D/AlarmManager(  885):  whichBatch = -2
D/AlarmManager(  885):  whichBatch = 37
D/AlarmManager(  885):  whichBatch = -2
D/AlarmManager(  885):  whichBatch = -1
D/AlarmManager(  885):  whichBatch = -2
D/AlarmManager(  885):  whichBatch = 40
D/AlarmManager(  885):  whichBatch = 40
D/AlarmManager(  885):  whichBatch = 40
D/AlarmManager(  885):  whichBatch = 40
D/AlarmManager(  885):  whichBatch = 40
D/AlarmManager(  885):  whichBatch = -1
D/AlarmManager(  885):  whichBatch = -2
D/AlarmManager(  885):  whichBatch = -1
D/AlarmManager(  885):  whichBatch = -1
D/AlarmManager(  885):  whichBatch = -1
D/AlarmManager(  885):  whichBatch = -2
D/AlarmManager(  885):  whichBatch = 47
D/AlarmManager(  885):  whichBatch = 47
D/AlarmManager(  885):  whichBatch = 47
D/AlarmManager(  885):  whichBatch = -2
D/AlarmManager(  885):  whichBatch = -1
D/AlarmManager(  885):  whichBatch = -1
D/AlarmManager(  885):  whichBatch = -2
D/AlarmManager(  885):  whichBatch = 49
D/AlarmManager(  885):  whichBatch = 49
D/AlarmManager(  885):  whichBatch = 49
D/AlarmManager(  885):  whichBatch = 50
D/AlarmManager(  885):  whichBatch = -2
D/AlarmManager(  885):  whichBatch = 52
D/AlarmManager(  885):  whichBatch = -2
D/AlarmManager(  885):  whichBatch = -2
D/AlarmManager(  885):  whichBatch = -2
D/AlarmManager(  885):  whichBatch = -2
D/AlarmManager(  885):  whichBatch = 56
D/AlarmManager(  885):  whichBatch = 56
D/AlarmManager(  885):  whichBatch = 56
D/AlarmManager(  885):  whichBatch = -2
D/AlarmManager(  885):  whichBatch = 57
D/AlarmManager(  885):  whichBatch = -2
D/AlarmManager(  885):  whichBatch = -2
D/AlarmManager(  885):  whichBatch = 59
D/AlarmManager(  885):  whichBatch = -2
D/AlarmManager(  885):  whichBatch = 60
D/AlarmManager(  885):  whichBatch = 60
D/AlarmManager(  885):  whichBatch = 60
D/AlarmManager(  885):  whichBatch = 60
D/AlarmManager(  885):  whichBatch = -1
D/AlarmManager(  885):  whichBatch = -2
D/AlarmManager(  885):  whichBatch = 62
D/AlarmManager(  885):  whichBatch = -1
D/AlarmManager(  885):  whichBatch = -1
D/AlarmManager(  885):  whichBatch = -2
D/AlarmManager(  885):  whichBatch = 65
D/AlarmManager(  885):  whichBatch = 65
D/AlarmManager(  885):  whichBatch = 65
D/AlarmManager(  885):  whichBatch = 65
D/AlarmManager(  885):  whichBatch = 65
D/AlarmManager(  885):  whichBatch = 65
D/AlarmManager(  885):  whichBatch = 65
D/AlarmManager(  885):  whichBatch = 65
D/AlarmManager(  885):  whichBatch = 65
D/AlarmManager(  885):  whichBatch = 65
D/AlarmManager(  885):  whichBatch = -2
W/ContextImpl(23118): Failed to ensure directory: /storage/ext_sd/Android/data/com.cleanmaster.mguard/files
W/ContextImpl(23118): Failed to ensure directory: /storage/ext_sd/Android/data/com.cleanmaster.mguard/files
W/ContextImpl(23118): Failed to ensure directory: /storage/ext_sd/Android/data/com.cleanmaster.mguard/files
W/ContextImpl(23118): Failed to ensure directory: /storage/ext_sd/Android/data/com.cleanmaster.mguard/files
W/ContextImpl(23118): Failed to ensure directory: /storage/ext_sd/Android/data/com.cleanmaster.mguard/files
W/ContextImpl(23118): Failed to ensure directory: /storage/ext_sd/Android/data/com.cleanmaster.mguard/files
W/ContextImpl(23118): Failed to ensure directory: /storage/ext_sd/Android/data/com.cleanmaster.mguard/files
W/ContextImpl(23118): Failed to ensure directory: /storage/ext_sd/Android/data/com.cleanmaster.mguard/files
W/ContextImpl(23118): Failed to ensure directory: /storage/ext_sd/Android/data/com.cleanmaster.mguard/files
W/ContextImpl(23118): Failed to ensure directory: /storage/ext_sd/Android/data/com.cleanmaster.mguard/files
W/ContextImpl(23118): Failed to ensure directory: /storage/ext_sd/Android/data/com.cleanmaster.mguard/files
D/NetworkController( 1243): [Strength][0][SubId:1][GSM] SignalStrength: 16 41 -120 -160 -2 0 -1 99 2147483647 2147483647 2147483647 2147483647 gsm|lte 1 -323 -15 -1 gsm|lte
D/PhoneInterfaceManager( 1612): [PhoneIntfMgr] getDataNetworkType=3
D/PhoneInterfaceManager( 1612): [PhoneIntfMgr] getDataNetworkType=3
D/SignalClusterView( 1243): vpn: GONE
D/SignalClusterView( 1243): wifi=G,stat_sys_wifi_signal_connected_0 air=G,stat_sys_signal_flightmode data[0]=V,cdma_sys_data_connected_3g sig[0]=V,cdma_stat_sys_s1_5signal_5 data[1]=G,(null) sig[1]=V,cdma_stat_sys_s2_5signal_5
D/SignalClusterView( 1243): vpn: GONE
D/SignalClusterView( 1243): wifi=G,stat_sys_wifi_signal_connected_0 air=G,stat_sys_signal_flightmode data[0]=V,cdma_sys_data_connected_3g sig[0]=V,cdma_stat_sys_s1_5signal_5 data[1]=G,(null) sig[1]=V,cdma_stat_sys_s2_5signal_5
D/PerfServiceManager(  885): [PerfService] notifyFrameUpdate - bDuringTouchBoost:false 
I/BufferQueueProducer(  341): [StatusBar](this:0x559b6300e0,id:8,api:1,p:1243,c:341) queueBuffer: fps=0.51 dur=5878.18 max=5119.41 min=241.70
W/ContextImpl(23118): Failed to ensure directory: /storage/ext_sd/Android/data/com.cleanmaster.mguard/files
W/ContextImpl(23118): Failed to ensure directory: /storage/ext_sd/Android/data/com.cleanmaster.mguard/files
W/ContextImpl(23118): Failed to ensure directory: /storage/ext_sd/Android/data/com.cleanmaster.mguard/files
W/ContextImpl(23118): Failed to ensure directory: /storage/ext_sd/Android/data/com.cleanmaster.mguard/files
W/ContextImpl(23118): Failed to ensure directory: /storage/ext_sd/Android/data/com.cleanmaster.mguard/files
W/ContextImpl(23118): Failed to ensure directory: /storage/ext_sd/Android/data/com.cleanmaster.mguard/files
W/ContextImpl(23118): Failed to ensure directory: /storage/ext_sd/Android/data/com.cleanmaster.mguard/files
W/ContextImpl(23118): Failed to ensure directory: /storage/ext_sd/Android/data/com.cleanmaster.mguard/files
W/ContextImpl(23118): Failed to ensure directory: /storage/ext_sd/Android/data/com.cleanmaster.mguard/files
W/ContextImpl(23118): Failed to ensure directory: /storage/ext_sd/Android/data/com.cleanmaster.mguard/files
W/ContextImpl(23118): Failed to ensure directory: /storage/ext_sd/Android/data/com.cleanmaster.mguard/files
W/ContextImpl(23118): Failed to ensure directory: /storage/ext_sd/Android/data/com.cleanmaster.mguard/files
W/ContextImpl(23118): Failed to ensure directory: /storage/ext_sd/Android/data/com.cleanmaster.mguard/files
W/ContextImpl(23118): Failed to ensure directory: /storage/ext_sd/Android/data/com.cleanmaster.mguard/files
W/ContextImpl(23118): Failed to ensure directory: /storage/ext_sd/Android/data/com.cleanmaster.mguard/files
W/ContextImpl(23118): Failed to ensure directory: /storage/ext_sd/Android/data/com.cleanmaster.mguard/files
W/ContextImpl(23118): Failed to ensure directory: /storage/ext_sd/Android/data/com.cleanmaster.mguard/files
W/ContextImpl(23118): Failed to ensure directory: /storage/ext_sd/Android/data/com.cleanmaster.mguard/files
D/DotMatrix( 1376): [EventService] reorderNotification, total:1
D/DotMatrix( 1376): [EventService] reorderCurrEventType, mCurrentEventType = 30, version:2.1
D/DotMatrix( 1376): [EventService] checkEventUpdateCondition, bCheckCondition:true, mCoverOn:false,mbIsUserInForeground:true,mbIsDeviceSupportDotView:true
I/IntentController( 1243): receive(android.intent.action.BATTERY_CHANGED,2,false)
D/UsbnetService(  885): BroadcastReceiver::onReceive+
D/UsbnetService(  885): onReceive BATTERY_CHANGED
D/UsbnetService(  885):  --> pluggedType = 2, mPluggedType = 0, mScreenOff = false
D/UsbnetService(  885): BroadcastReceiver::onReceive-
I/QuickSettingPowerSaver( 1243): updateEnabledState:(false,false,false)
I/QuickSettingPowerSaverEX( 1243): batteryLevelChanged:true
I/QuickSettingPowerSaverEX( 1243): updateEnabledState:(false,false,false)
I/BatteryController( 1243): status:2 level:99 unsupport:false plugged:true
I/FlashlightController( 1243): batteryLevelChange:99
D/PerfServiceManager(  885): [PerfService] notifyFrameUpdate - bDuringTouchBoost:false 
I/BufferQueueProducer(  341): [StatusBar](this:0x559b6300e0,id:8,api:1,p:1243,c:341) queueBuffer: fps=0.23 dur=4387.44 max=4387.44 min=4387.44
D/screensaver(23118): android.intent.action.BATTERY_CHANGED
I/screensaver(23118): status Charging,level=99,scale=100,v=4356,USB
W/ContextImpl(23118): Failed to ensure directory: /storage/ext_sd/Android/data/com.cleanmaster.mguard/files
D/ActivityThread( 6929): SVC-Calling onStartCommand: com.android.settings.framework.app.HtcSystemService@e42f8bb, flags=0, startId=1
D/SmartNS_NSReceiver( 6929): plugged = 2, support_extension = 0, unsupport_charger = false overheat:false
D/SmartNS_NSReceiver( 6929): Index of the first 1 = -1
W/Settings( 6929): Setting tethering_blocked has moved from android.provider.Settings.Secure to android.provider.Settings.Global.
I/SmartNS_Utility( 6929): hasRemovableStorageSlot: true
D/SmartNS_Utility( 6929): [ACC]Settings-Wireless_+_network-USB_tethering_:usb_storage_notification=false
D/SmartNS_NSReceiver( 6929): onReceive : com.htc.intent.action.BATTERY_CHANGE_PARTIAL hasTethered:false isNSOpening:false
W/ContextImpl(23118): Failed to ensure directory: /storage/ext_sd/Android/data/com.cleanmaster.mguard/files
W/ContextImpl(23118): Failed to ensure directory: /storage/ext_sd/Android/data/com.cleanmaster.mguard/files
W/ContextImpl(23118): Failed to ensure directory: /storage/ext_sd/Android/data/com.cleanmaster.mguard/files
W/ContextImpl(23118): Failed to ensure directory: /storage/ext_sd/Android/data/com.cleanmaster.mguard/files
W/ContextImpl(23118): Failed to ensure directory: /storage/ext_sd/Android/data/com.cleanmaster.mguard/files
W/ContextImpl(23118): Failed to ensure directory: /storage/ext_sd/Android/data/com.cleanmaster.mguard/files
W/ContextImpl(23118): Failed to ensure directory: /storage/ext_sd/Android/data/com.cleanmaster.mguard/files
W/ContextImpl(23118): Failed to ensure directory: /storage/ext_sd/Android/data/com.cleanmaster.mguard/files
W/ContextImpl(23118): Failed to ensure directory: /storage/ext_sd/Android/data/com.cleanmaster.mguard/files
W/ContextImpl(23118): Failed to ensure directory: /storage/ext_sd/Android/data/com.cleanmaster.mguard/files
W/ContextImpl(23118): Failed to ensure directory: /storage/ext_sd/Android/data/com.cleanmaster.mguard/files
W/ContextImpl(23118): Failed to ensure directory: /storage/ext_sd/Android/data/com.cleanmaster.mguard/files
D/ActivityThread( 2561): SVC-Calling onStartCommand: com.evernote.android.job.gcm.PlatformGcmService@21beaad2, flags=0, startId=1
E/memtrack_graphic(  885): open dir: /d/ion/clients/.
I/System  ( 2561): exec(sh @ com.analyticsutils.core.util.k.a:39)
D/AlarmManager(  885):  whichBatch = 17
D/NetworkController( 1243): [Strength][1][SubId:2][GSM] SignalStrength: 21 99 -120 -160 -120 0 -1 99 2147483647 2147483647 2147483647 2147483647 gsm|lte -278 1 1 -1 gsm|lte
D/PhoneInterfaceManager( 1612): [PhoneIntfMgr] getDataNetworkType=3
D/PhoneInterfaceManager( 1612): [PhoneIntfMgr] getDataNetworkType=3
D/SignalClusterView( 1243): vpn: GONE
D/SignalClusterView( 1243): wifi=G,stat_sys_wifi_signal_connected_0 air=G,stat_sys_signal_flightmode data[0]=V,cdma_sys_data_connected_3g sig[0]=V,cdma_stat_sys_s1_5signal_5 data[1]=G,(null) sig[1]=V,cdma_stat_sys_s2_5signal_5
D/SignalClusterView( 1243): vpn: GONE
D/SignalClusterView( 1243): wifi=G,stat_sys_wifi_signal_connected_0 air=G,stat_sys_signal_flightmode data[0]=V,cdma_sys_data_connected_3g sig[0]=V,cdma_stat_sys_s1_5signal_5 data[1]=G,(null) sig[1]=V,cdma_stat_sys_s2_5signal_5
D/PerfServiceManager(  885): [PerfService] notifyFrameUpdate - bDuringTouchBoost:false 
I/BufferQueueProducer(  341): [StatusBar](this:0x559b6300e0,id:8,api:1,p:1243,c:341) queueBuffer: fps=0.32 dur=3095.26 max=3095.26 min=3095.26
W/ContextImpl(23118): Failed to ensure directory: /storage/ext_sd/Android/data/com.cleanmaster.mguard/files
E/memtrack_graphic(  885): open dir: /d/ion/clients/.
E/memtrack_graphic(  885): open dir: /d/ion/clients/.
D/AlarmManager(  885):  whichBatch = -2
D/AlarmManager(  885):  whichBatch = 0
D/AlarmManager(  885):  whichBatch = 0
D/AlarmManager(  885):  whichBatch = -2
D/AlarmManager(  885):  whichBatch = -1
D/AlarmManager(  885):  whichBatch = -2
D/AlarmManager(  885):  whichBatch = 1
D/AlarmManager(  885):  whichBatch = 3
D/AlarmManager(  885):  whichBatch = -2
D/AlarmManager(  885):  whichBatch = 4
D/AlarmManager(  885):  whichBatch = 4
D/AlarmManager(  885):  whichBatch = -2
D/AlarmManager(  885):  whichBatch = -1
D/AlarmManager(  885):  whichBatch = -1
D/AlarmManager(  885):  whichBatch = -1
D/AlarmManager(  885):  whichBatch = -1
D/AlarmManager(  885):  whichBatch = -1
D/AlarmManager(  885):  whichBatch = -2
D/AlarmManager(  885):  whichBatch = 7
D/AlarmManager(  885):  whichBatch = 7
D/AlarmManager(  885):  whichBatch = 7
D/AlarmManager(  885):  whichBatch = 10
D/AlarmManager(  885):  whichBatch = -2
D/AlarmManager(  885):  whichBatch = 12
D/AlarmManager(  885):  whichBatch = 12
D/AlarmManager(  885):  whichBatch = 12
D/AlarmManager(  885):  whichBatch = 12
D/AlarmManager(  885):  whichBatch = -2
D/AlarmManager(  885):  whichBatch = -2
D/AlarmManager(  885):  whichBatch = -1
D/AlarmManager(  885):  whichBatch = -1
D/AlarmManager(  885):  whichBatch = -1
D/AlarmManager(  885):  whichBatch = -2
D/AlarmManager(  885):  whichBatch = 15
D/AlarmManager(  885):  whichBatch = 16
D/AlarmManager(  885):  whichBatch = 16
D/AlarmManager(  885):  whichBatch = 16
D/AlarmManager(  885):  whichBatch = 16
D/AlarmManager(  885):  whichBatch = 16
D/AlarmManager(  885):  whichBatch = 18
D/AlarmManager(  885):  whichBatch = 18
D/AlarmManager(  885):  whichBatch = -1
D/AlarmManager(  885):  whichBatch = -1
D/AlarmManager(  885):  whichBatch = -2
D/AlarmManager(  885):  whichBatch = 19
D/AlarmManager(  885):  whichBatch = 19
D/AlarmManager(  885):  whichBatch = 19
D/AlarmManager(  885):  whichBatch = 19
D/AlarmManager(  885):  whichBatch = 19
D/AlarmManager(  885):  whichBatch = -1
D/AlarmManager(  885):  whichBatch = -1
D/AlarmManager(  885):  whichBatch = -2
D/AlarmManager(  885):  whichBatch = 23
D/AlarmManager(  885):  whichBatch = 23
D/AlarmManager(  885):  whichBatch = -2
D/AlarmManager(  885):  whichBatch = 25
D/AlarmManager(  885):  whichBatch = -2
D/AlarmManager(  885):  whichBatch = 26
D/AlarmManager(  885):  whichBatch = 26
D/AlarmManager(  885):  whichBatch = -2
D/AlarmManager(  885):  whichBatch = -1
D/AlarmManager(  885):  whichBatch = -2
D/AlarmManager(  885):  whichBatch = 28
D/AlarmManager(  885):  whichBatch = 28
D/AlarmManager(  885):  whichBatch = 28
D/AlarmManager(  885):  whichBatch = 28
D/AlarmManager(  885):  whichBatch = -2
D/AlarmManager(  885):  whichBatch = 30
D/AlarmManager(  885):  whichBatch = -2
D/AlarmManager(  885):  whichBatch = 31
D/AlarmManager(  885):  whichBatch = -2
D/AlarmManager(  885):  whichBatch = 32
D/AlarmManager(  885):  whichBatch = 32
D/AlarmManager(  885):  whichBatch = 32
D/AlarmManager(  885):  whichBatch = 32
D/AlarmManager(  885):  whichBatch = -2
D/AlarmManager(  885):  whichBatch = -2
D/AlarmManager(  885):  whichBatch = -2
D/AlarmManager(  885):  whichBatch = -1
D/AlarmManager(  885):  whichBatch = -2
D/AlarmManager(  885):  whichBatch = 36
D/AlarmManager(  885):  whichBatch = 36
D/AlarmManager(  885):  whichBatch = 36
D/AlarmManager(  885):  whichBatch = 36
D/AlarmManager(  885):  whichBatch = 37
D/AlarmManager(  885):  whichBatch = 37
D/AlarmManager(  885):  whichBatch = 37
D/AlarmManager(  885):  whichBatch = 37
D/AlarmManager(  885):  whichBatch = 37
D/AlarmManager(  885):  whichBatch = 37
D/AlarmManager(  885):  whichBatch = 37
D/AlarmManager(  885):  whichBatch = -1
D/AlarmManager(  885):  whichBatch = -2
D/AlarmManager(  885):  whichBatch = 38
D/AlarmManager(  885):  whichBatch = -2
D/AlarmManager(  885):  whichBatch = -1
D/AlarmManager(  885):  whichBatch = -2
D/AlarmManager(  885):  whichBatch = 41
D/AlarmManager(  885):  whichBatch = 41
D/AlarmManager(  885):  whichBatch = 41
D/AlarmManager(  885):  whichBatch = 41
D/AlarmManager(  885):  whichBatch = 41
D/AlarmManager(  885):  whichBatch = -1
D/AlarmManager(  885):  whichBatch = -2
D/AlarmManager(  885):  whichBatch = -1
D/AlarmManager(  885):  whichBatch = -1
D/AlarmManager(  885):  whichBatch = -1
D/AlarmManager(  885):  whichBatch = -2
D/AlarmManager(  885):  whichBatch = 48
D/AlarmManager(  885):  whichBatch = 48
D/AlarmManager(  885):  whichBatch = 48
D/AlarmManager(  885):  whichBatch = -2
D/AlarmManager(  885):  whichBatch = -1
D/AlarmManager(  885):  whichBatch = -1
D/AlarmManager(  885):  whichBatch = -2
D/AlarmManager(  885):  whichBatch = 50
D/AlarmManager(  885):  whichBatch = 50
D/AlarmManager(  885):  whichBatch = 50
D/AlarmManager(  885):  whichBatch = 51
D/AlarmManager(  885):  whichBatch = -2
D/AlarmManager(  885):  whichBatch = 53
D/AlarmManager(  885):  whichBatch = -2
D/AlarmManager(  885):  whichBatch = -2
D/AlarmManager(  885):  whichBatch = -2
D/AlarmManager(  885):  whichBatch = -2
D/AlarmManager(  885):  whichBatch = 57
D/AlarmManager(  885):  whichBatch = 57
D/AlarmManager(  885):  whichBatch = 57
D/AlarmManager(  885):  whichBatch = -2
D/AlarmManager(  885):  whichBatch = 58
D/AlarmManager(  885):  whichBatch = -2
D/AlarmManager(  885):  whichBatch = -2
D/AlarmManager(  885):  whichBatch = 60
D/AlarmManager(  885):  whichBatch = -2
D/AlarmManager(  885):  whichBatch = 61
D/AlarmManager(  885):  whichBatch = 61
D/AlarmManager(  885):  whichBatch = 61
D/AlarmManager(  885):  whichBatch = 61
D/AlarmManager(  885):  whichBatch = -1
D/AlarmManager(  885):  whichBatch = -2
D/AlarmManager(  885):  whichBatch = 63
D/AlarmManager(  885):  whichBatch = -1
D/AlarmManager(  885):  whichBatch = -1
D/AlarmManager(  885):  whichBatch = -2
D/AlarmManager(  885):  whichBatch = 66
D/AlarmManager(  885):  whichBatch = 66
D/AlarmManager(  885):  whichBatch = 66
D/AlarmManager(  885):  whichBatch = 66
D/AlarmManager(  885):  whichBatch = 66
D/AlarmManager(  885):  whichBatch = 66
D/AlarmManager(  885):  whichBatch = 66
D/AlarmManager(  885):  whichBatch = 66
D/AlarmManager(  885):  whichBatch = 66
D/AlarmManager(  885):  whichBatch = 66
D/AlarmManager(  885):  whichBatch = -2
W/ContextImpl(23118): Failed to ensure directory: /storage/ext_sd/Android/data/com.cleanmaster.mguard/files
W/ContextImpl(23118): Failed to ensure directory: /storage/ext_sd/Android/data/com.cleanmaster.mguard/files
W/ContextImpl(23118): Failed to ensure directory: /storage/ext_sd/Android/data/com.cleanmaster.mguard/files
W/ContextImpl(23118): Failed to ensure directory: /storage/ext_sd/Android/data/com.cleanmaster.mguard/files
W/ContextImpl(23118): Failed to ensure directory: /storage/ext_sd/Android/data/com.cleanmaster.mguard/files
W/ContextImpl(23118): Failed to ensure directory: /storage/ext_sd/Android/data/com.cleanmaster.mguard/files
W/ContextImpl(23118): Failed to ensure directory: /storage/ext_sd/Android/data/com.cleanmaster.mguard/files
E/WifiStateMachine(  885):  ScanModeState (when=-1ms what=131152 arg1=4406 arg2=1) !CMD_SET_COUNTRY_CODE 4406 1 lk
E/WifiStateMachine(  885):  DriverStartedState (when=-1ms what=131152 arg1=4406 arg2=1) !CMD_SET_COUNTRY_CODE 4406 1 lk
E/WifiStateMachine(  885): set country code lk
D/WifiP2pService(  885): P2pDisabledState P2P.SET_COUNTRY_CODE{ when=-1ms what=143376 obj=LK target=com.android.internal.util.StateMachine$SmHandler obj=LK }
D/WifiP2pService(  885): DefaultState P2P.SET_COUNTRY_CODE{ when=-1ms what=143376 obj=LK target=com.android.internal.util.StateMachine$SmHandler obj=LK }
D/NetworkController( 1243): [SrvState][0][SubId:1][GSM] 0 0 voice home data home Etisalat Etisalat 41303 Etisalat Etisalat 41303  HSPAP HSPAP CSS not supported 0 0 RoamInd=-1 DefRoamInd=-1 EmergOnly=false Ril Voice Regist state: 1 Ril Data Regist state: 1 mProprietaryDataRadioTechnology: 130 mCdmaNetWorkMode: 0EriInd= -1EriMode= -1RadioPowerSv: false EmergOnly=false PhoneType: 0 IMSRegState: 0
D/PhoneInterfaceManager( 1612): [PhoneIntfMgr] getDataNetworkType=15
D/PhoneInterfaceManager( 1612): [PhoneIntfMgr] getDataNetworkType=15
D/SignalClusterView( 1243): vpn: GONE
D/SignalClusterView( 1243): wifi=G,stat_sys_wifi_signal_connected_0 air=G,stat_sys_signal_flightmode data[0]=V,cdma_sys_data_connected_3g sig[0]=V,cdma_stat_sys_s1_5signal_5 data[1]=G,(null) sig[1]=V,cdma_stat_sys_s2_5signal_5
D/SignalClusterView( 1243): vpn: GONE
D/SignalClusterView( 1243): wifi=G,stat_sys_wifi_signal_connected_0 air=G,stat_sys_signal_flightmode data[0]=V,cdma_sys_data_connected_3g sig[0]=V,cdma_stat_sys_s1_5signal_5 data[1]=G,(null) sig[1]=V,cdma_stat_sys_s2_5signal_5
I/QuickSettingAirplane( 1243): receiveLoc(STATE_IN_SERVICE,STATE_IN_SERVICE)
I/QuickSettingAirplane( 1243): isAllRadioOff:STATE_IN_SERVICE/STATE_IN_SERVICE
I/QuickSettingAirplane( 1243): getActualState:STATE_AIRPLANE_OFF airplaneOn:false radioAllOff:false
D/PerfServiceManager(  885): [PerfService] notifyFrameUpdate - bDuringTouchBoost:false 
I/BufferQueueProducer(  341): [StatusBar](this:0x559b6300e0,id:8,api:1,p:1243,c:341) queueBuffer: fps=0.51 dur=1953.54 max=1953.54 min=1953.54
W/ContextImpl(23118): Failed to ensure directory: /storage/ext_sd/Android/data/com.cleanmaster.mguard/files
D/GsmCellLocation( 1612): fillInNotifierBundle:Bundle[{cid=103040, lac=3001, psc=-1, type=1}]
E/CellLocation(18796): create GsmCellLocation
D/WifiStateMachine(  885): onReceive, action:android.intent.action.SERVICE_STATE
D/WifiStateMachine(  885): mReceiver: ACTION_SERVICE_STATE_CHANGED
D/WifiStateMachine(  885): ServiceState: 0 :41303
D/ConnectivityManager.CallbackHandler(23118): CM callback handler got msg 524290
D/ConnectivityManager.CallbackHandler(11194): CM callback handler got msg 524290
D/ConnectivityManager.CallbackHandler( 1243): CM callback handler got msg 524290
D/ConnectivityManager.CallbackHandler(11194): CM callback handler got msg 524290
I/SecurityController( 1243): onAvailable(149,[ Transports: CELLULAR Capabilities: SUPL&DUN&INTERNET&NOT_RESTRICTED&TRUSTED&NOT_VPN LinkUpBandwidth>=11264Kbps LinkDnBandwidth>=43008Kbps Specifier: <1>])
D/FlexNetRA( 6822): ActionA>android.intent.action.SERVICE_STATE
D/ConnectivityManager.CallbackHandler(22486): CM callback handler got msg 524290
D/ConnectivityManager.CallbackHandler( 5500): CM callback handler got msg 524290
D/ConnectivityManager.CallbackHandler(23118): CM callback handler got msg 524290
D/ConnectivityManager.CallbackHandler( 5929): CM callback handler got msg 524290
D/ConnectivityManager.CallbackHandler( 2561): CM callback handler got msg 524290
D/ConnectivityManager.CallbackHandler(18796): CM callback handler got msg 524290
D/ConnectivityManager.CallbackHandler(11194): CM callback handler got msg 524294
D/ConnectivityManager.CallbackHandler(11194): CM callback handler got msg 524294
D/ConnectivityManager.CallbackHandler( 1243): CM callback handler got msg 524294
D/ConnectivityManager.CallbackHandler(22486): CM callback handler got msg 524290
D/AutoSetting( 5108): receiver - intent: android.intent.action.SERVICE_STATE
D/ConnectivityManager.CallbackHandler(23118): CM callback handler got msg 524294
D/ConnectivityManager.CallbackHandler( 5500): CM callback handler got msg 524294
W/CustomizationManager( 6866): htcmobiledata reader is null,return default reader
W/SystemReader( 6866): Cannot find OmaCPSupportList, use default value instead
D/ActivityThread( 6866): SVC-Calling onStartCommand: com.htc.mobiledata.MobileDataService@2efe6abe, flags=0, startId=1
D/NetworkController( 1243): [DataConnect][0][SubId:1][GSM] CONNECTED,HSPA+
D/ConnectivityManager.CallbackHandler( 5929): CM callback handler got msg 524294
D/ConnectivityManager.CallbackHandler(23118): CM callback handler got msg 524294
D/HtcNLPSwitchReceiver( 5108): onReceive(): android.intent.action.SERVICE_STATE
D/ConnectivityManager.CallbackHandler(22486): CM callback handler got msg 524294
D/ConnectivityManager.CallbackHandler( 2561): CM callback handler got msg 524294
D/GsmCellLocation( 1612): fillInNotifierBundle:Bundle[{cid=103040, lac=3001, psc=-1, type=1}]
D/ConnectivityManager.CallbackHandler(18796): CM callback handler got msg 524294
I/PhoneUtils( 1612): ============== debugSubIds getSlotIdFromIntent() slotId: 0
I/PhoneUtils( 1612): ============== debugSubIds getSlotIdFromIntent() slotId: 0
E/CellLocation( 1735): create GsmCellLocation
W/Settings( 5108): Setting device_provisioned has moved from android.provider.Settings.System to android.provider.Settings.Global, returning read-only value.
D/PhoneApp( 1612): updateServiceState isDataRoaming: false
E/VoLteGlobals( 1612): No VoLteGlobals here!
D/PhoneInterfaceManager( 1612): [PhoneIntfMgr] getDataNetworkType=15
D/ConnectivityManager.CallbackHandler(22486): CM callback handler got msg 524294
D/PhoneInterfaceManager( 1612): [PhoneIntfMgr] getAllCellInfo: info = [CellInfoWcdma:{mRegistered=YES mTimeStampType=oem_ril mTimeStamp=329961416000000ns CellIdentityWcdma:{ mMcc=413 mMnc=3 mLac=3001 mCid=103040 mPsc=288} CellSignalStrengthWcdma: ss=35 ber=39}, CellInfoWcdma:{mRegistered=NO mTimeStampType=oem_ril mTimeStamp=329961416000000ns CellIdentityWcdma:{ mMcc=413 mMnc=3 mLac=3001 mCid=103040 mPsc=288} CellSignalStrengthWcdma: ss=35 ber=39}]
D/PhoneInterfaceManager( 1612): [PhoneIntfMgr] getDataNetworkType=15
D/ActivityThread( 6866): SVC-Calling onStartCommand: com.htc.mobiledata.MobileDataService@2efe6abe, flags=0, startId=2
D/PhoneInterfaceManager( 1612): [PhoneIntfMgr] getDataNetworkType=15
D/PhoneInterfaceManager( 1612): [PhoneIntfMgr] getDataNetworkType=15
D/PhoneInterfaceManager( 1612): [PhoneIntfMgr] getDataNetworkType=15
D/SignalClusterView( 1243): vpn: GONE
D/SignalClusterView( 1243): wifi=G,stat_sys_wifi_signal_connected_0 air=G,stat_sys_signal_flightmode data[0]=V,stat_sys_data_connected_h sig[0]=V,cdma_stat_sys_s1_5signal_5 data[1]=G,(null) sig[1]=V,cdma_stat_sys_s2_5signal_5
D/SignalClusterView( 1243): vpn: GONE
D/SignalClusterView( 1243): wifi=G,stat_sys_wifi_signal_connected_0 air=G,stat_sys_signal_flightmode data[0]=V,stat_sys_data_connected_h sig[0]=V,cdma_stat_sys_s1_5signal_5 data[1]=G,(null) sig[1]=V,cdma_stat_sys_s2_5signal_5
D/PhoneInterfaceManager( 1612): [PhoneIntfMgr] getAllCellInfo: info = [CellInfoGsm:{mRegistered=YES mTimeStampType=oem_ril mTimeStamp=329961466000000ns CellIdentityGsm:{ mMcc=413 mMnc=1 mLac=63430 mCid=2098} CellSignalStrengthGsm: ss=41 ber=99}, CellInfoGsm:{mRegistered=NO mTimeStampType=oem_ril mTimeStamp=329961466000000ns CellIdentityGsm:{ mMcc=413 mMnc=1 mLac=63420 mCid=131} CellSignalStrengthGsm: ss=31 ber=99}, CellInfoGsm:{mRegistered=NO mTimeStampType=oem_ril mTimeStamp=329961466000000ns CellIdentityGsm:{ mMcc=413 mMnc=1 mLac=63420 mCid=136} CellSignalStrengthGsm: ss=29 ber=99}, CellInfoGsm:{mRegistered=NO mTimeStampType=oem_ril mTimeStamp=329961466000000ns CellIdentityGsm:{ mMcc=413 mMnc=1 mLac=63420 mCid=132} CellSignalStrengthGsm: ss=20 ber=99}, CellInfoGsm:{mRegistered=NO mTimeStampType=oem_ril mTimeStamp=329961466000000ns CellIdentityGsm:{ mMcc=413 mMnc=1 mLac=63420 mCid=133} CellSignalStrengthGsm: ss=17 ber=99}, CellInfoGsm:{mRegistered=NO mTimeStampType=oem_ril mTimeStamp=329961466000000ns CellIdentityGsm:{ mMcc=413 mMnc=1 mLac=63430 mCid=2096} CellSignalStrengthGsm: ss=15 ber=99}, CellInfoGsm:{mRegistered=NO mTimeStampType=oem_ril mTimeStamp=329961466000000ns CellIdentityGsm:{ mMcc=413 mMnc=1 mLac=63430 mCid=2097} CellSignalStrengthGsm: ss=15 ber=99}]
D/ActivityThread( 6866): SVC-Calling onStartCommand: com.htc.mobiledata.MobileDataService@2efe6abe, flags=0, startId=3
D/ActivityThread( 6822): SVC-Calling onStartCommand: com.htc.flexnet.FlexNetService@13eada35, flags=0, startId=1
V/FlexNetS( 6822): onStartCommand(1) { when=-2ms what=0 arg2=1 obj=Intent { act=ACTION_CAMPNETWORK_NOT_IN_SERVICE_OR_ROAMING cmp=com.htc.flexnet/.FlexNetService } target=com.htc.flexnet.j obj=Intent { act=ACTION_CAMPNETWORK_NOT_IN_SERVICE_OR_ROAMING cmp=com.htc.flexnet/.FlexNetService } }
D/MPlugin ( 6822): createInstance(): Begin = 155035393
D/MPlugin ( 6822): create Instance (two parameters) with : com.mediatek.common.telephony.IOnlyOwnerSimSupport
D/MPlugin ( 6822): Clazz exists on mapping table : false
E/MPlugin ( 6822): Unsupported class: com.mediatek.common.telephony.IOnlyOwnerSimSupport
D/MPlugin ( 6822): createInstance(): End = 155035393
D/PhoneInterfaceManager( 1612): [PhoneIntfMgr] getAllCellInfo: info = [CellInfoWcdma:{mRegistered=YES mTimeStampType=oem_ril mTimeStamp=329961416000000ns CellIdentityWcdma:{ mMcc=413 mMnc=3 mLac=3001 mCid=103040 mPsc=288} CellSignalStrengthWcdma: ss=35 ber=39}, CellInfoWcdma:{mRegistered=NO mTimeStampType=oem_ril mTimeStamp=329961416000000ns CellIdentityWcdma:{ mMcc=413 mMnc=3 mLac=3001 mCid=103040 mPsc=288} CellSignalStrengthWcdma: ss=35 ber=39}]
D/ConnectivityManager.CallbackHandler( 1243): CM callback handler got msg 524295
D/ConnectivityManager.CallbackHandler(11194): CM callback handler got msg 524295
D/PhoneInterfaceManager( 1612): [PhoneIntfMgr] getAllCellInfo: info = [CellInfoGsm:{mRegistered=YES mTimeStampType=oem_ril mTimeStamp=329961466000000ns CellIdentityGsm:{ mMcc=413 mMnc=1 mLac=63430 mCid=2098} CellSignalStrengthGsm: ss=41 ber=99}, CellInfoGsm:{mRegistered=NO mTimeStampType=oem_ril mTimeStamp=329961466000000ns CellIdentityGsm:{ mMcc=413 mMnc=1 mLac=63420 mCid=131} CellSignalStrengthGsm: ss=31 ber=99}, CellInfoGsm:{mRegistered=NO mTimeStampType=oem_ril mTimeStamp=329961466000000ns CellIdentityGsm:{ mMcc=413 mMnc=1 mLac=63420 mCid=136} CellSignalStrengthGsm: ss=29 ber=99}, CellInfoGsm:{mRegistered=NO mTimeStampType=oem_ril mTimeStamp=329961466000000ns CellIdentityGsm:{ mMcc=413 mMnc=1 mLac=63420 mCid=132} CellSignalStrengthGsm: ss=20 ber=99}, CellInfoGsm:{mRegistered=NO mTimeStampType=oem_ril mTimeStamp=329961466000000ns CellIdentityGsm:{ mMcc=413 mMnc=1 mLac=63420 mCid=133} CellSignalStrengthGsm: ss=17 ber=99}, CellInfoGsm:{mRegistered=NO mTimeStampType=oem_ril mTimeStamp=329961466000000ns CellIdentityGsm:{ mMcc=413 mMnc=1 mLac=63430 mCid=2096} CellSignalStrengthGsm: ss=15 ber=99}, CellInfoGsm:{mRegistered=NO mTimeStampType=oem_ril mTimeStamp=329961466000000ns CellIdentityGsm:{ mMcc=413 mMnc=1 mLac=63430 mCid=2097} CellSignalStrengthGsm: ss=15 ber=99}]
D/ConnectivityManager.CallbackHandler(11194): CM callback handler got msg 524295
D/FlexNetS( 6822): registerStateListener
D/FlexNetS( 6822): getServiceState:0
D/ConnectivityManager.CallbackHandler(23118): CM callback handler got msg 524295
D/ConnectivityManager.CallbackHandler(22486): CM callback handler got msg 524295
D/ConnectivityManager.CallbackHandler(23118): CM callback handler got msg 524295
D/HtcNLPSwitchReceiver( 5108): onReceive(): AutoNavi NLP package not installed!
D/ConnectivityManager.CallbackHandler(22486): CM callback handler got msg 524295
D/ConnectivityManager.CallbackHandler(18796): CM callback handler got msg 524295
D/ConnectivityManager.CallbackHandler( 5500): CM callback handler got msg 524295
D/ConnectivityManager.CallbackHandler( 5929): CM callback handler got msg 524295
D/ConnectivityManager.CallbackHandler( 2561): CM callback handler got msg 524295
D/FlexNetS( 6822): unregisterStateListener
I/AutoSettingApp( 6365): receiver - onReceive() isHSPMigrate is false
D/HtcNLPSwitchReceiver( 6365): onReceive() isHSPMigrate is false
D/FlexNetRA( 6822): ActionA>android.intent.action.ANY_DATA_STATE
D/MdScPhnSt( 6866): [abe.1.]  listen, callback 1 2 (remain 1 2) tmrbb8
D/PhoneInterfaceManager( 1612): [PhoneIntfMgr] getDataNetworkType=15
D/PhoneInterfaceManager( 1612): [PhoneIntfMgr] getDataNetworkType=15
D/PhoneInterfaceManager( 1612): [PhoneIntfMgr] getDataNetworkType=15
D/PhoneInterfaceManager( 1612): [PhoneIntfMgr] getDataNetworkType=15
D/FlexNetS( 6822): updateSvcAllowedInSettings:false
W/ContextImpl(23118): Failed to ensure directory: /storage/ext_sd/Android/data/com.cleanmaster.mguard/files
W/CustomizationManager( 6866): htcmobiledata reader is null,return default reader
W/SystemReader( 6866): Cannot find OmaCPSupportList, use default value instead
W/CustomizationManager( 6866): htcmobiledata reader is null,return default reader
W/SystemReader( 6866): Cannot find OmaCPSupportList, use default value instead
D/MdScDataSum( 6866): [abe.2.] summary 148:p2 ignore
D/TelephonyManager( 6866): getDataEnabled: retVal=true
D/NetworkController( 1243): [DataActivity][0][GSM] INOUT
D/PhoneInterfaceManager( 1612): [PhoneIntfMgr] getDataNetworkType=15
D/PhoneInterfaceManager( 1612): [PhoneIntfMgr] getDataNetworkType=15
D/SignalClusterView( 1243): vpn: GONE
D/SignalClusterView( 1243): wifi=G,stat_sys_wifi_signal_connected_0 air=G,stat_sys_signal_flightmode data[0]=V,stat_sys_data_inandout_h sig[0]=V,cdma_stat_sys_s1_5signal_5 data[1]=G,(null) sig[1]=V,cdma_stat_sys_s2_5signal_5
D/SignalClusterView( 1243): vpn: GONE
D/SignalClusterView( 1243): wifi=G,stat_sys_wifi_signal_connected_0 air=G,stat_sys_signal_flightmode data[0]=V,stat_sys_data_inandout_h sig[0]=V,cdma_stat_sys_s1_5signal_5 data[1]=G,(null) sig[1]=V,cdma_stat_sys_s2_5signal_5
D/NetworkController( 1243): [DataActivity][1][GSM] INOUT
D/PhoneInterfaceManager( 1612): [PhoneIntfMgr] getDataNetworkType=15
D/PhoneInterfaceManager( 1612): [PhoneIntfMgr] getDataNetworkType=15
D/SignalClusterView( 1243): vpn: GONE
D/SignalClusterView( 1243): wifi=G,stat_sys_wifi_signal_connected_0 air=G,stat_sys_signal_flightmode data[0]=V,stat_sys_data_inandout_h sig[0]=V,cdma_stat_sys_s1_5signal_5 data[1]=G,(null) sig[1]=V,cdma_stat_sys_s2_5signal_5
D/SignalClusterView( 1243): vpn: GONE
D/SignalClusterView( 1243): wifi=G,stat_sys_wifi_signal_connected_0 air=G,stat_sys_signal_flightmode data[0]=V,stat_sys_data_inandout_h sig[0]=V,cdma_stat_sys_s1_5signal_5 data[1]=G,(null) sig[1]=V,cdma_stat_sys_s2_5signal_5
W/ContextImpl(23118): Failed to ensure directory: /storage/ext_sd/Android/data/com.cleanmaster.mguard/files
D/NetworkController( 1243): [Strength][0][SubId:1][GSM] SignalStrength: 16 41 -120 -160 -6 0 -1 99 2147483647 2147483647 2147483647 2147483647 gsm|lte 1 -320 -15 -1 gsm|lte
D/PhoneInterfaceManager( 1612): [PhoneIntfMgr] getDataNetworkType=15
D/PhoneInterfaceManager( 1612): [PhoneIntfMgr] getDataNetworkType=15
D/SignalClusterView( 1243): vpn: GONE
D/SignalClusterView( 1243): wifi=G,stat_sys_wifi_signal_connected_0 air=G,stat_sys_signal_flightmode data[0]=V,stat_sys_data_inandout_h sig[0]=V,cdma_stat_sys_s1_5signal_5 data[1]=G,(null) sig[1]=V,cdma_stat_sys_s2_5signal_5
D/SignalClusterView( 1243): vpn: GONE
D/SignalClusterView( 1243): wifi=G,stat_sys_wifi_signal_connected_0 air=G,stat_sys_signal_flightmode data[0]=V,stat_sys_data_inandout_h sig[0]=V,cdma_stat_sys_s1_5signal_5 data[1]=G,(null) sig[1]=V,cdma_stat_sys_s2_5signal_5
D/PerfServiceManager(  885): [PerfService] notifyFrameUpdate - bDuringTouchBoost:false 
W/ContextImpl(23118): Failed to ensure directory: /storage/ext_sd/Android/data/com.cleanmaster.mguard/files
W/ContextImpl(23118): Failed to ensure directory: /storage/ext_sd/Android/data/com.cleanmaster.mguard/files
W/ContextImpl(23118): Failed to ensure directory: /storage/ext_sd/Android/data/com.cleanmaster.mguard/files
D/NetworkController( 1243): [DataActivity][0][GSM] NONE
D/PhoneInterfaceManager( 1612): [PhoneIntfMgr] getDataNetworkType=15
D/PhoneInterfaceManager( 1612): [PhoneIntfMgr] getDataNetworkType=15
D/SignalClusterView( 1243): vpn: GONE
D/SignalClusterView( 1243): wifi=G,stat_sys_wifi_signal_connected_0 air=G,stat_sys_signal_flightmode data[0]=V,stat_sys_data_connected_h sig[0]=V,cdma_stat_sys_s1_5signal_5 data[1]=G,(null) sig[1]=V,cdma_stat_sys_s2_5signal_5
D/SignalClusterView( 1243): vpn: GONE
D/SignalClusterView( 1243): wifi=G,stat_sys_wifi_signal_connected_0 air=G,stat_sys_signal_flightmode data[0]=V,stat_sys_data_connected_h sig[0]=V,cdma_stat_sys_s1_5signal_5 data[1]=G,(null) sig[1]=V,cdma_stat_sys_s2_5signal_5
D/NetworkController( 1243): [DataActivity][1][GSM] NONE
D/PhoneInterfaceManager( 1612): [PhoneIntfMgr] getDataNetworkType=15
D/PhoneInterfaceManager( 1612): [PhoneIntfMgr] getDataNetworkType=15
D/SignalClusterView( 1243): vpn: GONE
D/SignalClusterView( 1243): wifi=G,stat_sys_wifi_signal_connected_0 air=G,stat_sys_signal_flightmode data[0]=V,stat_sys_data_connected_h sig[0]=V,cdma_stat_sys_s1_5signal_5 data[1]=G,(null) sig[1]=V,cdma_stat_sys_s2_5signal_5
D/SignalClusterView( 1243): vpn: GONE
D/SignalClusterView( 1243): wifi=G,stat_sys_wifi_signal_connected_0 air=G,stat_sys_signal_flightmode data[0]=V,stat_sys_data_connected_h sig[0]=V,cdma_stat_sys_s1_5signal_5 data[1]=G,(null) sig[1]=V,cdma_stat_sys_s2_5signal_5
D/PerfServiceManager(  885): [PerfService] notifyFrameUpdate - bDuringTouchBoost:false 
I/BufferQueueProducer(  341): [StatusBar](this:0x559b6300e0,id:8,api:1,p:1243,c:341) queueBuffer: fps=2.82 dur=1420.73 max=706.51 min=124.76
W/ContextImpl(23118): Failed to ensure directory: /storage/ext_sd/Android/data/com.cleanmaster.mguard/files
W/ContextImpl(23118): Failed to ensure directory: /storage/ext_sd/Android/data/com.cleanmaster.mguard/files
W/ContextImpl(23118): Failed to ensure directory: /storage/ext_sd/Android/data/com.cleanmaster.mguard/files
W/ContextImpl(23118): Failed to ensure directory: /storage/ext_sd/Android/data/com.cleanmaster.mguard/files
W/ContextImpl(23118): Failed to ensure directory: /storage/ext_sd/Android/data/com.cleanmaster.mguard/files
W/ContextImpl(23118): Failed to ensure directory: /storage/ext_sd/Android/data/com.cleanmaster.mguard/files
W/ContextImpl(23118): Failed to ensure directory: /storage/ext_sd/Android/data/com.cleanmaster.mguard/files
W/ContextImpl(23118): Failed to ensure directory: /storage/ext_sd/Android/data/com.cleanmaster.mguard/files
D/NetworkController( 1243): [Strength][0][SubId:1][GSM] SignalStrength: 16 41 -120 -160 -6 0 -1 99 2147483647 2147483647 2147483647 2147483647 gsm|lte 1 -325 -15 -1 gsm|lte
D/PhoneInterfaceManager( 1612): [PhoneIntfMgr] getDataNetworkType=15
D/PhoneInterfaceManager( 1612): [PhoneIntfMgr] getDataNetworkType=15
D/SignalClusterView( 1243): vpn: GONE
D/SignalClusterView( 1243): wifi=G,stat_sys_wifi_signal_connected_0 air=G,stat_sys_signal_flightmode data[0]=V,stat_sys_data_connected_h sig[0]=V,cdma_stat_sys_s1_5signal_5 data[1]=G,(null) sig[1]=V,cdma_stat_sys_s2_5signal_5
D/SignalClusterView( 1243): vpn: GONE
D/SignalClusterView( 1243): wifi=G,stat_sys_wifi_signal_connected_0 air=G,stat_sys_signal_flightmode data[0]=V,stat_sys_data_connected_h sig[0]=V,cdma_stat_sys_s1_5signal_5 data[1]=G,(null) sig[1]=V,cdma_stat_sys_s2_5signal_5
D/PerfServiceManager(  885): [PerfService] notifyFrameUpdate - bDuringTouchBoost:false 
I/BufferQueueProducer(  341): [StatusBar](this:0x559b6300e0,id:8,api:1,p:1243,c:341) queueBuffer: fps=0.55 dur=1819.95 max=1819.95 min=1819.95
W/ContextImpl(23118): Failed to ensure directory: /storage/ext_sd/Android/data/com.cleanmaster.mguard/files
W/ContextImpl(23118): Failed to ensure directory: /storage/ext_sd/Android/data/com.cleanmaster.mguard/files
W/ContextImpl(23118): Failed to ensure directory: /storage/ext_sd/Android/data/com.cleanmaster.mguard/files
W/ContextImpl(23118): Failed to ensure directory: /storage/ext_sd/Android/data/com.cleanmaster.mguard/files
W/ContextImpl(23118): Failed to ensure directory: /storage/ext_sd/Android/data/com.cleanmaster.mguard/files
W/ContextImpl(23118): Failed to ensure directory: /storage/ext_sd/Android/data/com.cleanmaster.mguard/files
W/ContextImpl(23118): Failed to ensure directory: /storage/ext_sd/Android/data/com.cleanmaster.mguard/files
W/ContextImpl(23118): Failed to ensure directory: /storage/ext_sd/Android/data/com.cleanmaster.mguard/files
W/ContextImpl(23118): Failed to ensure directory: /storage/ext_sd/Android/data/com.cleanmaster.mguard/files
W/ContextImpl(23118): Failed to ensure directory: /storage/ext_sd/Android/data/com.cleanmaster.mguard/files
D/NetworkController( 1243): [Strength][1][SubId:2][GSM] SignalStrength: 22 99 -120 -160 -120 0 -1 99 2147483647 2147483647 2147483647 2147483647 gsm|lte -273 1 1 -1 gsm|lte
D/PhoneInterfaceManager( 1612): [PhoneIntfMgr] getDataNetworkType=15
D/PhoneInterfaceManager( 1612): [PhoneIntfMgr] getDataNetworkType=15
D/SignalClusterView( 1243): vpn: GONE
D/SignalClusterView( 1243): wifi=G,stat_sys_wifi_signal_connected_0 air=G,stat_sys_signal_flightmode data[0]=V,stat_sys_data_connected_h sig[0]=V,cdma_stat_sys_s1_5signal_5 data[1]=G,(null) sig[1]=V,cdma_stat_sys_s2_5signal_5
D/SignalClusterView( 1243): vpn: GONE
D/SignalClusterView( 1243): wifi=G,stat_sys_wifi_signal_connected_0 air=G,stat_sys_signal_flightmode data[0]=V,stat_sys_data_connected_h sig[0]=V,cdma_stat_sys_s1_5signal_5 data[1]=G,(null) sig[1]=V,cdma_stat_sys_s2_5signal_5
D/PerfServiceManager(  885): [PerfService] notifyFrameUpdate - bDuringTouchBoost:false 
I/BufferQueueProducer(  341): [StatusBar](this:0x559b6300e0,id:8,api:1,p:1243,c:341) queueBuffer: fps=0.42 dur=2362.38 max=2362.38 min=2362.38
D/NetworkController( 1243): [Strength][0][SubId:1][GSM] SignalStrength: 16 41 -120 -160 -6 0 -1 99 2147483647 2147483647 2147483647 2147483647 gsm|lte 1 -323 -15 -1 gsm|lte
D/PhoneInterfaceManager( 1612): [PhoneIntfMgr] getDataNetworkType=15
D/PhoneInterfaceManager( 1612): [PhoneIntfMgr] getDataNetworkType=15
D/SignalClusterView( 1243): vpn: GONE
D/SignalClusterView( 1243): wifi=G,stat_sys_wifi_signal_connected_0 air=G,stat_sys_signal_flightmode data[0]=V,stat_sys_data_connected_h sig[0]=V,cdma_stat_sys_s1_5signal_5 data[1]=G,(null) sig[1]=V,cdma_stat_sys_s2_5signal_5
D/SignalClusterView( 1243): vpn: GONE
D/SignalClusterView( 1243): wifi=G,stat_sys_wifi_signal_connected_0 air=G,stat_sys_signal_flightmode data[0]=V,stat_sys_data_connected_h sig[0]=V,cdma_stat_sys_s1_5signal_5 data[1]=G,(null) sig[1]=V,cdma_stat_sys_s2_5signal_5
E/WifiStateMachine(  885):  ScanModeState (when=0 what=131152 arg1=4407 arg2=1) !CMD_SET_COUNTRY_CODE 4407 1 lk
E/WifiStateMachine(  885):  DriverStartedState (when=0 what=131152 arg1=4407 arg2=1) !CMD_SET_COUNTRY_CODE 4407 1 lk
E/WifiStateMachine(  885): set country code lk
D/WifiP2pService(  885): P2pDisabledState P2P.SET_COUNTRY_CODE{ when=0 what=143376 obj=LK target=com.android.internal.util.StateMachine$SmHandler obj=LK }
D/WifiP2pService(  885): DefaultState P2P.SET_COUNTRY_CODE{ when=-1ms what=143376 obj=LK target=com.android.internal.util.StateMachine$SmHandler obj=LK }
D/NetworkController( 1243): [SrvState][0][SubId:1][GSM] 0 0 voice home data home Etisalat Etisalat 41303 Etisalat Etisalat 41303  UMTS UMTS CSS not supported -1 -1 RoamInd=-1 DefRoamInd=-1 EmergOnly=false Ril Voice Regist state: 1 Ril Data Regist state: 1 mProprietaryDataRadioTechnology: 0 mCdmaNetWorkMode: 0EriInd= -1EriMode= -1RadioPowerSv: false EmergOnly=false PhoneType: 0 IMSRegState: -1
D/PhoneInterfaceManager( 1612): [PhoneIntfMgr] getDataNetworkType=3
W/ContextImpl(23118): Failed to ensure directory: /storage/ext_sd/Android/data/com.cleanmaster.mguard/files
D/PhoneInterfaceManager( 1612): [PhoneIntfMgr] getDataNetworkType=3
D/SignalClusterView( 1243): vpn: GONE
D/SignalClusterView( 1243): wifi=G,stat_sys_wifi_signal_connected_0 air=G,stat_sys_signal_flightmode data[0]=V,stat_sys_data_connected_h sig[0]=V,cdma_stat_sys_s1_5signal_5 data[1]=G,(null) sig[1]=V,cdma_stat_sys_s2_5signal_5
D/SignalClusterView( 1243): vpn: GONE
D/SignalClusterView( 1243): wifi=G,stat_sys_wifi_signal_connected_0 air=G,stat_sys_signal_flightmode data[0]=V,stat_sys_data_connected_h sig[0]=V,cdma_stat_sys_s1_5signal_5 data[1]=G,(null) sig[1]=V,cdma_stat_sys_s2_5signal_5
I/QuickSettingAirplane( 1243): receiveLoc(STATE_IN_SERVICE,STATE_IN_SERVICE)
I/QuickSettingAirplane( 1243): isAllRadioOff:STATE_IN_SERVICE/STATE_IN_SERVICE
I/QuickSettingAirplane( 1243): getActualState:STATE_AIRPLANE_OFF airplaneOn:false radioAllOff:false
D/WifiStateMachine(  885): onReceive, action:android.intent.action.SERVICE_STATE
D/WifiStateMachine(  885): mReceiver: ACTION_SERVICE_STATE_CHANGED
D/WifiStateMachine(  885): ServiceState: 0 :41303
D/ConnectivityManager.CallbackHandler( 1243): CM callback handler got msg 524290
I/SecurityController( 1243): onAvailable(149,[ Transports: CELLULAR Capabilities: SUPL&DUN&INTERNET&NOT_RESTRICTED&TRUSTED&NOT_VPN LinkUpBandwidth>=384Kbps LinkDnBandwidth>=384Kbps Specifier: <1>])
D/FlexNetRA( 6822): ActionA>android.intent.action.SERVICE_STATE
D/ConnectivityManager.CallbackHandler(11194): CM callback handler got msg 524290
D/ConnectivityManager.CallbackHandler(23118): CM callback handler got msg 524290
D/ConnectivityManager.CallbackHandler(11194): CM callback handler got msg 524290
D/ConnectivityManager.CallbackHandler(18796): CM callback handler got msg 524290
D/ConnectivityManager.CallbackHandler(22486): CM callback handler got msg 524290
D/ConnectivityManager.CallbackHandler( 5500): CM callback handler got msg 524290
D/AutoSetting( 5108): receiver - intent: android.intent.action.SERVICE_STATE
D/ConnectivityManager.CallbackHandler(23118): CM callback handler got msg 524290
D/ConnectivityManager.CallbackHandler(22486): CM callback handler got msg 524290
D/ConnectivityManager.CallbackHandler( 2561): CM callback handler got msg 524290
D/ConnectivityManager.CallbackHandler( 5929): CM callback handler got msg 524290
D/ConnectivityManager.CallbackHandler( 1243): CM callback handler got msg 524294
D/NetworkController( 1243): [DataConnect][0][SubId:1][GSM] CONNECTED,UMTS
W/CustomizationManager( 6866): htcmobiledata reader is null,return default reader
W/SystemReader( 6866): Cannot find OmaCPSupportList, use default value instead
D/ConnectivityManager.CallbackHandler(11194): CM callback handler got msg 524294
D/ActivityThread( 6866): SVC-Calling onStartCommand: com.htc.mobiledata.MobileDataService@da14ecc, flags=0, startId=1
D/ConnectivityManager.CallbackHandler(11194): CM callback handler got msg 524294
D/HtcNLPSwitchReceiver( 5108): onReceive(): android.intent.action.SERVICE_STATE
D/ConnectivityManager.CallbackHandler(22486): CM callback handler got msg 524294
W/Settings( 5108): Setting device_provisioned has moved from android.provider.Settings.System to android.provider.Settings.Global, returning read-only value.
D/ConnectivityManager.CallbackHandler(18796): CM callback handler got msg 524294
D/ConnectivityManager.CallbackHandler(23118): CM callback handler got msg 524294
D/ConnectivityManager.CallbackHandler( 5929): CM callback handler got msg 524294
D/PhoneInterfaceManager( 1612): [PhoneIntfMgr] getDataNetworkType=3
D/ConnectivityManager.CallbackHandler( 2561): CM callback handler got msg 524294
D/GsmCellLocation( 1612): fillInNotifierBundle:Bundle[{cid=103040, lac=3001, psc=-1, type=1}]
D/ConnectivityManager.CallbackHandler( 5500): CM callback handler got msg 524294
I/PhoneUtils( 1612): ============== debugSubIds getSlotIdFromIntent() slotId: 0
D/GsmCellLocation( 1612): fillInNotifierBundle:Bundle[{cid=103040, lac=3001, psc=-1, type=1}]
I/PhoneUtils( 1612): ============== debugSubIds getSlotIdFromIntent() slotId: 0
D/PhoneApp( 1612): updateServiceState isDataRoaming: false
E/CellLocation( 1735): create GsmCellLocation
E/VoLteGlobals( 1612): No VoLteGlobals here!
--------- beginning of system
I/PMS     (  885): setBrightness mButtonLight 0.
D/PMS     (  885): Acquiring suspend blocker "PowerManagerService.WakeLocks".
D/PMN     (  885): onWakeLockAcquired: flags=1, tag="NetworkStats", packageName=android, ownerUid=1000, ownerPid=885, workSource=null
V/NetworkStats(  885): updateIfacesLocked()
V/NetworkStats(  885): performPollLocked(flags=0x1)
D/ConnectivityManager.CallbackHandler(22486): CM callback handler got msg 524294
