D/PMS     (  885): updateUserActivitySummaryLocked: mWakefulness=Awake, mUserActivitySummary=0x1,155043444,1,7000,3600000, nextTimeout=158261225 (in 3217781 ms)
D/PMS     (  885): mDisplayPowerRequest.policy = 3
D/WifiDisplayAdapter(  885): getWifiDisplayStatusLocked: result=WifiDisplayStatus{featureState=2, scanState=0, activeDisplayState=0, activeDisplay=null, displays=[Smart TV-6488 (fc:a3:86:e5:62:64), isAvailable false, canConnect false, isRemembered true], sessionInfo=WifiDisplaySessionInfo: C/O:Client,GId:,Pp:,SId:0,IP:}
D/PMS     (  885): isWfdEnabled() mWfdStatus=WifiDisplayStatus{featureState=2, scanState=0, activeDisplayState=0, activeDisplay=null, displays=[Smart TV-6488 (fc:a3:86:e5:62:64), isAvailable false, canConnect false, isRemembered true], sessionInfo=WifiDisplaySessionInfo: C/O:Client,GId:,Pp:,SId:0,IP:}, return false
D/XAN-DPC (  885): requestPowerState: policy=BRIGHT, useProximitySensor=false, screenBrightness=30, screenAutoBrightnessAdjustment=0.0, useAutoBrightness=false, blockScreenOn=false, lowPowerMode=false, boostScreenBrightness=false, dozeScreenBrightness=-1, useOverrideBrightness=false, useBrightnessFWM=false, inMiracastFeatureMode=false, screenAutoBrightnessPercentage=100, dozeScreenState=UNKNOWN, waitForNegativeProximity=false
I/PMS     (  885): setBrightness mButtonLight 0.
D/PMS     (  885): Acquiring suspend blocker "PowerManagerService.WakeLocks".
D/PMN     (  885): onWakeLockAcquired: flags=1, tag="*net_scheduler*", packageName=com.google.android.gms, ownerUid=10018, ownerPid=1735, workSource=WorkSource{10018 com.google.android.gms}
I/NetworkIdentity(  885): buildNetworkIdentity:
I/NetworkIdentity(  885): roaming:false
I/NetworkIdentity(  885): state.subscriberId = 413030109417052
D/AlarmManager(  885): manual remove option = PendingIntent{3235f48: PendingIntentRecord{28bda248 com.google.android.gms broadcastIntent}}
D/PMS     (  885): acquireWakeLockInternal: lock=382185953, flags=0x1, tag="*net_scheduler*", ws=WorkSource{10143 com.joeware.android.gpulumera}, uid=10018, pid=1735
D/PMS     (  885): acquireWL(3f7b06): PARTIAL_WAKE_LOCK  *net_scheduler* 0x1 1735 10018 WorkSource{10143 com.joeware.android.gpulumera}
D/PMS     (  885): updateUserActivitySummaryLocked: mWakefulness=Awake, mUserActivitySummary=0x1,155043467,1,7000,3600000, nextTimeout=158261225 (in 3217758 ms)
D/PMS     (  885): mDisplayPowerRequest.policy = 3
D/WifiDisplayAdapter(  885): getWifiDisplayStatusLocked: result=WifiDisplayStatus{featureState=2, scanState=0, activeDisplayState=0, activeDisplay=null, displays=[Smart TV-6488 (fc:a3:86:e5:62:64), isAvailable false, canConnect false, isRemembered true], sessionInfo=WifiDisplaySessionInfo: C/O:Client,GId:,Pp:,SId:0,IP:}
D/PMS     (  885): isWfdEnabled() mWfdStatus=WifiDisplayStatus{featureState=2, scanState=0, activeDisplayState=0, activeDisplay=null, displays=[Smart TV-6488 (fc:a3:86:e5:62:64), isAvailable false, canConnect false, isRemembered true], sessionInfo=WifiDisplaySessionInfo: C/O:Client,GId:,Pp:,SId:0,IP:}, return false
D/XAN-DPC (  885): requestPowerState: policy=BRIGHT, useProximitySensor=false, screenBrightness=30, screenAutoBrightnessAdjustment=0.0, useAutoBrightness=false, blockScreenOn=false, lowPowerMode=false, boostScreenBrightness=false, dozeScreenBrightness=-1, useOverrideBrightness=false, useBrightnessFWM=false, inMiracastFeatureMode=false, screenAutoBrightnessPercentage=100, dozeScreenState=UNKNOWN, waitForNegativeProximity=false
I/PMS     (  885): setBrightness mButtonLight 0.
D/PMN     (  885): onWakeLockAcquired: flags=1, tag="*net_scheduler*", packageName=com.google.android.gms, ownerUid=10018, ownerPid=1735, workSource=WorkSource{10143 com.joeware.android.gpulumera}
D/ActivityThread( 2561): SVC-Creating service: CreateServiceData{token=android.os.BinderProxy@29f0ff93 className=com.evernote.android.job.gcm.PlatformGcmService packageName=com.joeware.android.gpulumera intent=null}
D/ActivityThread( 2561): SVC-CREATE_SERVICE handled : 0 / CreateServiceData{token=android.os.BinderProxy@29f0ff93 className=com.evernote.android.job.gcm.PlatformGcmService packageName=com.joeware.android.gpulumera intent=null}
D/ActivityThread( 2561): SVC-Calling onStartCommand: com.evernote.android.job.gcm.PlatformGcmService@82dcbd0, flags=0, startId=1
D/ActivityThread( 2561): SVC-SERVICE_ARGS handled : 0 / ServiceArgsData{token=android.os.BinderProxy@29f0ff93 startId=1 args=Intent { act=com.google.android.gms.gcm.ACTION_TASK_READY cmp=com.joeware.android.gpulumera/com.evernote.android.job.gcm.PlatformGcmService (has extras) }}
D/PMS     (  885): acquireWakeLockInternal: lock=62072820, flags=0x1, tag="JobExecutor", ws=null, uid=10143, pid=2561
D/PMS     (  885): acquireWL(42c8b1d): PARTIAL_WAKE_LOCK  JobExecutor 0x1 2561 10143 null
D/PMS     (  885): updateUserActivitySummaryLocked: mWakefulness=Awake, mUserActivitySummary=0x1,155043488,1,7000,3600000, nextTimeout=158261225 (in 3217737 ms)
D/PMS     (  885): mDisplayPowerRequest.policy = 3
D/WifiDisplayAdapter(  885): getWifiDisplayStatusLocked: result=WifiDisplayStatus{featureState=2, scanState=0, activeDisplayState=0, activeDisplay=null, displays=[Smart TV-6488 (fc:a3:86:e5:62:64), isAvailable false, canConnect false, isRemembered true], sessionInfo=WifiDisplaySessionInfo: C/O:Client,GId:,Pp:,SId:0,IP:}
D/PMS     (  885): isWfdEnabled() mWfdStatus=WifiDisplayStatus{featureState=2, scanState=0, activeDisplayState=0, activeDisplay=null, displays=[Smart TV-6488 (fc:a3:86:e5:62:64), isAvailable false, canConnect false, isRemembered true], sessionInfo=WifiDisplaySessionInfo: C/O:Client,GId:,Pp:,SId:0,IP:}, return false
D/XAN-DPC (  885): requestPowerState: policy=BRIGHT, useProximitySensor=false, screenBrightness=30, screenAutoBrightnessAdjustment=0.0, useAutoBrightness=false, blockScreenOn=false, lowPowerMode=false, boostScreenBrightness=false, dozeScreenBrightness=-1, useOverrideBrightness=false, useBrightnessFWM=false, inMiracastFeatureMode=false, screenAutoBrightnessPercentage=100, dozeScreenState=UNKNOWN, waitForNegativeProximity=false
I/PMS     (  885): setBrightness mButtonLight 0.
D/PMN     (  885): onWakeLockAcquired: flags=1, tag="JobExecutor", packageName=com.joeware.android.gpulumera, ownerUid=10143, ownerPid=2561, workSource=null
D/AlarmManager(  885):  whichBatch = 18
D/PMS     (  885): releaseWakeLockInternal: lock=485682447 [*net_scheduler*], flags=0x0, total_time=57ms
D/PMS     (  885): releaseWL(3ceb55eb): PARTIAL_WAKE_LOCK  *net_scheduler* 0x1 WorkSource{10018 com.google.android.gms}
D/PMN     (  885): onWakeLockReleased: flags=1, tag="*net_scheduler*", packageName=com.google.android.gms, ownerUid=10018, ownerPid=1735, workSource=WorkSource{10018 com.google.android.gms}
D/PMS     (  885): updateUserActivitySummaryLocked: mWakefulness=Awake, mUserActivitySummary=0x1,155043501,1,7000,3600000, nextTimeout=158261225 (in 3217724 ms)
D/PMS     (  885): mDisplayPowerRequest.policy = 3
D/WifiDisplayAdapter(  885): getWifiDisplayStatusLocked: result=WifiDisplayStatus{featureState=2, scanState=0, activeDisplayState=0, activeDisplay=null, displays=[Smart TV-6488 (fc:a3:86:e5:62:64), isAvailable false, canConnect false, isRemembered true], sessionInfo=WifiDisplaySessionInfo: C/O:Client,GId:,Pp:,SId:0,IP:}
D/PMS     (  885): isWfdEnabled() mWfdStatus=WifiDisplayStatus{featureState=2, scanState=0, activeDisplayState=0, activeDisplay=null, displays=[Smart TV-6488 (fc:a3:86:e5:62:64), isAvailable false, canConnect false, isRemembered true], sessionInfo=WifiDisplaySessionInfo: C/O:Client,GId:,Pp:,SId:0,IP:}, return false
D/XAN-DPC (  885): requestPowerState: policy=BRIGHT, useProximitySensor=false, screenBrightness=30, screenAutoBrightnessAdjustment=0.0, useAutoBrightness=false, blockScreenOn=false, lowPowerMode=false, boostScreenBrightness=false, dozeScreenBrightness=-1, useOverrideBrightness=false, useBrightnessFWM=false, inMiracastFeatureMode=false, screenAutoBrightnessPercentage=100, dozeScreenState=UNKNOWN, waitForNegativeProximity=false
I/PMS     (  885): setBrightness mButtonLight 0.
I/System  ( 2561): exec(sh @ com.analyticsutils.core.util.k.a:39)
D/NetworkController( 1243): [Strength][0][SubId:1][GSM] SignalStrength: 16 41 -120 -160 -2 0 -1 99 2147483647 2147483647 2147483647 2147483647 gsm|lte 1 -322 -15 -1 gsm|lte
D/PhoneInterfaceManager( 1612): [PhoneIntfMgr] getDataNetworkType=3
D/PhoneInterfaceManager( 1612): [PhoneIntfMgr] getDataNetworkType=3
D/SignalClusterView( 1243): vpn: GONE
D/SignalClusterView( 1243): wifi=G,stat_sys_wifi_signal_connected_0 air=G,stat_sys_signal_flightmode data[0]=V,cdma_sys_data_connected_3g sig[0]=V,cdma_stat_sys_s1_5signal_5 data[1]=G,(null) sig[1]=V,cdma_stat_sys_s2_5signal_5
D/SignalClusterView( 1243): vpn: GONE
D/SignalClusterView( 1243): wifi=G,stat_sys_wifi_signal_connected_0 air=G,stat_sys_signal_flightmode data[0]=V,cdma_sys_data_connected_3g sig[0]=V,cdma_stat_sys_s1_5signal_5 data[1]=G,(null) sig[1]=V,cdma_stat_sys_s2_5signal_5
D/PerfServiceManager(  885): [PerfService] notifyFrameUpdate - bDuringTouchBoost:false 
I/BufferQueueProducer(  341): [StatusBar](this:0x559b6300e0,id:8,api:1,p:1243,c:341) queueBuffer: fps=1.47 dur=2727.31 max=2404.84 min=71.21
V/ActivityManager(  885): Broadcast sticky: Intent { act=android.intent.action.SIG_STR flg=0x20000010 (has extras) } ordered=false userid=-1 callerApp=ProcessRecord{2cbb53a3 885:system/1000}
D/VoldConnector(  885): SND -> {521968 volume mkdirs /storage/ext_sd/Android/data/com.cleanmaster.mguard/files/}
D/FrameworkListener(  340): dispatchCommand data = (521968 volume mkdirs /storage/ext_sd/Android/data/com.cleanmaster.mguard/files/)
D/VoldCmdListener(  340): volume mkdirs /storage/ext_sd/Android/data/com.cleanmaster.mguard/files/
E/VolumeManager(  340): Failed to find mounted volume for /storage/ext_sd/Android/data/com.cleanmaster.mguard/files/
W/Vold    (  340): Returning OperationFailed - no handler for errno 0
D/SocketClient(  340): SocketClient sendData done: 400 521968 volume operation failed (Success)
D/VoldConnector(  885): RCV <- {400 521968 volume operation failed (Success)}
D/VoldConnector(  885): RMV <- {400 521968 volume operation failed (Success)}
W/ContextImpl(23118): Failed to ensure directory: /storage/ext_sd/Android/data/com.cleanmaster.mguard/files
D/PMS     (  885): releaseWakeLockInternal: lock=62072820 [JobExecutor], flags=0x0, total_time=345ms
D/PMS     (  885): releaseWL(42c8b1d): PARTIAL_WAKE_LOCK  JobExecutor 0x1 null
D/PMN     (  885): onWakeLockReleased: flags=1, tag="JobExecutor", packageName=com.joeware.android.gpulumera, ownerUid=10143, ownerPid=2561, workSource=null
D/PMS     (  885): updateUserActivitySummaryLocked: mWakefulness=Awake, mUserActivitySummary=0x1,155043832,1,7000,3600000, nextTimeout=158261225 (in 3217393 ms)
D/PMS     (  885): mDisplayPowerRequest.policy = 3
D/WifiDisplayAdapter(  885): getWifiDisplayStatusLocked: result=WifiDisplayStatus{featureState=2, scanState=0, activeDisplayState=0, activeDisplay=null, displays=[Smart TV-6488 (fc:a3:86:e5:62:64), isAvailable false, canConnect false, isRemembered true], sessionInfo=WifiDisplaySessionInfo: C/O:Client,GId:,Pp:,SId:0,IP:}
D/PMS     (  885): isWfdEnabled() mWfdStatus=WifiDisplayStatus{featureState=2, scanState=0, activeDisplayState=0, activeDisplay=null, displays=[Smart TV-6488 (fc:a3:86:e5:62:64), isAvailable false, canConnect false, isRemembered true], sessionInfo=WifiDisplaySessionInfo: C/O:Client,GId:,Pp:,SId:0,IP:}, return false
D/XAN-DPC (  885): requestPowerState: policy=BRIGHT, useProximitySensor=false, screenBrightness=30, screenAutoBrightnessAdjustment=0.0, useAutoBrightness=false, blockScreenOn=false, lowPowerMode=false, boostScreenBrightness=false, dozeScreenBrightness=-1, useOverrideBrightness=false, useBrightnessFWM=false, inMiracastFeatureMode=false, screenAutoBrightnessPercentage=100, dozeScreenState=UNKNOWN, waitForNegativeProximity=false
I/PMS     (  885): setBrightness mButtonLight 0.
D/PMS     (  885): releaseWakeLockInternal: lock=382185953 [*net_scheduler*], flags=0x0, total_time=367ms
D/PMS     (  885): releaseWL(3f7b06): PARTIAL_WAKE_LOCK  *net_scheduler* 0x1 WorkSource{10143 com.joeware.android.gpulumera}
D/PMN     (  885): onWakeLockReleased: flags=1, tag="*net_scheduler*", packageName=com.google.android.gms, ownerUid=10018, ownerPid=1735, workSource=WorkSource{10143 com.joeware.android.gpulumera}
D/PMS     (  885): updateWakeLockSummaryLocked: mWakefulness=Awake, mWakeLockSummary=0x0
D/PMS     (  885): updateUserActivitySummaryLocked: mWakefulness=Awake, mUserActivitySummary=0x1,155043835,1,7000,3600000, nextTimeout=158261225 (in 3217390 ms)
D/PMS     (  885): mDisplayPowerRequest.policy = 3
D/WifiDisplayAdapter(  885): getWifiDisplayStatusLocked: result=WifiDisplayStatus{featureState=2, scanState=0, activeDisplayState=0, activeDisplay=null, displays=[Smart TV-6488 (fc:a3:86:e5:62:64), isAvailable false, canConnect false, isRemembered true], sessionInfo=WifiDisplaySessionInfo: C/O:Client,GId:,Pp:,SId:0,IP:}
D/PMS     (  885): isWfdEnabled() mWfdStatus=WifiDisplayStatus{featureState=2, scanState=0, activeDisplayState=0, activeDisplay=null, displays=[Smart TV-6488 (fc:a3:86:e5:62:64), isAvailable false, canConnect false, isRemembered true], sessionInfo=WifiDisplaySessionInfo: C/O:Client,GId:,Pp:,SId:0,IP:}, return false
D/XAN-DPC (  885): requestPowerState: policy=BRIGHT, useProximitySensor=false, screenBrightness=30, screenAutoBrightnessAdjustment=0.0, useAutoBrightness=false, blockScreenOn=false, lowPowerMode=false, boostScreenBrightness=false, dozeScreenBrightness=-1, useOverrideBrightness=false, useBrightnessFWM=false, inMiracastFeatureMode=false, screenAutoBrightnessPercentage=100, dozeScreenState=UNKNOWN, waitForNegativeProximity=false
I/PMS     (  885): setBrightness mButtonLight 0.
D/PMS     (  885): Releasing suspend blocker "PowerManagerService.WakeLocks".
D/PMS     (  885): acquireWakeLockInternal: lock=485682447, flags=0x1, tag="*net_scheduler*", ws=WorkSource{10018 com.google.android.gms}, uid=10018, pid=1735
D/PMS     (  885): acquireWL(ec84192): PARTIAL_WAKE_LOCK  *net_scheduler* 0x1 1735 10018 WorkSource{10018 com.google.android.gms}
D/PMS     (  885): updateWakeLockSummaryLocked: mWakefulness=Awake, mWakeLockSummary=0x1
D/PMS     (  885): updateUserActivitySummaryLocked: mWakefulness=Awake, mUserActivitySummary=0x1,155043837,1,7000,3600000, nextTimeout=158261225 (in 3217388 ms)
D/PMS     (  885): mDisplayPowerRequest.policy = 3
D/WifiDisplayAdapter(  885): getWifiDisplayStatusLocked: result=WifiDisplayStatus{featureState=2, scanState=0, activeDisplayState=0, activeDisplay=null, displays=[Smart TV-6488 (fc:a3:86:e5:62:64), isAvailable false, canConnect false, isRemembered true], sessionInfo=WifiDisplaySessionInfo: C/O:Client,GId:,Pp:,SId:0,IP:}
D/PMS     (  885): isWfdEnabled() mWfdStatus=WifiDisplayStatus{featureState=2, scanState=0, activeDisplayState=0, activeDisplay=null, displays=[Smart TV-6488 (fc:a3:86:e5:62:64), isAvailable false, canConnect false, isRemembered true], sessionInfo=WifiDisplaySessionInfo: C/O:Client,GId:,Pp:,SId:0,IP:}, return false
D/XAN-DPC (  885): requestPowerState: policy=BRIGHT, useProximitySensor=false, screenBrightness=30, screenAutoBrightnessAdjustment=0.0, useAutoBrightness=false, blockScreenOn=false, lowPowerMode=false, boostScreenBrightness=false, dozeScreenBrightness=-1, useOverrideBrightness=false, useBrightnessFWM=false, inMiracastFeatureMode=false, screenAutoBrightnessPercentage=100, dozeScreenState=UNKNOWN, waitForNegativeProximity=false
I/PMS     (  885): setBrightness mButtonLight 0.
D/PMS     (  885): Acquiring suspend blocker "PowerManagerService.WakeLocks".
D/PMN     (  885): onWakeLockAcquired: flags=1, tag="*net_scheduler*", packageName=com.google.android.gms, ownerUid=10018, ownerPid=1735, workSource=WorkSource{10018 com.google.android.gms}
D/ActivityThread( 2561): SVC-Destroying service: com.evernote.android.job.gcm.PlatformGcmService@82dcbd0
D/ActivityThread( 2561): SVC-STOP_SERVICE handled : 0 / android.os.BinderProxy@29f0ff93
D/VoldConnector(  885): SND -> {521969 volume mkdirs /storage/ext_sd/Android/data/com.cleanmaster.mguard/files/}
D/FrameworkListener(  340): dispatchCommand data = (521969 volume mkdirs /storage/ext_sd/Android/data/com.cleanmaster.mguard/files/)
D/VoldCmdListener(  340): volume mkdirs /storage/ext_sd/Android/data/com.cleanmaster.mguard/files/
E/VolumeManager(  340): Failed to find mounted volume for /storage/ext_sd/Android/data/com.cleanmaster.mguard/files/
W/Vold    (  340): Returning OperationFailed - no handler for errno 0
D/SocketClient(  340): SocketClient sendData done: 400 521969 volume operation failed (Success)
D/VoldConnector(  885): RCV <- {400 521969 volume operation failed (Success)}
D/VoldConnector(  885): RMV <- {400 521969 volume operation failed (Success)}
W/ContextImpl(23118): Failed to ensure directory: /storage/ext_sd/Android/data/com.cleanmaster.mguard/files
D/PMS     (  885): releaseWakeLockInternal: lock=485682447 [*net_scheduler*], flags=0x0, total_time=25ms
D/PMS     (  885): releaseWL(ec84192): PARTIAL_WAKE_LOCK  *net_scheduler* 0x1 WorkSource{10018 com.google.android.gms}
D/PMN     (  885): onWakeLockReleased: flags=1, tag="*net_scheduler*", packageName=com.google.android.gms, ownerUid=10018, ownerPid=1735, workSource=WorkSource{10018 com.google.android.gms}
D/PMS     (  885): updateWakeLockSummaryLocked: mWakefulness=Awake, mWakeLockSummary=0x0
D/PMS     (  885): updateUserActivitySummaryLocked: mWakefulness=Awake, mUserActivitySummary=0x1,155043863,1,7000,3600000, nextTimeout=158261225 (in 3217362 ms)
D/PMS     (  885): mDisplayPowerRequest.policy = 3
D/WifiDisplayAdapter(  885): getWifiDisplayStatusLocked: result=WifiDisplayStatus{featureState=2, scanState=0, activeDisplayState=0, activeDisplay=null, displays=[Smart TV-6488 (fc:a3:86:e5:62:64), isAvailable false, canConnect false, isRemembered true], sessionInfo=WifiDisplaySessionInfo: C/O:Client,GId:,Pp:,SId:0,IP:}
D/PMS     (  885): isWfdEnabled() mWfdStatus=WifiDisplayStatus{featureState=2, scanState=0, activeDisplayState=0, activeDisplay=null, displays=[Smart TV-6488 (fc:a3:86:e5:62:64), isAvailable false, canConnect false, isRemembered true], sessionInfo=WifiDisplaySessionInfo: C/O:Client,GId:,Pp:,SId:0,IP:}, return false
D/XAN-DPC (  885): requestPowerState: policy=BRIGHT, useProximitySensor=false, screenBrightness=30, screenAutoBrightnessAdjustment=0.0, useAutoBrightness=false, blockScreenOn=false, lowPowerMode=false, boostScreenBrightness=false, dozeScreenBrightness=-1, useOverrideBrightness=false, useBrightnessFWM=false, inMiracastFeatureMode=false, screenAutoBrightnessPercentage=100, dozeScreenState=UNKNOWN, waitForNegativeProximity=false
I/PMS     (  885): setBrightness mButtonLight 0.
D/PMS     (  885): Releasing suspend blocker "PowerManagerService.WakeLocks".
D/PMS     (  885): acquireWakeLockInternal: lock=485682447, flags=0x1, tag="*net_scheduler*", ws=WorkSource{10018 com.google.android.gms}, uid=10018, pid=1735
D/PMS     (  885): acquireWL(182a9763): PARTIAL_WAKE_LOCK  *net_scheduler* 0x1 1735 10018 WorkSource{10018 com.google.android.gms}
D/PMS     (  885): updateWakeLockSummaryLocked: mWakefulness=Awake, mWakeLockSummary=0x1
D/PMS     (  885): updateUserActivitySummaryLocked: mWakefulness=Awake, mUserActivitySummary=0x1,155043865,1,7000,3600000, nextTimeout=158261225 (in 3217360 ms)
D/PMS     (  885): mDisplayPowerRequest.policy = 3
D/WifiDisplayAdapter(  885): getWifiDisplayStatusLocked: result=WifiDisplayStatus{featureState=2, scanState=0, activeDisplayState=0, activeDisplay=null, displays=[Smart TV-6488 (fc:a3:86:e5:62:64), isAvailable false, canConnect false, isRemembered true], sessionInfo=WifiDisplaySessionInfo: C/O:Client,GId:,Pp:,SId:0,IP:}
D/PMS     (  885): isWfdEnabled() mWfdStatus=WifiDisplayStatus{featureState=2, scanState=0, activeDisplayState=0, activeDisplay=null, displays=[Smart TV-6488 (fc:a3:86:e5:62:64), isAvailable false, canConnect false, isRemembered true], sessionInfo=WifiDisplaySessionInfo: C/O:Client,GId:,Pp:,SId:0,IP:}, return false
D/XAN-DPC (  885): requestPowerState: policy=BRIGHT, useProximitySensor=false, screenBrightness=30, screenAutoBrightnessAdjustment=0.0, useAutoBrightness=false, blockScreenOn=false, lowPowerMode=false, boostScreenBrightness=false, dozeScreenBrightness=-1, useOverrideBrightness=false, useBrightnessFWM=false, inMiracastFeatureMode=false, screenAutoBrightnessPercentage=100, dozeScreenState=UNKNOWN, waitForNegativeProximity=false
I/PMS     (  885): setBrightness mButtonLight 0.
D/PMS     (  885): Acquiring suspend blocker "PowerManagerService.WakeLocks".
D/PMN     (  885): onWakeLockAcquired: flags=1, tag="*net_scheduler*", packageName=com.google.android.gms, ownerUid=10018, ownerPid=1735, workSource=WorkSource{10018 com.google.android.gms}
I/NetworkIdentity(  885): buildNetworkIdentity:
I/NetworkIdentity(  885): roaming:false
I/NetworkIdentity(  885): state.subscriberId = 413030109417052
D/AlarmManager(  885): manual remove option = PendingIntent{3dd4cf60: PendingIntentRecord{28bda248 com.google.android.gms broadcastIntent}}
D/AlarmManager(  885): rebatchAllAlarmsLocked begin oldBatches count = 67
D/AlarmManager(  885): rebatchAllAlarmsLocked  batch.size() = 3
D/AlarmManager(  885):  whichBatch = -2
D/AlarmManager(  885):  whichBatch = 0
D/AlarmManager(  885): set alarm to RTC 329979511
D/AlarmManager(  885):  whichBatch = -2
D/AlarmManager(  885): rebatchAllAlarmsLocked  batch.size() = 1
D/AlarmManager(  885):  whichBatch = -1
D/AlarmManager(  885): rebatchAllAlarmsLocked  batch.size() = 2
D/AlarmManager(  885):  whichBatch = 1
D/AlarmManager(  885):  whichBatch = -2
D/AlarmManager(  885): rebatchAllAlarmsLocked  batch.size() = 2
D/AlarmManager(  885):  whichBatch = 3
D/AlarmManager(  885):  whichBatch = -2
D/AlarmManager(  885): rebatchAllAlarmsLocked  batch.size() = 3
D/AlarmManager(  885):  whichBatch = 4
D/AlarmManager(  885):  whichBatch = 4
D/AlarmManager(  885):  whichBatch = 4
D/AlarmManager(  885): rebatchAllAlarmsLocked  batch.size() = 1
D/AlarmManager(  885):  whichBatch = -2
D/AlarmManager(  885): rebatchAllAlarmsLocked  batch.size() = 1
D/AlarmManager(  885):  whichBatch = -1
D/AlarmManager(  885): rebatchAllAlarmsLocked  batch.size() = 1
D/AlarmManager(  885):  whichBatch = -1
D/AlarmManager(  885): rebatchAllAlarmsLocked  batch.size() = 1
D/AlarmManager(  885):  whichBatch = -1
D/AlarmManager(  885): rebatchAllAlarmsLocked  batch.size() = 1
D/AlarmManager(  885):  whichBatch = -1
D/AlarmManager(  885): rebatchAllAlarmsLocked  batch.size() = 1
D/AlarmManager(  885):  whichBatch = -1
D/AlarmManager(  885): rebatchAllAlarmsLocked  batch.size() = 5
D/AlarmManager(  885):  whichBatch = -2
D/AlarmManager(  885):  whichBatch = 7
D/AlarmManager(  885):  whichBatch = 7
D/AlarmManager(  885):  whichBatch = 7
D/AlarmManager(  885):  whichBatch = 10
D/AlarmManager(  885): rebatchAllAlarmsLocked  batch.size() = 5
D/AlarmManager(  885):  whichBatch = -2
D/AlarmManager(  885):  whichBatch = 12
D/AlarmManager(  885):  whichBatch = 12
D/AlarmManager(  885):  whichBatch = 12
D/AlarmManager(  885):  whichBatch = 12
D/AlarmManager(  885): rebatchAllAlarmsLocked  batch.size() = 1
D/AlarmManager(  885):  whichBatch = -2
D/AlarmManager(  885): rebatchAllAlarmsLocked  batch.size() = 1
D/AlarmManager(  885):  whichBatch = -2
D/AlarmManager(  885): rebatchAllAlarmsLocked  batch.size() = 1
D/AlarmManager(  885):  whichBatch = -1
D/AlarmManager(  885): rebatchAllAlarmsLocked  batch.size() = 1
D/AlarmManager(  885):  whichBatch = -1
D/AlarmManager(  885): rebatchAllAlarmsLocked  batch.size() = 1
D/AlarmManager(  885):  whichBatch = -1
D/AlarmManager(  885): rebatchAllAlarmsLocked  batch.size() = 9
D/AlarmManager(  885):  whichBatch = -2
D/AlarmManager(  885):  whichBatch = 15
D/AlarmManager(  885):  whichBatch = 16
D/AlarmManager(  885):  whichBatch = 16
D/AlarmManager(  885):  whichBatch = 16
D/AlarmManager(  885):  whichBatch = 16
D/AlarmManager(  885):  whichBatch = 16
D/AlarmManager(  885):  whichBatch = 18
D/AlarmManager(  885):  whichBatch = 18
D/AlarmManager(  885): rebatchAllAlarmsLocked  batch.size() = 1
D/AlarmManager(  885):  whichBatch = -1
D/AlarmManager(  885): rebatchAllAlarmsLocked  batch.size() = 1
D/AlarmManager(  885):  whichBatch = -1
D/AlarmManager(  885): rebatchAllAlarmsLocked  batch.size() = 6
D/AlarmManager(  885):  whichBatch = -2
D/AlarmManager(  885):  whichBatch = 19
D/AlarmManager(  885):  whichBatch = 19
D/AlarmManager(  885):  whichBatch = 19
D/AlarmManager(  885):  whichBatch = 19
D/AlarmManager(  885):  whichBatch = 19
D/AlarmManager(  885): rebatchAllAlarmsLocked  batch.size() = 1
D/AlarmManager(  885):  whichBatch = -1
D/AlarmManager(  885): rebatchAllAlarmsLocked  batch.size() = 1
D/AlarmManager(  885):  whichBatch = -1
D/AlarmManager(  885): rebatchAllAlarmsLocked  batch.size() = 3
D/AlarmManager(  885):  whichBatch = -2
D/AlarmManager(  885):  whichBatch = 23
D/AlarmManager(  885):  whichBatch = 23
D/AlarmManager(  885): rebatchAllAlarmsLocked  batch.size() = 2
D/AlarmManager(  885):  whichBatch = -2
D/AlarmManager(  885):  whichBatch = 25
D/AlarmManager(  885): rebatchAllAlarmsLocked  batch.size() = 3
D/AlarmManager(  885):  whichBatch = -2
D/AlarmManager(  885):  whichBatch = 26
D/AlarmManager(  885):  whichBatch = 26
D/AlarmManager(  885): rebatchAllAlarmsLocked  batch.size() = 1
D/AlarmManager(  885):  whichBatch = -2
D/AlarmManager(  885): rebatchAllAlarmsLocked  batch.size() = 1
D/AlarmManager(  885):  whichBatch = -1
D/AlarmManager(  885): rebatchAllAlarmsLocked  batch.size() = 5
D/AlarmManager(  885):  whichBatch = -2
D/AlarmManager(  885):  whichBatch = 28
D/AlarmManager(  885):  whichBatch = 28
D/AlarmManager(  885):  whichBatch = 28
D/AlarmManager(  885):  whichBatch = 28
D/AlarmManager(  885): rebatchAllAlarmsLocked  batch.size() = 2
D/AlarmManager(  885):  whichBatch = -2
D/AlarmManager(  885):  whichBatch = 30
D/AlarmManager(  885): rebatchAllAlarmsLocked  batch.size() = 2
D/AlarmManager(  885):  whichBatch = -2
D/AlarmManager(  885):  whichBatch = 31
D/AlarmManager(  885): rebatchAllAlarmsLocked  batch.size() = 5
D/AlarmManager(  885):  whichBatch = -2
D/AlarmManager(  885):  whichBatch = 32
D/AlarmManager(  885):  whichBatch = 32
D/AlarmManager(  885):  whichBatch = 32
D/AlarmManager(  885):  whichBatch = 32
D/AlarmManager(  885): rebatchAllAlarmsLocked  batch.size() = 1
D/AlarmManager(  885):  whichBatch = -2
D/AlarmManager(  885): rebatchAllAlarmsLocked  batch.size() = 1
D/AlarmManager(  885):  whichBatch = -2
D/AlarmManager(  885): rebatchAllAlarmsLocked  batch.size() = 1
D/AlarmManager(  885):  whichBatch = -2
D/AlarmManager(  885): rebatchAllAlarmsLocked  batch.size() = 1
D/AlarmManager(  885):  whichBatch = -1
D/AlarmManager(  885): rebatchAllAlarmsLocked  batch.size() = 12
D/AlarmManager(  885):  whichBatch = -2
D/AlarmManager(  885):  whichBatch = 36
D/AlarmManager(  885):  whichBatch = 36
D/AlarmManager(  885):  whichBatch = 36
D/AlarmManager(  885):  whichBatch = 36
D/AlarmManager(  885):  whichBatch = 37
D/AlarmManager(  885):  whichBatch = 37
D/AlarmManager(  885):  whichBatch = 37
D/AlarmManager(  885):  whichBatch = 37
D/AlarmManager(  885):  whichBatch = 37
D/AlarmManager(  885):  whichBatch = 37
D/AlarmManager(  885):  whichBatch = 37
D/AlarmManager(  885): rebatchAllAlarmsLocked  batch.size() = 1
D/AlarmManager(  885):  whichBatch = -1
D/AlarmManager(  885): rebatchAllAlarmsLocked  batch.size() = 2
D/AlarmManager(  885):  whichBatch = -2
D/AlarmManager(  885):  whichBatch = 38
D/AlarmManager(  885): rebatchAllAlarmsLocked  batch.size() = 1
D/AlarmManager(  885):  whichBatch = -2
D/AlarmManager(  885): rebatchAllAlarmsLocked  batch.size() = 1
D/AlarmManager(  885):  whichBatch = -1
D/AlarmManager(  885): rebatchAllAlarmsLocked  batch.size() = 6
D/AlarmManager(  885):  whichBatch = -2
D/AlarmManager(  885):  whichBatch = 41
D/AlarmManager(  885):  whichBatch = 41
D/AlarmManager(  885):  whichBatch = 41
D/AlarmManager(  885):  whichBatch = 41
D/AlarmManager(  885):  whichBatch = 41
D/AlarmManager(  885): rebatchAllAlarmsLocked  batch.size() = 1
D/AlarmManager(  885):  whichBatch = -1
D/AlarmManager(  885): rebatchAllAlarmsLocked  batch.size() = 1
D/AlarmManager(  885):  whichBatch = -2
D/AlarmManager(  885): rebatchAllAlarmsLocked  batch.size() = 1
D/AlarmManager(  885):  whichBatch = -1
D/AlarmManager(  885): rebatchAllAlarmsLocked  batch.size() = 1
D/AlarmManager(  885):  whichBatch = -1
D/AlarmManager(  885): rebatchAllAlarmsLocked  batch.size() = 1
D/AlarmManager(  885):  whichBatch = -1
D/AlarmManager(  885): rebatchAllAlarmsLocked  batch.size() = 4
D/AlarmManager(  885):  whichBatch = -2
D/AlarmManager(  885):  whichBatch = 48
D/AlarmManager(  885):  whichBatch = 48
D/AlarmManager(  885):  whichBatch = 48
D/AlarmManager(  885): rebatchAllAlarmsLocked  batch.size() = 1
D/AlarmManager(  885):  whichBatch = -2
D/AlarmManager(  885): rebatchAllAlarmsLocked  batch.size() = 1
D/AlarmManager(  885):  whichBatch = -1
D/AlarmManager(  885): rebatchAllAlarmsLocked  batch.size() = 1
D/AlarmManager(  885):  whichBatch = -1
D/AlarmManager(  885): rebatchAllAlarmsLocked  batch.size() = 5
D/AlarmManager(  885):  whichBatch = -2
D/AlarmManager(  885):  whichBatch = 50
D/AlarmManager(  885):  whichBatch = 50
D/AlarmManager(  885):  whichBatch = 50
D/AlarmManager(  885):  whichBatch = 51
D/AlarmManager(  885): rebatchAllAlarmsLocked  batch.size() = 2
D/AlarmManager(  885):  whichBatch = -2
D/AlarmManager(  885):  whichBatch = 53
D/AlarmManager(  885): rebatchAllAlarmsLocked  batch.size() = 1
D/AlarmManager(  885):  whichBatch = -2
D/AlarmManager(  885): rebatchAllAlarmsLocked  batch.size() = 1
D/AlarmManager(  885):  whichBatch = -2
D/AlarmManager(  885): rebatchAllAlarmsLocked  batch.size() = 1
D/AlarmManager(  885):  whichBatch = -2
D/AlarmManager(  885): rebatchAllAlarmsLocked  batch.size() = 4
D/AlarmManager(  885):  whichBatch = -2
D/AlarmManager(  885):  whichBatch = 57
D/AlarmManager(  885):  whichBatch = 57
D/AlarmManager(  885):  whichBatch = 57
D/AlarmManager(  885): rebatchAllAlarmsLocked  batch.size() = 2
D/AlarmManager(  885):  whichBatch = -2
D/AlarmManager(  885):  whichBatch = 58
D/AlarmManager(  885): rebatchAllAlarmsLocked  batch.size() = 1
D/AlarmManager(  885):  whichBatch = -2
D/AlarmManager(  885): rebatchAllAlarmsLocked  batch.size() = 2
D/AlarmManager(  885):  whichBatch = -2
D/AlarmManager(  885):  whichBatch = 60
D/AlarmManager(  885): rebatchAllAlarmsLocked  batch.size() = 5
D/AlarmManager(  885):  whichBatch = -2
D/AlarmManager(  885):  whichBatch = 61
D/AlarmManager(  885):  whichBatch = 61
D/AlarmManager(  885):  whichBatch = 61
D/AlarmManager(  885):  whichBatch = 61
D/AlarmManager(  885): rebatchAllAlarmsLocked  batch.size() = 1
D/AlarmManager(  885):  whichBatch = -1
D/AlarmManager(  885): rebatchAllAlarmsLocked  batch.size() = 2
D/AlarmManager(  885):  whichBatch = -2
D/AlarmManager(  885):  whichBatch = 63
D/AlarmManager(  885): rebatchAllAlarmsLocked  batch.size() = 1
D/AlarmManager(  885):  whichBatch = -1
D/AlarmManager(  885): rebatchAllAlarmsLocked  batch.size() = 1
D/AlarmManager(  885):  whichBatch = -1
D/AlarmManager(  885): rebatchAllAlarmsLocked  batch.size() = 11
D/AlarmManager(  885):  whichBatch = -2
D/AlarmManager(  885):  whichBatch = 66
D/AlarmManager(  885):  whichBatch = 66
D/AlarmManager(  885):  whichBatch = 66
D/AlarmManager(  885):  whichBatch = 66
D/AlarmManager(  885):  whichBatch = 66
D/AlarmManager(  885):  whichBatch = 66
D/AlarmManager(  885):  whichBatch = 66
D/AlarmManager(  885):  whichBatch = 66
D/AlarmManager(  885):  whichBatch = 66
D/AlarmManager(  885):  whichBatch = 66
D/AlarmManager(  885): rebatchAllAlarmsLocked end
D/AlarmManager(  885):  whichBatch = -2
D/PMS     (  885): releaseWakeLockInternal: lock=485682447 [*net_scheduler*], flags=0x0, total_time=45ms
D/PMS     (  885): releaseWL(182a9763): PARTIAL_WAKE_LOCK  *net_scheduler* 0x1 WorkSource{10018 com.google.android.gms}
D/PMN     (  885): onWakeLockReleased: flags=1, tag="*net_scheduler*", packageName=com.google.android.gms, ownerUid=10018, ownerPid=1735, workSource=WorkSource{10018 com.google.android.gms}
D/PMS     (  885): updateWakeLockSummaryLocked: mWakefulness=Awake, mWakeLockSummary=0x0
D/PMS     (  885): updateUserActivitySummaryLocked: mWakefulness=Awake, mUserActivitySummary=0x1,155043910,1,7000,3600000, nextTimeout=158261225 (in 3217315 ms)
D/PMS     (  885): mDisplayPowerRequest.policy = 3
D/WifiDisplayAdapter(  885): getWifiDisplayStatusLocked: result=WifiDisplayStatus{featureState=2, scanState=0, activeDisplayState=0, activeDisplay=null, displays=[Smart TV-6488 (fc:a3:86:e5:62:64), isAvailable false, canConnect false, isRemembered true], sessionInfo=WifiDisplaySessionInfo: C/O:Client,GId:,Pp:,SId:0,IP:}
D/PMS     (  885): isWfdEnabled() mWfdStatus=WifiDisplayStatus{featureState=2, scanState=0, activeDisplayState=0, activeDisplay=null, displays=[Smart TV-6488 (fc:a3:86:e5:62:64), isAvailable false, canConnect false, isRemembered true], sessionInfo=WifiDisplaySessionInfo: C/O:Client,GId:,Pp:,SId:0,IP:}, return false
D/XAN-DPC (  885): requestPowerState: policy=BRIGHT, useProximitySensor=false, screenBrightness=30, screenAutoBrightnessAdjustment=0.0, useAutoBrightness=false, blockScreenOn=false, lowPowerMode=false, boostScreenBrightness=false, dozeScreenBrightness=-1, useOverrideBrightness=false, useBrightnessFWM=false, inMiracastFeatureMode=false, screenAutoBrightnessPercentage=100, dozeScreenState=UNKNOWN, waitForNegativeProximity=false
I/PMS     (  885): setBrightness mButtonLight 0.
D/PMS     (  885): Releasing suspend blocker "PowerManagerService.WakeLocks".
D/VoldConnector(  885): SND -> {521970 volume mkdirs /storage/ext_sd/Android/data/com.cleanmaster.mguard/files/}
D/FrameworkListener(  340): dispatchCommand data = (521970 volume mkdirs /storage/ext_sd/Android/data/com.cleanmaster.mguard/files/)
D/VoldCmdListener(  340): volume mkdirs /storage/ext_sd/Android/data/com.cleanmaster.mguard/files/
E/VolumeManager(  340): Failed to find mounted volume for /storage/ext_sd/Android/data/com.cleanmaster.mguard/files/
W/Vold    (  340): Returning OperationFailed - no handler for errno 0
D/SocketClient(  340): SocketClient sendData done: 400 521970 volume operation failed (Success)
D/VoldConnector(  885): RCV <- {400 521970 volume operation failed (Success)}
D/VoldConnector(  885): RMV <- {400 521970 volume operation failed (Success)}
W/ContextImpl(23118): Failed to ensure directory: /storage/ext_sd/Android/data/com.cleanmaster.mguard/files
D/VoldConnector(  885): SND -> {521971 volume mkdirs /storage/ext_sd/Android/data/com.cleanmaster.mguard/files/}
D/FrameworkListener(  340): dispatchCommand data = (521971 volume mkdirs /storage/ext_sd/Android/data/com.cleanmaster.mguard/files/)
D/VoldCmdListener(  340): volume mkdirs /storage/ext_sd/Android/data/com.cleanmaster.mguard/files/
E/VolumeManager(  340): Failed to find mounted volume for /storage/ext_sd/Android/data/com.cleanmaster.mguard/files/
W/Vold    (  340): Returning OperationFailed - no handler for errno 0
D/SocketClient(  340): SocketClient sendData done: 400 521971 volume operation failed (Success)
D/VoldConnector(  885): RCV <- {400 521971 volume operation failed (Success)}
D/VoldConnector(  885): RMV <- {400 521971 volume operation failed (Success)}
W/ContextImpl(23118): Failed to ensure directory: /storage/ext_sd/Android/data/com.cleanmaster.mguard/files
D/VoldConnector(  885): SND -> {521972 volume mkdirs /storage/ext_sd/Android/data/com.cleanmaster.mguard/files/}
D/FrameworkListener(  340): dispatchCommand data = (521972 volume mkdirs /storage/ext_sd/Android/data/com.cleanmaster.mguard/files/)
D/VoldCmdListener(  340): volume mkdirs /storage/ext_sd/Android/data/com.cleanmaster.mguard/files/
E/VolumeManager(  340): Failed to find mounted volume for /storage/ext_sd/Android/data/com.cleanmaster.mguard/files/
W/Vold    (  340): Returning OperationFailed - no handler for errno 0
D/SocketClient(  340): SocketClient sendData done: 400 521972 volume operation failed (Success)
D/VoldConnector(  885): RCV <- {400 521972 volume operation failed (Success)}
D/VoldConnector(  885): RMV <- {400 521972 volume operation failed (Success)}
W/ContextImpl(23118): Failed to ensure directory: /storage/ext_sd/Android/data/com.cleanmaster.mguard/files
D/VoldConnector(  885): SND -> {521973 volume mkdirs /storage/ext_sd/Android/data/com.cleanmaster.mguard/files/}
D/FrameworkListener(  340): dispatchCommand data = (521973 volume mkdirs /storage/ext_sd/Android/data/com.cleanmaster.mguard/files/)
D/VoldCmdListener(  340): volume mkdirs /storage/ext_sd/Android/data/com.cleanmaster.mguard/files/
E/VolumeManager(  340): Failed to find mounted volume for /storage/ext_sd/Android/data/com.cleanmaster.mguard/files/
W/Vold    (  340): Returning OperationFailed - no handler for errno 0
D/SocketClient(  340): SocketClient sendData done: 400 521973 volume operation failed (Success)
D/VoldConnector(  885): RCV <- {400 521973 volume operation failed (Success)}
D/VoldConnector(  885): RMV <- {400 521973 volume operation failed (Success)}
W/ContextImpl(23118): Failed to ensure directory: /storage/ext_sd/Android/data/com.cleanmaster.mguard/files
D/VoldConnector(  885): SND -> {521974 volume mkdirs /storage/ext_sd/Android/data/com.cleanmaster.mguard/files/}
D/FrameworkListener(  340): dispatchCommand data = (521974 volume mkdirs /storage/ext_sd/Android/data/com.cleanmaster.mguard/files/)
D/VoldCmdListener(  340): volume mkdirs /storage/ext_sd/Android/data/com.cleanmaster.mguard/files/
E/VolumeManager(  340): Failed to find mounted volume for /storage/ext_sd/Android/data/com.cleanmaster.mguard/files/
W/Vold    (  340): Returning OperationFailed - no handler for errno 0
D/SocketClient(  340): SocketClient sendData done: 400 521974 volume operation failed (Success)
D/VoldConnector(  885): RCV <- {400 521974 volume operation failed (Success)}
D/VoldConnector(  885): RMV <- {400 521974 volume operation failed (Success)}
W/ContextImpl(23118): Failed to ensure directory: /storage/ext_sd/Android/data/com.cleanmaster.mguard/files
D/VoldConnector(  885): SND -> {521975 volume mkdirs /storage/ext_sd/Android/data/com.cleanmaster.mguard/files/}
D/FrameworkListener(  340): dispatchCommand data = (521975 volume mkdirs /storage/ext_sd/Android/data/com.cleanmaster.mguard/files/)
D/VoldCmdListener(  340): volume mkdirs /storage/ext_sd/Android/data/com.cleanmaster.mguard/files/
E/VolumeManager(  340): Failed to find mounted volume for /storage/ext_sd/Android/data/com.cleanmaster.mguard/files/
W/Vold    (  340): Returning OperationFailed - no handler for errno 0
D/SocketClient(  340): SocketClient sendData done: 400 521975 volume operation failed (Success)
D/VoldConnector(  885): RCV <- {400 521975 volume operation failed (Success)}
D/VoldConnector(  885): RMV <- {400 521975 volume operation failed (Success)}
W/ContextImpl(23118): Failed to ensure directory: /storage/ext_sd/Android/data/com.cleanmaster.mguard/files
D/VoldConnector(  885): SND -> {521976 volume mkdirs /storage/ext_sd/Android/data/com.cleanmaster.mguard/files/}
D/FrameworkListener(  340): dispatchCommand data = (521976 volume mkdirs /storage/ext_sd/Android/data/com.cleanmaster.mguard/files/)
D/VoldCmdListener(  340): volume mkdirs /storage/ext_sd/Android/data/com.cleanmaster.mguard/files/
E/VolumeManager(  340): Failed to find mounted volume for /storage/ext_sd/Android/data/com.cleanmaster.mguard/files/
W/Vold    (  340): Returning OperationFailed - no handler for errno 0
D/SocketClient(  340): SocketClient sendData done: 400 521976 volume operation failed (Success)
D/VoldConnector(  885): RCV <- {400 521976 volume operation failed (Success)}
D/VoldConnector(  885): RMV <- {400 521976 volume operation failed (Success)}
W/ContextImpl(23118): Failed to ensure directory: /storage/ext_sd/Android/data/com.cleanmaster.mguard/files
D/VoldConnector(  885): SND -> {521977 volume mkdirs /storage/ext_sd/Android/data/com.cleanmaster.mguard/files/}
D/FrameworkListener(  340): dispatchCommand data = (521977 volume mkdirs /storage/ext_sd/Android/data/com.cleanmaster.mguard/files/)
D/VoldCmdListener(  340): volume mkdirs /storage/ext_sd/Android/data/com.cleanmaster.mguard/files/
E/VolumeManager(  340): Failed to find mounted volume for /storage/ext_sd/Android/data/com.cleanmaster.mguard/files/
W/Vold    (  340): Returning OperationFailed - no handler for errno 0
D/SocketClient(  340): SocketClient sendData done: 400 521977 volume operation failed (Success)
D/VoldConnector(  885): RCV <- {400 521977 volume operation failed (Success)}
D/VoldConnector(  885): RMV <- {400 521977 volume operation failed (Success)}
W/ContextImpl(23118): Failed to ensure directory: /storage/ext_sd/Android/data/com.cleanmaster.mguard/files
D/VoldConnector(  885): SND -> {521978 volume mkdirs /storage/ext_sd/Android/data/com.cleanmaster.mguard/files/}
D/FrameworkListener(  340): dispatchCommand data = (521978 volume mkdirs /storage/ext_sd/Android/data/com.cleanmaster.mguard/files/)
D/VoldCmdListener(  340): volume mkdirs /storage/ext_sd/Android/data/com.cleanmaster.mguard/files/
E/VolumeManager(  340): Failed to find mounted volume for /storage/ext_sd/Android/data/com.cleanmaster.mguard/files/
W/Vold    (  340): Returning OperationFailed - no handler for errno 0
D/SocketClient(  340): SocketClient sendData done: 400 521978 volume operation failed (Success)
D/VoldConnector(  885): RCV <- {400 521978 volume operation failed (Success)}
D/VoldConnector(  885): RMV <- {400 521978 volume operation failed (Success)}
W/ContextImpl(23118): Failed to ensure directory: /storage/ext_sd/Android/data/com.cleanmaster.mguard/files
D/NetworkController( 1243): [Strength][0][SubId:1][GSM] SignalStrength: 16 41 -120 -160 -2 0 -1 99 2147483647 2147483647 2147483647 2147483647 gsm|lte 1 -326 -16 -1 gsm|lte
D/PhoneInterfaceManager( 1612): [PhoneIntfMgr] getDataNetworkType=3
D/PhoneInterfaceManager( 1612): [PhoneIntfMgr] getDataNetworkType=3
D/SignalClusterView( 1243): vpn: GONE
D/SignalClusterView( 1243): wifi=G,stat_sys_wifi_signal_connected_0 air=G,stat_sys_signal_flightmode data[0]=V,cdma_sys_data_connected_3g sig[0]=V,cdma_stat_sys_s1_5signal_5 data[1]=G,(null) sig[1]=V,cdma_stat_sys_s2_5signal_5
D/SignalClusterView( 1243): vpn: GONE
D/SignalClusterView( 1243): wifi=G,stat_sys_wifi_signal_connected_0 air=G,stat_sys_signal_flightmode data[0]=V,cdma_sys_data_connected_3g sig[0]=V,cdma_stat_sys_s1_5signal_5 data[1]=G,(null) sig[1]=V,cdma_stat_sys_s2_5signal_5
D/PerfServiceManager(  885): [PerfService] notifyFrameUpdate - bDuringTouchBoost:false 
I/BufferQueueProducer(  341): [StatusBar](this:0x559b6300e0,id:8,api:1,p:1243,c:341) queueBuffer: fps=0.39 dur=2577.98 max=2577.98 min=2577.98
V/ActivityManager(  885): Broadcast sticky: Intent { act=android.intent.action.SIG_STR flg=0x20000010 (has extras) } ordered=false userid=-1 callerApp=ProcessRecord{2cbb53a3 885:system/1000}
D/VoldConnector(  885): SND -> {521979 volume mkdirs /storage/ext_sd/Android/data/com.cleanmaster.mguard/files/}
D/FrameworkListener(  340): dispatchCommand data = (521979 volume mkdirs /storage/ext_sd/Android/data/com.cleanmaster.mguard/files/)
D/VoldCmdListener(  340): volume mkdirs /storage/ext_sd/Android/data/com.cleanmaster.mguard/files/
E/VolumeManager(  340): Failed to find mounted volume for /storage/ext_sd/Android/data/com.cleanmaster.mguard/files/
W/Vold    (  340): Returning OperationFailed - no handler for errno 0
D/SocketClient(  340): SocketClient sendData done: 400 521979 volume operation failed (Success)
D/VoldConnector(  885): RCV <- {400 521979 volume operation failed (Success)}
D/VoldConnector(  885): RMV <- {400 521979 volume operation failed (Success)}
W/ContextImpl(23118): Failed to ensure directory: /storage/ext_sd/Android/data/com.cleanmaster.mguard/files
D/VoldConnector(  885): SND -> {521980 volume mkdirs /storage/ext_sd/Android/data/com.cleanmaster.mguard/files/}
D/FrameworkListener(  340): dispatchCommand data = (521980 volume mkdirs /storage/ext_sd/Android/data/com.cleanmaster.mguard/files/)
D/VoldCmdListener(  340): volume mkdirs /storage/ext_sd/Android/data/com.cleanmaster.mguard/files/
E/VolumeManager(  340): Failed to find mounted volume for /storage/ext_sd/Android/data/com.cleanmaster.mguard/files/
W/Vold    (  340): Returning OperationFailed - no handler for errno 0
D/SocketClient(  340): SocketClient sendData done: 400 521980 volume operation failed (Success)
D/VoldConnector(  885): RCV <- {400 521980 volume operation failed (Success)}
D/VoldConnector(  885): RMV <- {400 521980 volume operation failed (Success)}
W/ContextImpl(23118): Failed to ensure directory: /storage/ext_sd/Android/data/com.cleanmaster.mguard/files
D/VoldConnector(  885): SND -> {521981 volume mkdirs /storage/ext_sd/Android/data/com.cleanmaster.mguard/files/}
D/FrameworkListener(  340): dispatchCommand data = (521981 volume mkdirs /storage/ext_sd/Android/data/com.cleanmaster.mguard/files/)
D/VoldCmdListener(  340): volume mkdirs /storage/ext_sd/Android/data/com.cleanmaster.mguard/files/
E/VolumeManager(  340): Failed to find mounted volume for /storage/ext_sd/Android/data/com.cleanmaster.mguard/files/
W/Vold    (  340): Returning OperationFailed - no handler for errno 0
D/SocketClient(  340): SocketClient sendData done: 400 521981 volume operation failed (Success)
D/VoldConnector(  885): RCV <- {400 521981 volume operation failed (Success)}
D/VoldConnector(  885): RMV <- {400 521981 volume operation failed (Success)}
W/ContextImpl(23118): Failed to ensure directory: /storage/ext_sd/Android/data/com.cleanmaster.mguard/files
D/VoldConnector(  885): SND -> {521982 volume mkdirs /storage/ext_sd/Android/data/com.cleanmaster.mguard/files/}
D/FrameworkListener(  340): dispatchCommand data = (521982 volume mkdirs /storage/ext_sd/Android/data/com.cleanmaster.mguard/files/)
D/VoldCmdListener(  340): volume mkdirs /storage/ext_sd/Android/data/com.cleanmaster.mguard/files/
E/VolumeManager(  340): Failed to find mounted volume for /storage/ext_sd/Android/data/com.cleanmaster.mguard/files/
W/Vold    (  340): Returning OperationFailed - no handler for errno 0
D/SocketClient(  340): SocketClient sendData done: 400 521982 volume operation failed (Success)
D/VoldConnector(  885): RCV <- {400 521982 volume operation failed (Success)}
D/VoldConnector(  885): RMV <- {400 521982 volume operation failed (Success)}
W/ContextImpl(23118): Failed to ensure directory: /storage/ext_sd/Android/data/com.cleanmaster.mguard/files
I/thermal_repeater(  387): oh, queryMdThermalInfo (0)Bad file number
I/thermal_repeater(  387): [recvMdThermalInfo] ret=30, strLen=127,  2, 32767, -127, -1, 32767, 18
D/VoldConnector(  885): SND -> {521983 volume mkdirs /storage/ext_sd/Android/data/com.cleanmaster.mguard/files/}
D/FrameworkListener(  340): dispatchCommand data = (521983 volume mkdirs /storage/ext_sd/Android/data/com.cleanmaster.mguard/files/)
D/VoldCmdListener(  340): volume mkdirs /storage/ext_sd/Android/data/com.cleanmaster.mguard/files/
E/VolumeManager(  340): Failed to find mounted volume for /storage/ext_sd/Android/data/com.cleanmaster.mguard/files/
W/Vold    (  340): Returning OperationFailed - no handler for errno 0
D/SocketClient(  340): SocketClient sendData done: 400 521983 volume operation failed (Success)
D/VoldConnector(  885): RCV <- {400 521983 volume operation failed (Success)}
D/VoldConnector(  885): RMV <- {400 521983 volume operation failed (Success)}
W/ContextImpl(23118): Failed to ensure directory: /storage/ext_sd/Android/data/com.cleanmaster.mguard/files
D/VoldConnector(  885): SND -> {521984 volume mkdirs /storage/ext_sd/Android/data/com.cleanmaster.mguard/files/}
D/FrameworkListener(  340): dispatchCommand data = (521984 volume mkdirs /storage/ext_sd/Android/data/com.cleanmaster.mguard/files/)
D/VoldCmdListener(  340): volume mkdirs /storage/ext_sd/Android/data/com.cleanmaster.mguard/files/
E/VolumeManager(  340): Failed to find mounted volume for /storage/ext_sd/Android/data/com.cleanmaster.mguard/files/
W/Vold    (  340): Returning OperationFailed - no handler for errno 0
D/SocketClient(  340): SocketClient sendData done: 400 521984 volume operation failed (Success)
D/VoldConnector(  885): RCV <- {400 521984 volume operation failed (Success)}
D/VoldConnector(  885): RMV <- {400 521984 volume operation failed (Success)}
W/ContextImpl(23118): Failed to ensure directory: /storage/ext_sd/Android/data/com.cleanmaster.mguard/files
D/VoldConnector(  885): SND -> {521985 volume mkdirs /storage/ext_sd/Android/data/com.cleanmaster.mguard/files/}
D/FrameworkListener(  340): dispatchCommand data = (521985 volume mkdirs /storage/ext_sd/Android/data/com.cleanmaster.mguard/files/)
D/VoldCmdListener(  340): volume mkdirs /storage/ext_sd/Android/data/com.cleanmaster.mguard/files/
E/VolumeManager(  340): Failed to find mounted volume for /storage/ext_sd/Android/data/com.cleanmaster.mguard/files/
W/Vold    (  340): Returning OperationFailed - no handler for errno 0
D/SocketClient(  340): SocketClient sendData done: 400 521985 volume operation failed (Success)
D/VoldConnector(  885): RCV <- {400 521985 volume operation failed (Success)}
D/VoldConnector(  885): RMV <- {400 521985 volume operation failed (Success)}
W/ContextImpl(23118): Failed to ensure directory: /storage/ext_sd/Android/data/com.cleanmaster.mguard/files
D/VoldConnector(  885): SND -> {521986 volume mkdirs /storage/ext_sd/Android/data/com.cleanmaster.mguard/files/}
D/FrameworkListener(  340): dispatchCommand data = (521986 volume mkdirs /storage/ext_sd/Android/data/com.cleanmaster.mguard/files/)
D/VoldCmdListener(  340): volume mkdirs /storage/ext_sd/Android/data/com.cleanmaster.mguard/files/
E/VolumeManager(  340): Failed to find mounted volume for /storage/ext_sd/Android/data/com.cleanmaster.mguard/files/
W/Vold    (  340): Returning OperationFailed - no handler for errno 0
D/SocketClient(  340): SocketClient sendData done: 400 521986 volume operation failed (Success)
