D/XAN-DPC (  885): requestPowerState: policy=BRIGHT, useProximitySensor=false, screenBrightness=30, screenAutoBrightnessAdjustment=0.0, useAutoBrightness=false, blockScreenOn=false, lowPowerMode=false, boostScreenBrightness=false, dozeScreenBrightness=-1, useOverrideBrightness=false, useBrightnessFWM=false, inMiracastFeatureMode=false, screenAutoBrightnessPercentage=100, dozeScreenState=UNKNOWN, waitForNegativeProximity=false
I/PMS     (  885): setBrightness mButtonLight 0.
D/PMN     (  885): onWakeLockAcquired: flags=1, tag="*net_scheduler*", packageName=com.google.android.gms, ownerUid=10018, ownerPid=1735, workSource=WorkSource{10143 com.joeware.android.gpulumera}
D/ActivityThread( 2561): SVC-Creating service: CreateServiceData{token=android.os.BinderProxy@3756a31d className=com.evernote.android.job.gcm.PlatformGcmService packageName=com.joeware.android.gpulumera intent=null}
D/ActivityThread( 2561): SVC-CREATE_SERVICE handled : 0 / CreateServiceData{token=android.os.BinderProxy@3756a31d className=com.evernote.android.job.gcm.PlatformGcmService packageName=com.joeware.android.gpulumera intent=null}
D/ActivityThread( 2561): SVC-Calling onStartCommand: com.evernote.android.job.gcm.PlatformGcmService@3b047992, flags=0, startId=1
D/ActivityThread( 2561): SVC-SERVICE_ARGS handled : 0 / ServiceArgsData{token=android.os.BinderProxy@3756a31d startId=1 args=Intent { act=com.google.android.gms.gcm.ACTION_TASK_READY cmp=com.joeware.android.gpulumera/com.evernote.android.job.gcm.PlatformGcmService (has extras) }}
D/PMS     (  885): acquireWakeLockInternal: lock=234006433, flags=0x1, tag="JobExecutor", ws=null, uid=10143, pid=2561
D/PMS     (  885): acquireWL(26ea9dc6): PARTIAL_WAKE_LOCK  JobExecutor 0x1 2561 10143 null
D/PMS     (  885): updateUserActivitySummaryLocked: mWakefulness=Awake, mUserActivitySummary=0x1,155064340,1,7000,3600000, nextTimeout=158261225 (in 3196884 ms)
D/PMS     (  885): mDisplayPowerRequest.policy = 3
D/WifiDisplayAdapter(  885): getWifiDisplayStatusLocked: result=WifiDisplayStatus{featureState=2, scanState=0, activeDisplayState=0, activeDisplay=null, displays=[Smart TV-6488 (fc:a3:86:e5:62:64), isAvailable false, canConnect false, isRemembered true], sessionInfo=WifiDisplaySessionInfo: C/O:Client,GId:,Pp:,SId:0,IP:}
D/PMS     (  885): isWfdEnabled() mWfdStatus=WifiDisplayStatus{featureState=2, scanState=0, activeDisplayState=0, activeDisplay=null, displays=[Smart TV-6488 (fc:a3:86:e5:62:64), isAvailable false, canConnect false, isRemembered true], sessionInfo=WifiDisplaySessionInfo: C/O:Client,GId:,Pp:,SId:0,IP:}, return false
D/XAN-DPC (  885): requestPowerState: policy=BRIGHT, useProximitySensor=false, screenBrightness=30, screenAutoBrightnessAdjustment=0.0, useAutoBrightness=false, blockScreenOn=false, lowPowerMode=false, boostScreenBrightness=false, dozeScreenBrightness=-1, useOverrideBrightness=false, useBrightnessFWM=false, inMiracastFeatureMode=false, screenAutoBrightnessPercentage=100, dozeScreenState=UNKNOWN, waitForNegativeProximity=false
I/PMS     (  885): setBrightness mButtonLight 0.
D/PMN     (  885): onWakeLockAcquired: flags=1, tag="JobExecutor", packageName=com.joeware.android.gpulumera, ownerUid=10143, ownerPid=2561, workSource=null
D/AlarmManager(  885):  whichBatch = 17
D/PMS     (  885): releaseWakeLockInternal: lock=485682447 [*net_scheduler*], flags=0x0, total_time=56ms
D/PMS     (  885): releaseWL(28ed721c): PARTIAL_WAKE_LOCK  *net_scheduler* 0x1 WorkSource{10018 com.google.android.gms}
D/PMN     (  885): onWakeLockReleased: flags=1, tag="*net_scheduler*", packageName=com.google.android.gms, ownerUid=10018, ownerPid=1735, workSource=WorkSource{10018 com.google.android.gms}
D/PMS     (  885): updateUserActivitySummaryLocked: mWakefulness=Awake, mUserActivitySummary=0x1,155064348,1,7000,3600000, nextTimeout=158261225 (in 3196877 ms)
D/PMS     (  885): mDisplayPowerRequest.policy = 3
D/WifiDisplayAdapter(  885): getWifiDisplayStatusLocked: result=WifiDisplayStatus{featureState=2, scanState=0, activeDisplayState=0, activeDisplay=null, displays=[Smart TV-6488 (fc:a3:86:e5:62:64), isAvailable false, canConnect false, isRemembered true], sessionInfo=WifiDisplaySessionInfo: C/O:Client,GId:,Pp:,SId:0,IP:}
D/PMS     (  885): isWfdEnabled() mWfdStatus=WifiDisplayStatus{featureState=2, scanState=0, activeDisplayState=0, activeDisplay=null, displays=[Smart TV-6488 (fc:a3:86:e5:62:64), isAvailable false, canConnect false, isRemembered true], sessionInfo=WifiDisplaySessionInfo: C/O:Client,GId:,Pp:,SId:0,IP:}, return false
D/XAN-DPC (  885): requestPowerState: policy=BRIGHT, useProximitySensor=false, screenBrightness=30, screenAutoBrightnessAdjustment=0.0, useAutoBrightness=false, blockScreenOn=false, lowPowerMode=false, boostScreenBrightness=false, dozeScreenBrightness=-1, useOverrideBrightness=false, useBrightnessFWM=false, inMiracastFeatureMode=false, screenAutoBrightnessPercentage=100, dozeScreenState=UNKNOWN, waitForNegativeProximity=false
I/PMS     (  885): setBrightness mButtonLight 0.
I/System  ( 2561): exec(sh @ com.analyticsutils.core.util.k.a:39)
D/VoldConnector(  885): SND -> {522054 volume mkdirs /storage/ext_sd/Android/data/com.cleanmaster.mguard/files/}
D/FrameworkListener(  340): dispatchCommand data = (522054 volume mkdirs /storage/ext_sd/Android/data/com.cleanmaster.mguard/files/)
D/VoldCmdListener(  340): volume mkdirs /storage/ext_sd/Android/data/com.cleanmaster.mguard/files/
E/VolumeManager(  340): Failed to find mounted volume for /storage/ext_sd/Android/data/com.cleanmaster.mguard/files/
W/Vold    (  340): Returning OperationFailed - no handler for errno 0
D/SocketClient(  340): SocketClient sendData done: 400 522054 volume operation failed (Success)
D/VoldConnector(  885): RCV <- {400 522054 volume operation failed (Success)}
D/VoldConnector(  885): RMV <- {400 522054 volume operation failed (Success)}
W/ContextImpl(23118): Failed to ensure directory: /storage/ext_sd/Android/data/com.cleanmaster.mguard/files
D/PMS     (  885): releaseWakeLockInternal: lock=234006433 [JobExecutor], flags=0x0, total_time=256ms
D/PMS     (  885): releaseWL(26ea9dc6): PARTIAL_WAKE_LOCK  JobExecutor 0x1 null
D/PMN     (  885): onWakeLockReleased: flags=1, tag="JobExecutor", packageName=com.joeware.android.gpulumera, ownerUid=10143, ownerPid=2561, workSource=null
D/PMS     (  885): updateUserActivitySummaryLocked: mWakefulness=Awake, mUserActivitySummary=0x1,155064597,1,7000,3600000, nextTimeout=158261225 (in 3196628 ms)
D/PMS     (  885): mDisplayPowerRequest.policy = 3
D/WifiDisplayAdapter(  885): getWifiDisplayStatusLocked: result=WifiDisplayStatus{featureState=2, scanState=0, activeDisplayState=0, activeDisplay=null, displays=[Smart TV-6488 (fc:a3:86:e5:62:64), isAvailable false, canConnect false, isRemembered true], sessionInfo=WifiDisplaySessionInfo: C/O:Client,GId:,Pp:,SId:0,IP:}
D/PMS     (  885): isWfdEnabled() mWfdStatus=WifiDisplayStatus{featureState=2, scanState=0, activeDisplayState=0, activeDisplay=null, displays=[Smart TV-6488 (fc:a3:86:e5:62:64), isAvailable false, canConnect false, isRemembered true], sessionInfo=WifiDisplaySessionInfo: C/O:Client,GId:,Pp:,SId:0,IP:}, return false
D/XAN-DPC (  885): requestPowerState: policy=BRIGHT, useProximitySensor=false, screenBrightness=30, screenAutoBrightnessAdjustment=0.0, useAutoBrightness=false, blockScreenOn=false, lowPowerMode=false, boostScreenBrightness=false, dozeScreenBrightness=-1, useOverrideBrightness=false, useBrightnessFWM=false, inMiracastFeatureMode=false, screenAutoBrightnessPercentage=100, dozeScreenState=UNKNOWN, waitForNegativeProximity=false
I/PMS     (  885): setBrightness mButtonLight 0.
D/PMS     (  885): releaseWakeLockInternal: lock=563919866 [*net_scheduler*], flags=0x0, total_time=283ms
D/PMS     (  885): releaseWL(2e5e65ab): PARTIAL_WAKE_LOCK  *net_scheduler* 0x1 WorkSource{10143 com.joeware.android.gpulumera}
D/PMN     (  885): onWakeLockReleased: flags=1, tag="*net_scheduler*", packageName=com.google.android.gms, ownerUid=10018, ownerPid=1735, workSource=WorkSource{10143 com.joeware.android.gpulumera}
D/PMS     (  885): updateWakeLockSummaryLocked: mWakefulness=Awake, mWakeLockSummary=0x0
D/PMS     (  885): updateUserActivitySummaryLocked: mWakefulness=Awake, mUserActivitySummary=0x1,155064599,1,7000,3600000, nextTimeout=158261225 (in 3196626 ms)
D/PMS     (  885): mDisplayPowerRequest.policy = 3
D/WifiDisplayAdapter(  885): getWifiDisplayStatusLocked: result=WifiDisplayStatus{featureState=2, scanState=0, activeDisplayState=0, activeDisplay=null, displays=[Smart TV-6488 (fc:a3:86:e5:62:64), isAvailable false, canConnect false, isRemembered true], sessionInfo=WifiDisplaySessionInfo: C/O:Client,GId:,Pp:,SId:0,IP:}
D/PMS     (  885): isWfdEnabled() mWfdStatus=WifiDisplayStatus{featureState=2, scanState=0, activeDisplayState=0, activeDisplay=null, displays=[Smart TV-6488 (fc:a3:86:e5:62:64), isAvailable false, canConnect false, isRemembered true], sessionInfo=WifiDisplaySessionInfo: C/O:Client,GId:,Pp:,SId:0,IP:}, return false
D/XAN-DPC (  885): requestPowerState: policy=BRIGHT, useProximitySensor=false, screenBrightness=30, screenAutoBrightnessAdjustment=0.0, useAutoBrightness=false, blockScreenOn=false, lowPowerMode=false, boostScreenBrightness=false, dozeScreenBrightness=-1, useOverrideBrightness=false, useBrightnessFWM=false, inMiracastFeatureMode=false, screenAutoBrightnessPercentage=100, dozeScreenState=UNKNOWN, waitForNegativeProximity=false
I/PMS     (  885): setBrightness mButtonLight 0.
D/PMS     (  885): Releasing suspend blocker "PowerManagerService.WakeLocks".
D/PMS     (  885): acquireWakeLockInternal: lock=485682447, flags=0x1, tag="*net_scheduler*", ws=WorkSource{10018 com.google.android.gms}, uid=10018, pid=1735
D/PMS     (  885): acquireWL(1b1bb187): PARTIAL_WAKE_LOCK  *net_scheduler* 0x1 1735 10018 WorkSource{10018 com.google.android.gms}
D/PMS     (  885): updateWakeLockSummaryLocked: mWakefulness=Awake, mWakeLockSummary=0x1
D/PMS     (  885): updateUserActivitySummaryLocked: mWakefulness=Awake, mUserActivitySummary=0x1,155064601,1,7000,3600000, nextTimeout=158261225 (in 3196624 ms)
D/PMS     (  885): mDisplayPowerRequest.policy = 3
D/WifiDisplayAdapter(  885): getWifiDisplayStatusLocked: result=WifiDisplayStatus{featureState=2, scanState=0, activeDisplayState=0, activeDisplay=null, displays=[Smart TV-6488 (fc:a3:86:e5:62:64), isAvailable false, canConnect false, isRemembered true], sessionInfo=WifiDisplaySessionInfo: C/O:Client,GId:,Pp:,SId:0,IP:}
D/PMS     (  885): isWfdEnabled() mWfdStatus=WifiDisplayStatus{featureState=2, scanState=0, activeDisplayState=0, activeDisplay=null, displays=[Smart TV-6488 (fc:a3:86:e5:62:64), isAvailable false, canConnect false, isRemembered true], sessionInfo=WifiDisplaySessionInfo: C/O:Client,GId:,Pp:,SId:0,IP:}, return false
D/ActivityThread( 2561): SVC-Destroying service: com.evernote.android.job.gcm.PlatformGcmService@3b047992
D/XAN-DPC (  885): requestPowerState: policy=BRIGHT, useProximitySensor=false, screenBrightness=30, screenAutoBrightnessAdjustment=0.0, useAutoBrightness=false, blockScreenOn=false, lowPowerMode=false, boostScreenBrightness=false, dozeScreenBrightness=-1, useOverrideBrightness=false, useBrightnessFWM=false, inMiracastFeatureMode=false, screenAutoBrightnessPercentage=100, dozeScreenState=UNKNOWN, waitForNegativeProximity=false
I/PMS     (  885): setBrightness mButtonLight 0.
D/PMS     (  885): Acquiring suspend blocker "PowerManagerService.WakeLocks".
D/PMN     (  885): onWakeLockAcquired: flags=1, tag="*net_scheduler*", packageName=com.google.android.gms, ownerUid=10018, ownerPid=1735, workSource=WorkSource{10018 com.google.android.gms}
D/ActivityThread( 2561): SVC-STOP_SERVICE handled : 0 / android.os.BinderProxy@3756a31d
D/PMS     (  885): releaseWakeLockInternal: lock=485682447 [*net_scheduler*], flags=0x0, total_time=30ms
D/PMS     (  885): releaseWL(1b1bb187): PARTIAL_WAKE_LOCK  *net_scheduler* 0x1 WorkSource{10018 com.google.android.gms}
D/PMN     (  885): onWakeLockReleased: flags=1, tag="*net_scheduler*", packageName=com.google.android.gms, ownerUid=10018, ownerPid=1735, workSource=WorkSource{10018 com.google.android.gms}
D/PMS     (  885): updateWakeLockSummaryLocked: mWakefulness=Awake, mWakeLockSummary=0x0
D/PMS     (  885): updateUserActivitySummaryLocked: mWakefulness=Awake, mUserActivitySummary=0x1,155064631,1,7000,3600000, nextTimeout=158261225 (in 3196594 ms)
D/PMS     (  885): mDisplayPowerRequest.policy = 3
D/WifiDisplayAdapter(  885): getWifiDisplayStatusLocked: result=WifiDisplayStatus{featureState=2, scanState=0, activeDisplayState=0, activeDisplay=null, displays=[Smart TV-6488 (fc:a3:86:e5:62:64), isAvailable false, canConnect false, isRemembered true], sessionInfo=WifiDisplaySessionInfo: C/O:Client,GId:,Pp:,SId:0,IP:}
D/PMS     (  885): isWfdEnabled() mWfdStatus=WifiDisplayStatus{featureState=2, scanState=0, activeDisplayState=0, activeDisplay=null, displays=[Smart TV-6488 (fc:a3:86:e5:62:64), isAvailable false, canConnect false, isRemembered true], sessionInfo=WifiDisplaySessionInfo: C/O:Client,GId:,Pp:,SId:0,IP:}, return false
D/XAN-DPC (  885): requestPowerState: policy=BRIGHT, useProximitySensor=false, screenBrightness=30, screenAutoBrightnessAdjustment=0.0, useAutoBrightness=false, blockScreenOn=false, lowPowerMode=false, boostScreenBrightness=false, dozeScreenBrightness=-1, useOverrideBrightness=false, useBrightnessFWM=false, inMiracastFeatureMode=false, screenAutoBrightnessPercentage=100, dozeScreenState=UNKNOWN, waitForNegativeProximity=false
I/PMS     (  885): setBrightness mButtonLight 0.
D/PMS     (  885): Releasing suspend blocker "PowerManagerService.WakeLocks".
D/PMS     (  885): acquireWakeLockInternal: lock=485682447, flags=0x1, tag="*net_scheduler*", ws=WorkSource{10018 com.google.android.gms}, uid=10018, pid=1735
D/PMS     (  885): acquireWL(104be8b4): PARTIAL_WAKE_LOCK  *net_scheduler* 0x1 1735 10018 WorkSource{10018 com.google.android.gms}
D/PMS     (  885): updateWakeLockSummaryLocked: mWakefulness=Awake, mWakeLockSummary=0x1
D/PMS     (  885): updateUserActivitySummaryLocked: mWakefulness=Awake, mUserActivitySummary=0x1,155064633,1,7000,3600000, nextTimeout=158261225 (in 3196592 ms)
D/PMS     (  885): mDisplayPowerRequest.policy = 3
D/WifiDisplayAdapter(  885): getWifiDisplayStatusLocked: result=WifiDisplayStatus{featureState=2, scanState=0, activeDisplayState=0, activeDisplay=null, displays=[Smart TV-6488 (fc:a3:86:e5:62:64), isAvailable false, canConnect false, isRemembered true], sessionInfo=WifiDisplaySessionInfo: C/O:Client,GId:,Pp:,SId:0,IP:}
D/PMS     (  885): isWfdEnabled() mWfdStatus=WifiDisplayStatus{featureState=2, scanState=0, activeDisplayState=0, activeDisplay=null, displays=[Smart TV-6488 (fc:a3:86:e5:62:64), isAvailable false, canConnect false, isRemembered true], sessionInfo=WifiDisplaySessionInfo: C/O:Client,GId:,Pp:,SId:0,IP:}, return false
D/XAN-DPC (  885): requestPowerState: policy=BRIGHT, useProximitySensor=false, screenBrightness=30, screenAutoBrightnessAdjustment=0.0, useAutoBrightness=false, blockScreenOn=false, lowPowerMode=false, boostScreenBrightness=false, dozeScreenBrightness=-1, useOverrideBrightness=false, useBrightnessFWM=false, inMiracastFeatureMode=false, screenAutoBrightnessPercentage=100, dozeScreenState=UNKNOWN, waitForNegativeProximity=false
I/PMS     (  885): setBrightness mButtonLight 0.
D/PMS     (  885): Acquiring suspend blocker "PowerManagerService.WakeLocks".
D/PMN     (  885): onWakeLockAcquired: flags=1, tag="*net_scheduler*", packageName=com.google.android.gms, ownerUid=10018, ownerPid=1735, workSource=WorkSource{10018 com.google.android.gms}
I/NetworkIdentity(  885): buildNetworkIdentity:
I/NetworkIdentity(  885): roaming:false
I/NetworkIdentity(  885): state.subscriberId = 413030109417052
D/AlarmManager(  885): manual remove option = PendingIntent{711cdd: PendingIntentRecord{28bda248 com.google.android.gms broadcastIntent}}
D/AlarmManager(  885): rebatchAllAlarmsLocked begin oldBatches count = 66
D/AlarmManager(  885): rebatchAllAlarmsLocked  batch.size() = 1
D/AlarmManager(  885):  whichBatch = -2
D/AlarmManager(  885): rebatchAllAlarmsLocked  batch.size() = 1
D/AlarmManager(  885):  whichBatch = -1
D/AlarmManager(  885): rebatchAllAlarmsLocked  batch.size() = 4
D/AlarmManager(  885):  whichBatch = -2
D/AlarmManager(  885): set alarm to RTC 330039605
D/AlarmManager(  885):  whichBatch = 2
D/AlarmManager(  885): set alarm to RTC 330040037
D/AlarmManager(  885):  whichBatch = 2
D/AlarmManager(  885): set alarm to RTC 330046475
D/AlarmManager(  885):  whichBatch = -2
D/AlarmManager(  885): rebatchAllAlarmsLocked  batch.size() = 4
D/AlarmManager(  885):  whichBatch = -2
D/AlarmManager(  885):  whichBatch = 4
D/AlarmManager(  885):  whichBatch = 4
D/AlarmManager(  885):  whichBatch = 4
D/AlarmManager(  885): rebatchAllAlarmsLocked  batch.size() = 1
D/AlarmManager(  885):  whichBatch = -2
D/AlarmManager(  885): rebatchAllAlarmsLocked  batch.size() = 1
D/AlarmManager(  885):  whichBatch = -1
D/AlarmManager(  885): rebatchAllAlarmsLocked  batch.size() = 1
D/AlarmManager(  885):  whichBatch = -1
D/AlarmManager(  885): rebatchAllAlarmsLocked  batch.size() = 1
D/AlarmManager(  885):  whichBatch = -1
D/AlarmManager(  885): rebatchAllAlarmsLocked  batch.size() = 1
D/AlarmManager(  885):  whichBatch = -1
D/AlarmManager(  885): rebatchAllAlarmsLocked  batch.size() = 1
D/AlarmManager(  885):  whichBatch = -1
D/AlarmManager(  885): rebatchAllAlarmsLocked  batch.size() = 5
D/AlarmManager(  885):  whichBatch = -2
D/AlarmManager(  885):  whichBatch = 7
D/AlarmManager(  885):  whichBatch = 7
D/AlarmManager(  885):  whichBatch = 7
D/AlarmManager(  885):  whichBatch = 10
D/AlarmManager(  885): rebatchAllAlarmsLocked  batch.size() = 5
D/AlarmManager(  885):  whichBatch = -2
D/AlarmManager(  885):  whichBatch = 12
D/AlarmManager(  885):  whichBatch = 12
D/AlarmManager(  885):  whichBatch = 12
D/AlarmManager(  885):  whichBatch = 12
D/AlarmManager(  885): rebatchAllAlarmsLocked  batch.size() = 1
D/AlarmManager(  885):  whichBatch = -2
D/AlarmManager(  885): rebatchAllAlarmsLocked  batch.size() = 1
D/AlarmManager(  885):  whichBatch = -2
D/AlarmManager(  885): rebatchAllAlarmsLocked  batch.size() = 1
D/AlarmManager(  885):  whichBatch = -1
D/AlarmManager(  885): rebatchAllAlarmsLocked  batch.size() = 1
D/AlarmManager(  885):  whichBatch = -1
D/AlarmManager(  885): rebatchAllAlarmsLocked  batch.size() = 1
D/AlarmManager(  885):  whichBatch = -1
D/AlarmManager(  885): rebatchAllAlarmsLocked  batch.size() = 9
D/AlarmManager(  885):  whichBatch = -2
D/AlarmManager(  885):  whichBatch = 15
D/AlarmManager(  885):  whichBatch = 16
D/AlarmManager(  885):  whichBatch = 16
D/AlarmManager(  885):  whichBatch = 16
D/AlarmManager(  885):  whichBatch = 16
D/AlarmManager(  885):  whichBatch = 16
D/AlarmManager(  885):  whichBatch = 18
D/AlarmManager(  885):  whichBatch = 18
D/AlarmManager(  885): rebatchAllAlarmsLocked  batch.size() = 1
D/AlarmManager(  885):  whichBatch = -1
D/AlarmManager(  885): rebatchAllAlarmsLocked  batch.size() = 1
D/AlarmManager(  885):  whichBatch = -1
D/AlarmManager(  885): rebatchAllAlarmsLocked  batch.size() = 6
D/AlarmManager(  885):  whichBatch = -2
D/AlarmManager(  885):  whichBatch = 19
D/AlarmManager(  885):  whichBatch = 19
D/AlarmManager(  885):  whichBatch = 19
D/AlarmManager(  885):  whichBatch = 19
D/AlarmManager(  885):  whichBatch = 19
D/AlarmManager(  885): rebatchAllAlarmsLocked  batch.size() = 1
D/AlarmManager(  885):  whichBatch = -1
D/AlarmManager(  885): rebatchAllAlarmsLocked  batch.size() = 1
D/AlarmManager(  885):  whichBatch = -1
D/AlarmManager(  885): rebatchAllAlarmsLocked  batch.size() = 3
D/AlarmManager(  885):  whichBatch = -2
D/AlarmManager(  885):  whichBatch = 23
D/AlarmManager(  885):  whichBatch = 23
D/AlarmManager(  885): rebatchAllAlarmsLocked  batch.size() = 2
D/AlarmManager(  885):  whichBatch = -2
D/AlarmManager(  885):  whichBatch = 25
D/AlarmManager(  885): rebatchAllAlarmsLocked  batch.size() = 3
D/AlarmManager(  885):  whichBatch = -2
D/AlarmManager(  885):  whichBatch = 26
D/AlarmManager(  885):  whichBatch = 26
D/AlarmManager(  885): rebatchAllAlarmsLocked  batch.size() = 1
D/AlarmManager(  885):  whichBatch = -2
D/AlarmManager(  885): rebatchAllAlarmsLocked  batch.size() = 1
D/AlarmManager(  885):  whichBatch = -1
D/AlarmManager(  885): rebatchAllAlarmsLocked  batch.size() = 5
D/AlarmManager(  885):  whichBatch = -2
D/AlarmManager(  885):  whichBatch = 28
D/AlarmManager(  885):  whichBatch = 28
D/AlarmManager(  885):  whichBatch = 28
D/AlarmManager(  885):  whichBatch = 28
D/AlarmManager(  885): rebatchAllAlarmsLocked  batch.size() = 2
D/AlarmManager(  885):  whichBatch = -2
D/AlarmManager(  885):  whichBatch = 30
D/AlarmManager(  885): rebatchAllAlarmsLocked  batch.size() = 2
D/AlarmManager(  885):  whichBatch = -2
D/AlarmManager(  885):  whichBatch = 31
D/AlarmManager(  885): rebatchAllAlarmsLocked  batch.size() = 5
D/AlarmManager(  885):  whichBatch = -2
D/AlarmManager(  885):  whichBatch = 32
D/AlarmManager(  885):  whichBatch = 32
D/AlarmManager(  885):  whichBatch = 32
D/AlarmManager(  885):  whichBatch = 32
D/AlarmManager(  885): rebatchAllAlarmsLocked  batch.size() = 1
D/AlarmManager(  885):  whichBatch = -2
D/AlarmManager(  885): rebatchAllAlarmsLocked  batch.size() = 1
D/AlarmManager(  885):  whichBatch = -2
D/AlarmManager(  885): rebatchAllAlarmsLocked  batch.size() = 1
D/AlarmManager(  885):  whichBatch = -2
D/AlarmManager(  885): rebatchAllAlarmsLocked  batch.size() = 1
D/AlarmManager(  885):  whichBatch = -1
D/AlarmManager(  885): rebatchAllAlarmsLocked  batch.size() = 12
D/AlarmManager(  885):  whichBatch = -2
D/AlarmManager(  885):  whichBatch = 36
D/AlarmManager(  885):  whichBatch = 36
D/AlarmManager(  885):  whichBatch = 36
D/AlarmManager(  885):  whichBatch = 36
D/AlarmManager(  885):  whichBatch = 37
D/AlarmManager(  885):  whichBatch = 37
D/AlarmManager(  885):  whichBatch = 37
D/AlarmManager(  885):  whichBatch = 37
D/AlarmManager(  885):  whichBatch = 37
D/AlarmManager(  885):  whichBatch = 37
D/AlarmManager(  885):  whichBatch = 37
D/AlarmManager(  885): rebatchAllAlarmsLocked  batch.size() = 1
D/AlarmManager(  885):  whichBatch = -1
D/AlarmManager(  885): rebatchAllAlarmsLocked  batch.size() = 2
D/AlarmManager(  885):  whichBatch = -2
D/AlarmManager(  885):  whichBatch = 38
D/AlarmManager(  885): rebatchAllAlarmsLocked  batch.size() = 1
D/AlarmManager(  885):  whichBatch = -2
D/AlarmManager(  885): rebatchAllAlarmsLocked  batch.size() = 1
D/AlarmManager(  885):  whichBatch = -1
D/AlarmManager(  885): rebatchAllAlarmsLocked  batch.size() = 1
D/AlarmManager(  885):  whichBatch = -1
D/AlarmManager(  885): rebatchAllAlarmsLocked  batch.size() = 6
D/AlarmManager(  885):  whichBatch = -2
D/AlarmManager(  885):  whichBatch = 41
D/AlarmManager(  885):  whichBatch = 41
D/AlarmManager(  885):  whichBatch = 41
D/AlarmManager(  885):  whichBatch = 42
D/AlarmManager(  885):  whichBatch = 42
D/AlarmManager(  885): rebatchAllAlarmsLocked  batch.size() = 1
D/AlarmManager(  885):  whichBatch = -2
D/AlarmManager(  885): rebatchAllAlarmsLocked  batch.size() = 1
D/AlarmManager(  885):  whichBatch = -1
D/AlarmManager(  885): rebatchAllAlarmsLocked  batch.size() = 1
D/AlarmManager(  885):  whichBatch = -1
D/AlarmManager(  885): rebatchAllAlarmsLocked  batch.size() = 1
D/AlarmManager(  885):  whichBatch = -1
D/AlarmManager(  885): rebatchAllAlarmsLocked  batch.size() = 4
D/AlarmManager(  885):  whichBatch = -2
D/AlarmManager(  885):  whichBatch = 48
D/AlarmManager(  885):  whichBatch = 48
D/AlarmManager(  885):  whichBatch = 48
D/AlarmManager(  885): rebatchAllAlarmsLocked  batch.size() = 1
D/AlarmManager(  885):  whichBatch = -2
D/AlarmManager(  885): rebatchAllAlarmsLocked  batch.size() = 1
D/AlarmManager(  885):  whichBatch = -1
D/AlarmManager(  885): rebatchAllAlarmsLocked  batch.size() = 1
D/AlarmManager(  885):  whichBatch = -1
D/AlarmManager(  885): rebatchAllAlarmsLocked  batch.size() = 5
D/AlarmManager(  885):  whichBatch = -2
D/AlarmManager(  885):  whichBatch = 50
D/AlarmManager(  885):  whichBatch = 50
D/AlarmManager(  885):  whichBatch = 50
D/AlarmManager(  885):  whichBatch = 51
D/AlarmManager(  885): rebatchAllAlarmsLocked  batch.size() = 2
D/AlarmManager(  885):  whichBatch = -2
D/AlarmManager(  885):  whichBatch = 53
D/AlarmManager(  885): rebatchAllAlarmsLocked  batch.size() = 1
D/AlarmManager(  885):  whichBatch = -2
D/AlarmManager(  885): rebatchAllAlarmsLocked  batch.size() = 1
D/AlarmManager(  885):  whichBatch = -2
D/AlarmManager(  885): rebatchAllAlarmsLocked  batch.size() = 1
D/AlarmManager(  885):  whichBatch = -2
D/AlarmManager(  885): rebatchAllAlarmsLocked  batch.size() = 4
D/AlarmManager(  885):  whichBatch = -2
D/AlarmManager(  885):  whichBatch = 57
D/AlarmManager(  885):  whichBatch = 57
D/AlarmManager(  885):  whichBatch = 57
D/AlarmManager(  885): rebatchAllAlarmsLocked  batch.size() = 2
D/AlarmManager(  885):  whichBatch = -2
D/AlarmManager(  885):  whichBatch = 58
D/AlarmManager(  885): rebatchAllAlarmsLocked  batch.size() = 1
D/AlarmManager(  885):  whichBatch = -2
D/AlarmManager(  885): rebatchAllAlarmsLocked  batch.size() = 2
D/AlarmManager(  885):  whichBatch = -2
D/AlarmManager(  885):  whichBatch = 60
D/AlarmManager(  885): rebatchAllAlarmsLocked  batch.size() = 5
D/AlarmManager(  885):  whichBatch = -2
D/AlarmManager(  885):  whichBatch = 61
D/AlarmManager(  885):  whichBatch = 61
D/AlarmManager(  885):  whichBatch = 61
D/AlarmManager(  885):  whichBatch = 61
D/AlarmManager(  885): rebatchAllAlarmsLocked  batch.size() = 1
D/AlarmManager(  885):  whichBatch = -1
D/AlarmManager(  885): rebatchAllAlarmsLocked  batch.size() = 2
D/AlarmManager(  885):  whichBatch = -2
D/AlarmManager(  885):  whichBatch = 63
D/AlarmManager(  885): rebatchAllAlarmsLocked  batch.size() = 1
D/AlarmManager(  885):  whichBatch = -1
D/AlarmManager(  885): rebatchAllAlarmsLocked  batch.size() = 1
D/AlarmManager(  885):  whichBatch = -1
D/AlarmManager(  885): rebatchAllAlarmsLocked  batch.size() = 11
D/AlarmManager(  885):  whichBatch = -2
D/AlarmManager(  885):  whichBatch = 66
D/AlarmManager(  885):  whichBatch = 66
D/AlarmManager(  885):  whichBatch = 66
D/AlarmManager(  885):  whichBatch = 66
D/AlarmManager(  885):  whichBatch = 66
D/AlarmManager(  885):  whichBatch = 66
D/AlarmManager(  885):  whichBatch = 66
D/AlarmManager(  885):  whichBatch = 66
D/AlarmManager(  885):  whichBatch = 66
D/AlarmManager(  885):  whichBatch = 66
D/AlarmManager(  885): rebatchAllAlarmsLocked end
D/AlarmManager(  885):  whichBatch = -2
D/AlarmManager(  885): set alarm to RTC 330000709
D/PMS     (  885): releaseWakeLockInternal: lock=485682447 [*net_scheduler*], flags=0x0, total_time=38ms
D/PMS     (  885): releaseWL(104be8b4): PARTIAL_WAKE_LOCK  *net_scheduler* 0x1 WorkSource{10018 com.google.android.gms}
D/PMN     (  885): onWakeLockReleased: flags=1, tag="*net_scheduler*", packageName=com.google.android.gms, ownerUid=10018, ownerPid=1735, workSource=WorkSource{10018 com.google.android.gms}
D/PMS     (  885): updateWakeLockSummaryLocked: mWakefulness=Awake, mWakeLockSummary=0x0
D/PMS     (  885): updateUserActivitySummaryLocked: mWakefulness=Awake, mUserActivitySummary=0x1,155064672,1,7000,3600000, nextTimeout=158261225 (in 3196553 ms)
D/PMS     (  885): mDisplayPowerRequest.policy = 3
D/WifiDisplayAdapter(  885): getWifiDisplayStatusLocked: result=WifiDisplayStatus{featureState=2, scanState=0, activeDisplayState=0, activeDisplay=null, displays=[Smart TV-6488 (fc:a3:86:e5:62:64), isAvailable false, canConnect false, isRemembered true], sessionInfo=WifiDisplaySessionInfo: C/O:Client,GId:,Pp:,SId:0,IP:}
D/PMS     (  885): isWfdEnabled() mWfdStatus=WifiDisplayStatus{featureState=2, scanState=0, activeDisplayState=0, activeDisplay=null, displays=[Smart TV-6488 (fc:a3:86:e5:62:64), isAvailable false, canConnect false, isRemembered true], sessionInfo=WifiDisplaySessionInfo: C/O:Client,GId:,Pp:,SId:0,IP:}, return false
D/XAN-DPC (  885): requestPowerState: policy=BRIGHT, useProximitySensor=false, screenBrightness=30, screenAutoBrightnessAdjustment=0.0, useAutoBrightness=false, blockScreenOn=false, lowPowerMode=false, boostScreenBrightness=false, dozeScreenBrightness=-1, useOverrideBrightness=false, useBrightnessFWM=false, inMiracastFeatureMode=false, screenAutoBrightnessPercentage=100, dozeScreenState=UNKNOWN, waitForNegativeProximity=false
I/PMS     (  885): setBrightness mButtonLight 0.
D/PMS     (  885): Releasing suspend blocker "PowerManagerService.WakeLocks".
D/VoldConnector(  885): SND -> {522055 volume mkdirs /storage/ext_sd/Android/data/com.cleanmaster.mguard/files/}
D/FrameworkListener(  340): dispatchCommand data = (522055 volume mkdirs /storage/ext_sd/Android/data/com.cleanmaster.mguard/files/)
D/VoldCmdListener(  340): volume mkdirs /storage/ext_sd/Android/data/com.cleanmaster.mguard/files/
E/VolumeManager(  340): Failed to find mounted volume for /storage/ext_sd/Android/data/com.cleanmaster.mguard/files/
W/Vold    (  340): Returning OperationFailed - no handler for errno 0
D/SocketClient(  340): SocketClient sendData done: 400 522055 volume operation failed (Success)
D/VoldConnector(  885): RCV <- {400 522055 volume operation failed (Success)}
D/VoldConnector(  885): RMV <- {400 522055 volume operation failed (Success)}
W/ContextImpl(23118): Failed to ensure directory: /storage/ext_sd/Android/data/com.cleanmaster.mguard/files
D/VoldConnector(  885): SND -> {522056 volume mkdirs /storage/ext_sd/Android/data/com.cleanmaster.mguard/files/}
D/FrameworkListener(  340): dispatchCommand data = (522056 volume mkdirs /storage/ext_sd/Android/data/com.cleanmaster.mguard/files/)
D/VoldCmdListener(  340): volume mkdirs /storage/ext_sd/Android/data/com.cleanmaster.mguard/files/
E/VolumeManager(  340): Failed to find mounted volume for /storage/ext_sd/Android/data/com.cleanmaster.mguard/files/
W/Vold    (  340): Returning OperationFailed - no handler for errno 0
D/SocketClient(  340): SocketClient sendData done: 400 522056 volume operation failed (Success)
D/VoldConnector(  885): RCV <- {400 522056 volume operation failed (Success)}
D/VoldConnector(  885): RMV <- {400 522056 volume operation failed (Success)}
W/ContextImpl(23118): Failed to ensure directory: /storage/ext_sd/Android/data/com.cleanmaster.mguard/files
D/VoldConnector(  885): SND -> {522057 volume mkdirs /storage/ext_sd/Android/data/com.cleanmaster.mguard/files/}
D/FrameworkListener(  340): dispatchCommand data = (522057 volume mkdirs /storage/ext_sd/Android/data/com.cleanmaster.mguard/files/)
D/VoldCmdListener(  340): volume mkdirs /storage/ext_sd/Android/data/com.cleanmaster.mguard/files/
E/VolumeManager(  340): Failed to find mounted volume for /storage/ext_sd/Android/data/com.cleanmaster.mguard/files/
W/Vold    (  340): Returning OperationFailed - no handler for errno 0
D/SocketClient(  340): SocketClient sendData done: 400 522057 volume operation failed (Success)
D/VoldConnector(  885): RCV <- {400 522057 volume operation failed (Success)}
D/VoldConnector(  885): RMV <- {400 522057 volume operation failed (Success)}
W/ContextImpl(23118): Failed to ensure directory: /storage/ext_sd/Android/data/com.cleanmaster.mguard/files
D/ActivityThread( 1735): SVC-UNBIND_SERVICE handled : 0 / BindServiceData{token=android.os.BinderProxy@34bda736 intent=Intent { act=com.google.android.gms.udc.service.START pkg=com.google.android.gms }}
D/ActivityThread( 1735): SVC-Destroying service: com.google.android.gms.udc.service.UdcApiService@13c62909
D/ActivityThread( 1735): SVC-STOP_SERVICE handled : 0 / android.os.BinderProxy@34bda736
D/ActivityThread( 1735): SVC-UNBIND_SERVICE handled : 0 / BindServiceData{token=android.os.BinderProxy@14f60d47 intent=Intent { act=com.google.android.gms.lockbox.service.START pkg=com.google.android.gms }}
D/ActivityThread( 1735): SVC-Destroying service: com.google.android.gms.lockbox.service.LockboxBrokerService@8a602b3
D/ActivityThread( 1735): SVC-STOP_SERVICE handled : 0 / android.os.BinderProxy@14f60d47
D/ActivityThread( 1735): SVC-UNBIND_SERVICE handled : 0 / BindServiceData{token=android.os.BinderProxy@3a0a1086 intent=Intent { act=com.google.android.gms.usagereporting.service.START pkg=com.google.android.gms }}
D/ActivityThread( 1735): SVC-Destroying service: com.google.android.gms.usagereporting.service.UsageReportingService@cf3e070
D/ActivityThread( 1735): SVC-STOP_SERVICE handled : 0 / android.os.BinderProxy@3a0a1086
D/ActivityThread( 1735): SVC-UNBIND_SERVICE handled : 0 / BindServiceData{token=android.os.BinderProxy@2644aadc intent=Intent { act=com.google.android.gms.phenotype.service.START pkg=com.google.android.gms }}
D/ActivityThread( 1735): SVC-Destroying service: com.google.android.gms.phenotype.service.PhenotypeService@18d8dfe9
D/ActivityThread( 1735): SVC-STOP_SERVICE handled : 0 / android.os.BinderProxy@2644aadc
D/VoldConnector(  885): SND -> {522058 volume mkdirs /storage/ext_sd/Android/data/com.cleanmaster.mguard/files/}
D/FrameworkListener(  340): dispatchCommand data = (522058 volume mkdirs /storage/ext_sd/Android/data/com.cleanmaster.mguard/files/)
D/VoldCmdListener(  340): volume mkdirs /storage/ext_sd/Android/data/com.cleanmaster.mguard/files/
E/VolumeManager(  340): Failed to find mounted volume for /storage/ext_sd/Android/data/com.cleanmaster.mguard/files/
W/Vold    (  340): Returning OperationFailed - no handler for errno 0
D/SocketClient(  340): SocketClient sendData done: 400 522058 volume operation failed (Success)
D/VoldConnector(  885): RCV <- {400 522058 volume operation failed (Success)}
D/VoldConnector(  885): RMV <- {400 522058 volume operation failed (Success)}
W/ContextImpl(23118): Failed to ensure directory: /storage/ext_sd/Android/data/com.cleanmaster.mguard/files
D/VoldConnector(  885): SND -> {522059 volume mkdirs /storage/ext_sd/Android/data/com.cleanmaster.mguard/files/}
D/FrameworkListener(  340): dispatchCommand data = (522059 volume mkdirs /storage/ext_sd/Android/data/com.cleanmaster.mguard/files/)
D/VoldCmdListener(  340): volume mkdirs /storage/ext_sd/Android/data/com.cleanmaster.mguard/files/
E/VolumeManager(  340): Failed to find mounted volume for /storage/ext_sd/Android/data/com.cleanmaster.mguard/files/
W/Vold    (  340): Returning OperationFailed - no handler for errno 0
D/SocketClient(  340): SocketClient sendData done: 400 522059 volume operation failed (Success)
D/VoldConnector(  885): RCV <- {400 522059 volume operation failed (Success)}
D/VoldConnector(  885): RMV <- {400 522059 volume operation failed (Success)}
W/ContextImpl(23118): Failed to ensure directory: /storage/ext_sd/Android/data/com.cleanmaster.mguard/files
D/VoldConnector(  885): SND -> {522060 volume mkdirs /storage/ext_sd/Android/data/com.cleanmaster.mguard/files/}
D/FrameworkListener(  340): dispatchCommand data = (522060 volume mkdirs /storage/ext_sd/Android/data/com.cleanmaster.mguard/files/)
D/VoldCmdListener(  340): volume mkdirs /storage/ext_sd/Android/data/com.cleanmaster.mguard/files/
E/VolumeManager(  340): Failed to find mounted volume for /storage/ext_sd/Android/data/com.cleanmaster.mguard/files/
W/Vold    (  340): Returning OperationFailed - no handler for errno 0
D/SocketClient(  340): SocketClient sendData done: 400 522060 volume operation failed (Success)
D/VoldConnector(  885): RCV <- {400 522060 volume operation failed (Success)}
D/VoldConnector(  885): RMV <- {400 522060 volume operation failed (Success)}
W/ContextImpl(23118): Failed to ensure directory: /storage/ext_sd/Android/data/com.cleanmaster.mguard/files
D/VoldConnector(  885): SND -> {522061 volume mkdirs /storage/ext_sd/Android/data/com.cleanmaster.mguard/files/}
D/FrameworkListener(  340): dispatchCommand data = (522061 volume mkdirs /storage/ext_sd/Android/data/com.cleanmaster.mguard/files/)
D/VoldCmdListener(  340): volume mkdirs /storage/ext_sd/Android/data/com.cleanmaster.mguard/files/
E/VolumeManager(  340): Failed to find mounted volume for /storage/ext_sd/Android/data/com.cleanmaster.mguard/files/
W/Vold    (  340): Returning OperationFailed - no handler for errno 0
D/SocketClient(  340): SocketClient sendData done: 400 522061 volume operation failed (Success)
D/VoldConnector(  885): RCV <- {400 522061 volume operation failed (Success)}
D/VoldConnector(  885): RMV <- {400 522061 volume operation failed (Success)}
W/ContextImpl(23118): Failed to ensure directory: /storage/ext_sd/Android/data/com.cleanmaster.mguard/files
W/ADB_SERVICES( 4313): create_local_service_socket() name=shell:export ANDROID_LOG_TAGS="''"; exec logcat '-d'
W/ADB_SERVICES( 4313): service_to_fd() name=shell:export ANDROID_LOG_TAGS="''"; exec logcat '-d'
W/ADB_SERVICES( 4313): read_meminfo() mem_free=87300
W/ADB_SERVICES( 4313): create_subproc ret_fd=21 pid=9941
W/ADB_SERVICES( 4313): LS(1435): bound to 'shell:export ANDROID_LOG_TAGS="''"; exec logcat '-d'' via 21
W/ADB_SERVICES( 9941): adb: unable to update oom_score_adj
D/VoldConnector(  885): SND -> {522062 volume mkdirs /storage/ext_sd/Android/data/com.cleanmaster.mguard/files/}
D/FrameworkListener(  340): dispatchCommand data = (522062 volume mkdirs /storage/ext_sd/Android/data/com.cleanmaster.mguard/files/)
D/VoldCmdListener(  340): volume mkdirs /storage/ext_sd/Android/data/com.cleanmaster.mguard/files/
E/VolumeManager(  340): Failed to find mounted volume for /storage/ext_sd/Android/data/com.cleanmaster.mguard/files/
W/Vold    (  340): Returning OperationFailed - no handler for errno 0
D/SocketClient(  340): SocketClient sendData done: 400 522062 volume operation failed (Success)
D/VoldConnector(  885): RCV <- {400 522062 volume operation failed (Success)}
D/VoldConnector(  885): RMV <- {400 522062 volume operation failed (Success)}
W/ContextImpl(23118): Failed to ensure directory: /storage/ext_sd/Android/data/com.cleanmaster.mguard/files
E/memtrack_graphic(  885): open dir: /d/ion/clients/.
D/VoldConnector(  885): SND -> {522063 volume mkdirs /storage/ext_sd/Android/data/com.cleanmaster.mguard/files/}
D/FrameworkListener(  340): dispatchCommand data = (522063 volume mkdirs /storage/ext_sd/Android/data/com.cleanmaster.mguard/files/)
D/VoldCmdListener(  340): volume mkdirs /storage/ext_sd/Android/data/com.cleanmaster.mguard/files/
E/VolumeManager(  340): Failed to find mounted volume for /storage/ext_sd/Android/data/com.cleanmaster.mguard/files/
W/Vold    (  340): Returning OperationFailed - no handler for errno 0
D/SocketClient(  340): SocketClient sendData done: 400 522063 volume operation failed (Success)
D/VoldConnector(  885): RCV <- {400 522063 volume operation failed (Success)}
D/VoldConnector(  885): RMV <- {400 522063 volume operation failed (Success)}
W/ContextImpl(23118): Failed to ensure directory: /storage/ext_sd/Android/data/com.cleanmaster.mguard/files
